/home/compiler_gfx/tilelang/mcDeepGEMM/third-party/DeepSelect/tests/test.py:9: UserWarning: Could not find flash_attn package installed. Please try to install flash_attn whl pacakge using pip command and make sure it can be imported properly
  import torch
================
[     1/    95,  0%] Running on TestParam(batch_size=6, vocab_size=256, topk=512, sorted_value=False, sorted_index=False, return_value=False, dtype=torch.bfloat16, out_idx_dtype=torch.int32, enable_end_position=False, enable_output_idx_offset=False, input_distrib=NormalFloatDistribution(), idx_oob_fill_value=-2147483647, value_oob_fill_value=-1234123412341234, seed=0, check_correctness=True, num_runs=10)
topk           :     3.507 us, 0.004 TB/s
================
[     2/    95,  1%] Running on TestParam(batch_size=6, vocab_size=1024, topk=512, sorted_value=False, sorted_index=False, return_value=False, dtype=torch.bfloat16, out_idx_dtype=torch.int32, enable_end_position=False, enable_output_idx_offset=False, input_distrib=NormalFloatDistribution(), idx_oob_fill_value=-2147483647, value_oob_fill_value=-1234123412341234, seed=1, check_correctness=True, num_runs=10)
topk           :    16.691 us, 0.001 TB/s
torch.topk     :    25.933 us, 0.001 TB/s  (speedup 1.55x)
================
[     3/    95,  2%] Running on TestParam(batch_size=6, vocab_size=4096, topk=512, sorted_value=False, sorted_index=False, return_value=False, dtype=torch.bfloat16, out_idx_dtype=torch.int32, enable_end_position=False, enable_output_idx_offset=False, input_distrib=NormalFloatDistribution(), idx_oob_fill_value=-2147483647, value_oob_fill_value=-1234123412341234, seed=2, check_correctness=True, num_runs=10)
topk           :    18.509 us, 0.003 TB/s
torch.topk     :    51.251 us, 0.001 TB/s  (speedup 2.77x)
================
[     4/    95,  3%] Running on TestParam(batch_size=6, vocab_size=16384, topk=512, sorted_value=False, sorted_index=False, return_value=False, dtype=torch.bfloat16, out_idx_dtype=torch.int32, enable_end_position=False, enable_output_idx_offset=False, input_distrib=NormalFloatDistribution(), idx_oob_fill_value=-2147483647, value_oob_fill_value=-1234123412341234, seed=3, check_correctness=True, num_runs=10)
topk           :    29.491 us, 0.007 TB/s
torch.topk     :   140.058 us, 0.001 TB/s  (speedup 4.75x)
================
[     5/    95,  4%] Running on TestParam(batch_size=6, vocab_size=65536, topk=512, sorted_value=False, sorted_index=False, return_value=False, dtype=torch.bfloat16, out_idx_dtype=torch.int32, enable_end_position=False, enable_output_idx_offset=False, input_distrib=NormalFloatDistribution(), idx_oob_fill_value=-2147483647, value_oob_fill_value=-1234123412341234, seed=4, check_correctness=True, num_runs=10)
topk           :    53.811 us, 0.015 TB/s
torch.topk     :   177.766 us, 0.004 TB/s  (speedup 3.30x)
================
[     6/    95,  5%] Running on TestParam(batch_size=6, vocab_size=131072, topk=512, sorted_value=False, sorted_index=False, return_value=False, dtype=torch.bfloat16, out_idx_dtype=torch.int32, enable_end_position=False, enable_output_idx_offset=False, input_distrib=NormalFloatDistribution(), idx_oob_fill_value=-2147483647, value_oob_fill_value=-1234123412341234, seed=5, check_correctness=True, num_runs=10)
topk           :    85.018 us, 0.019 TB/s
torch.topk     :   222.182 us, 0.007 TB/s  (speedup 2.61x)
================
[     7/    95,  6%] Running on TestParam(batch_size=6, vocab_size=262144, topk=512, sorted_value=False, sorted_index=False, return_value=False, dtype=torch.bfloat16, out_idx_dtype=torch.int32, enable_end_position=False, enable_output_idx_offset=False, input_distrib=NormalFloatDistribution(), idx_oob_fill_value=-2147483647, value_oob_fill_value=-1234123412341234, seed=6, check_correctness=True, num_runs=10)
topk           :    82.970 us, 0.038 TB/s
torch.topk     :   264.883 us, 0.012 TB/s  (speedup 3.19x)
================
[     8/    95,  7%] Running on TestParam(batch_size=6, vocab_size=524288, topk=512, sorted_value=False, sorted_index=False, return_value=False, dtype=torch.bfloat16, out_idx_dtype=torch.int32, enable_end_position=False, enable_output_idx_offset=False, input_distrib=NormalFloatDistribution(), idx_oob_fill_value=-2147483647, value_oob_fill_value=-1234123412341234, seed=7, check_correctness=True, num_runs=10)
topk           :    82.074 us, 0.077 TB/s
torch.topk     :   300.646 us, 0.021 TB/s  (speedup 3.66x)
================
[     9/    95,  8%] Running on TestParam(batch_size=6, vocab_size=1048576, topk=512, sorted_value=False, sorted_index=False, return_value=False, dtype=torch.bfloat16, out_idx_dtype=torch.int32, enable_end_position=False, enable_output_idx_offset=False, input_distrib=NormalFloatDistribution(), idx_oob_fill_value=-2147483647, value_oob_fill_value=-1234123412341234, seed=8, check_correctness=True, num_runs=10)
topk           :   111.334 us, 0.113 TB/s
torch.topk     :   372.608 us, 0.034 TB/s  (speedup 3.35x)
================
[    10/    95,  9%] Running on TestParam(batch_size=256, vocab_size=256, topk=512, sorted_value=False, sorted_index=False, return_value=False, dtype=torch.bfloat16, out_idx_dtype=torch.int32, enable_end_position=False, enable_output_idx_offset=False, input_distrib=NormalFloatDistribution(), idx_oob_fill_value=-2147483647, value_oob_fill_value=-1234123412341234, seed=9, check_correctness=True, num_runs=10)
topk           :     5.683 us, 0.115 TB/s
================
[    11/    95, 11%] Running on TestParam(batch_size=256, vocab_size=1024, topk=512, sorted_value=False, sorted_index=False, return_value=False, dtype=torch.bfloat16, out_idx_dtype=torch.int32, enable_end_position=False, enable_output_idx_offset=False, input_distrib=NormalFloatDistribution(), idx_oob_fill_value=-2147483647, value_oob_fill_value=-1234123412341234, seed=10, check_correctness=True, num_runs=10)
topk           :    32.666 us, 0.032 TB/s
torch.topk     :    60.032 us, 0.017 TB/s  (speedup 1.84x)
================
[    12/    95, 12%] Running on TestParam(batch_size=256, vocab_size=4096, topk=512, sorted_value=False, sorted_index=False, return_value=False, dtype=torch.bfloat16, out_idx_dtype=torch.int32, enable_end_position=False, enable_output_idx_offset=False, input_distrib=NormalFloatDistribution(), idx_oob_fill_value=-2147483647, value_oob_fill_value=-1234123412341234, seed=11, check_correctness=True, num_runs=10)
topk           :    41.882 us, 0.063 TB/s
torch.topk     :   213.171 us, 0.012 TB/s  (speedup 5.09x)
================
[    13/    95, 13%] Running on TestParam(batch_size=256, vocab_size=16384, topk=512, sorted_value=False, sorted_index=False, return_value=False, dtype=torch.bfloat16, out_idx_dtype=torch.int32, enable_end_position=False, enable_output_idx_offset=False, input_distrib=NormalFloatDistribution(), idx_oob_fill_value=-2147483647, value_oob_fill_value=-1234123412341234, seed=12, check_correctness=True, num_runs=10)
topk           :    68.250 us, 0.131 TB/s
torch.topk     :   319.616 us, 0.028 TB/s  (speedup 4.68x)
================
[    14/    95, 14%] Running on TestParam(batch_size=256, vocab_size=65536, topk=512, sorted_value=False, sorted_index=False, return_value=False, dtype=torch.bfloat16, out_idx_dtype=torch.int32, enable_end_position=False, enable_output_idx_offset=False, input_distrib=NormalFloatDistribution(), idx_oob_fill_value=-2147483647, value_oob_fill_value=-1234123412341234, seed=13, check_correctness=True, num_runs=10)
topk           :   174.157 us, 0.196 TB/s
torch.topk     :   706.944 us, 0.048 TB/s  (speedup 4.06x)
================
[    15/    95, 15%] Running on TestParam(batch_size=256, vocab_size=131072, topk=512, sorted_value=False, sorted_index=False, return_value=False, dtype=torch.bfloat16, out_idx_dtype=torch.int32, enable_end_position=False, enable_output_idx_offset=False, input_distrib=NormalFloatDistribution(), idx_oob_fill_value=-2147483647, value_oob_fill_value=-1234123412341234, seed=14, check_correctness=True, num_runs=10)
topk           :   281.011 us, 0.241 TB/s
torch.topk     :  1210.650 us, 0.056 TB/s  (speedup 4.31x)
================
[    16/    95, 16%] Running on TestParam(batch_size=256, vocab_size=262144, topk=512, sorted_value=False, sorted_index=False, return_value=False, dtype=torch.bfloat16, out_idx_dtype=torch.int32, enable_end_position=False, enable_output_idx_offset=False, input_distrib=NormalFloatDistribution(), idx_oob_fill_value=-2147483647, value_oob_fill_value=-1234123412341234, seed=15, check_correctness=True, num_runs=10)
topk           :   489.677 us, 0.275 TB/s
torch.topk     :  2046.464 us, 0.066 TB/s  (speedup 4.18x)
================
[    17/    95, 17%] Running on TestParam(batch_size=256, vocab_size=524288, topk=512, sorted_value=False, sorted_index=False, return_value=False, dtype=torch.bfloat16, out_idx_dtype=torch.int32, enable_end_position=False, enable_output_idx_offset=False, input_distrib=NormalFloatDistribution(), idx_oob_fill_value=-2147483647, value_oob_fill_value=-1234123412341234, seed=16, check_correctness=True, num_runs=10)
topk           :   898.074 us, 0.299 TB/s
torch.topk     :  3683.354 us, 0.073 TB/s  (speedup 4.10x)
================
[    18/    95, 18%] Running on TestParam(batch_size=256, vocab_size=1048576, topk=512, sorted_value=False, sorted_index=False, return_value=False, dtype=torch.bfloat16, out_idx_dtype=torch.int32, enable_end_position=False, enable_output_idx_offset=False, input_distrib=NormalFloatDistribution(), idx_oob_fill_value=-2147483647, value_oob_fill_value=-1234123412341234, seed=17, check_correctness=True, num_runs=10)
topk           :  1714.739 us, 0.313 TB/s
torch.topk     :  6959.411 us, 0.077 TB/s  (speedup 4.06x)
================
[    19/    95, 19%] Running on TestParam(batch_size=512, vocab_size=256, topk=512, sorted_value=False, sorted_index=False, return_value=False, dtype=torch.bfloat16, out_idx_dtype=torch.int32, enable_end_position=False, enable_output_idx_offset=False, input_distrib=NormalFloatDistribution(), idx_oob_fill_value=-2147483647, value_oob_fill_value=-1234123412341234, seed=18, check_correctness=True, num_runs=10)
topk           :     7.168 us, 0.183 TB/s
================
[    20/    95, 20%] Running on TestParam(batch_size=512, vocab_size=1024, topk=512, sorted_value=False, sorted_index=False, return_value=False, dtype=torch.bfloat16, out_idx_dtype=torch.int32, enable_end_position=False, enable_output_idx_offset=False, input_distrib=NormalFloatDistribution(), idx_oob_fill_value=-2147483647, value_oob_fill_value=-1234123412341234, seed=19, check_correctness=True, num_runs=10)
topk           :    44.365 us, 0.047 TB/s
torch.topk     :    92.134 us, 0.023 TB/s  (speedup 2.08x)
================
[    21/    95, 21%] Running on TestParam(batch_size=512, vocab_size=4096, topk=512, sorted_value=False, sorted_index=False, return_value=False, dtype=torch.bfloat16, out_idx_dtype=torch.int32, enable_end_position=False, enable_output_idx_offset=False, input_distrib=NormalFloatDistribution(), idx_oob_fill_value=-2147483647, value_oob_fill_value=-1234123412341234, seed=20, check_correctness=True, num_runs=10)
topk           :    56.832 us, 0.092 TB/s
torch.topk     :   253.722 us, 0.021 TB/s  (speedup 4.46x)
================
[    22/    95, 22%] Running on TestParam(batch_size=512, vocab_size=16384, topk=512, sorted_value=False, sorted_index=False, return_value=False, dtype=torch.bfloat16, out_idx_dtype=torch.int32, enable_end_position=False, enable_output_idx_offset=False, input_distrib=NormalFloatDistribution(), idx_oob_fill_value=-2147483647, value_oob_fill_value=-1234123412341234, seed=21, check_correctness=True, num_runs=10)
topk           :    99.405 us, 0.179 TB/s
torch.topk     :   463.872 us, 0.038 TB/s  (speedup 4.67x)
================
[    23/    95, 23%] Running on TestParam(batch_size=512, vocab_size=65536, topk=512, sorted_value=False, sorted_index=False, return_value=False, dtype=torch.bfloat16, out_idx_dtype=torch.int32, enable_end_position=False, enable_output_idx_offset=False, input_distrib=NormalFloatDistribution(), idx_oob_fill_value=-2147483647, value_oob_fill_value=-1234123412341234, seed=22, check_correctness=True, num_runs=10)
topk           :   285.901 us, 0.238 TB/s
torch.topk     :  1202.586 us, 0.057 TB/s  (speedup 4.21x)
================
[    24/    95, 24%] Running on TestParam(batch_size=512, vocab_size=131072, topk=512, sorted_value=False, sorted_index=False, return_value=False, dtype=torch.bfloat16, out_idx_dtype=torch.int32, enable_end_position=False, enable_output_idx_offset=False, input_distrib=NormalFloatDistribution(), idx_oob_fill_value=-2147483647, value_oob_fill_value=-1234123412341234, seed=23, check_correctness=True, num_runs=10)
topk           :   466.765 us, 0.290 TB/s
torch.topk     :  2147.840 us, 0.063 TB/s  (speedup 4.60x)
================
[    25/    95, 25%] Running on TestParam(batch_size=512, vocab_size=262144, topk=512, sorted_value=False, sorted_index=False, return_value=False, dtype=torch.bfloat16, out_idx_dtype=torch.int32, enable_end_position=False, enable_output_idx_offset=False, input_distrib=NormalFloatDistribution(), idx_oob_fill_value=-2147483647, value_oob_fill_value=-1234123412341234, seed=24, check_correctness=True, num_runs=10)
topk           :   820.173 us, 0.329 TB/s
torch.topk     :  3788.595 us, 0.071 TB/s  (speedup 4.62x)
================
[    26/    95, 26%] Running on TestParam(batch_size=512, vocab_size=524288, topk=512, sorted_value=False, sorted_index=False, return_value=False, dtype=torch.bfloat16, out_idx_dtype=torch.int32, enable_end_position=False, enable_output_idx_offset=False, input_distrib=NormalFloatDistribution(), idx_oob_fill_value=-2147483647, value_oob_fill_value=-1234123412341234, seed=25, check_correctness=True, num_runs=10)
topk           :  1517.824 us, 0.354 TB/s
torch.topk     :  7045.786 us, 0.076 TB/s  (speedup 4.64x)
================
[    27/    95, 27%] Running on TestParam(batch_size=512, vocab_size=1048576, topk=512, sorted_value=False, sorted_index=False, return_value=False, dtype=torch.bfloat16, out_idx_dtype=torch.int32, enable_end_position=False, enable_output_idx_offset=False, input_distrib=NormalFloatDistribution(), idx_oob_fill_value=-2147483647, value_oob_fill_value=-1234123412341234, seed=26, check_correctness=True, num_runs=10)
topk           :  2901.478 us, 0.370 TB/s
torch.topk     : 13618.637 us, 0.079 TB/s  (speedup 4.69x)
================
[    28/    95, 28%] Running on TestParam(batch_size=768, vocab_size=256, topk=512, sorted_value=False, sorted_index=False, return_value=False, dtype=torch.bfloat16, out_idx_dtype=torch.int32, enable_end_position=False, enable_output_idx_offset=False, input_distrib=NormalFloatDistribution(), idx_oob_fill_value=-2147483647, value_oob_fill_value=-1234123412341234, seed=27, check_correctness=True, num_runs=10)
topk           :     8.525 us, 0.231 TB/s
================
[    29/    95, 29%] Running on TestParam(batch_size=768, vocab_size=1024, topk=512, sorted_value=False, sorted_index=False, return_value=False, dtype=torch.bfloat16, out_idx_dtype=torch.int32, enable_end_position=False, enable_output_idx_offset=False, input_distrib=NormalFloatDistribution(), idx_oob_fill_value=-2147483647, value_oob_fill_value=-1234123412341234, seed=28, check_correctness=True, num_runs=10)
topk           :    57.498 us, 0.055 TB/s
torch.topk     :   126.592 us, 0.025 TB/s  (speedup 2.20x)
================
[    30/    95, 31%] Running on TestParam(batch_size=768, vocab_size=4096, topk=512, sorted_value=False, sorted_index=False, return_value=False, dtype=torch.bfloat16, out_idx_dtype=torch.int32, enable_end_position=False, enable_output_idx_offset=False, input_distrib=NormalFloatDistribution(), idx_oob_fill_value=-2147483647, value_oob_fill_value=-1234123412341234, seed=29, check_correctness=True, num_runs=10)
topk           :    75.392 us, 0.104 TB/s
torch.topk     :   309.043 us, 0.025 TB/s  (speedup 4.10x)
================
[    31/    95, 32%] Running on TestParam(batch_size=768, vocab_size=16384, topk=512, sorted_value=False, sorted_index=False, return_value=False, dtype=torch.bfloat16, out_idx_dtype=torch.int32, enable_end_position=False, enable_output_idx_offset=False, input_distrib=NormalFloatDistribution(), idx_oob_fill_value=-2147483647, value_oob_fill_value=-1234123412341234, seed=30, check_correctness=True, num_runs=10)
topk           :   138.291 us, 0.193 TB/s
torch.topk     :   688.307 us, 0.039 TB/s  (speedup 4.98x)
================
[    32/    95, 33%] Running on TestParam(batch_size=768, vocab_size=65536, topk=512, sorted_value=False, sorted_index=False, return_value=False, dtype=torch.bfloat16, out_idx_dtype=torch.int32, enable_end_position=False, enable_output_idx_offset=False, input_distrib=NormalFloatDistribution(), idx_oob_fill_value=-2147483647, value_oob_fill_value=-1234123412341234, seed=31, check_correctness=True, num_runs=10)
topk           :   441.267 us, 0.232 TB/s
torch.topk     :  1669.709 us, 0.061 TB/s  (speedup 3.78x)
================
[    33/    95, 34%] Running on TestParam(batch_size=768, vocab_size=131072, topk=512, sorted_value=False, sorted_index=False, return_value=False, dtype=torch.bfloat16, out_idx_dtype=torch.int32, enable_end_position=False, enable_output_idx_offset=False, input_distrib=NormalFloatDistribution(), idx_oob_fill_value=-2147483647, value_oob_fill_value=-1234123412341234, seed=32, check_correctness=True, num_runs=10)
topk           :   730.240 us, 0.278 TB/s
torch.topk     :  3082.368 us, 0.066 TB/s  (speedup 4.22x)
================
[    34/    95, 35%] Running on TestParam(batch_size=768, vocab_size=262144, topk=512, sorted_value=False, sorted_index=False, return_value=False, dtype=torch.bfloat16, out_idx_dtype=torch.int32, enable_end_position=False, enable_output_idx_offset=False, input_distrib=NormalFloatDistribution(), idx_oob_fill_value=-2147483647, value_oob_fill_value=-1234123412341234, seed=33, check_correctness=True, num_runs=10)
topk           :  1286.733 us, 0.314 TB/s
torch.topk     :  5549.133 us, 0.073 TB/s  (speedup 4.31x)
================
[    35/    95, 36%] Running on TestParam(batch_size=768, vocab_size=524288, topk=512, sorted_value=False, sorted_index=False, return_value=False, dtype=torch.bfloat16, out_idx_dtype=torch.int32, enable_end_position=False, enable_output_idx_offset=False, input_distrib=NormalFloatDistribution(), idx_oob_fill_value=-2147483647, value_oob_fill_value=-1234123412341234, seed=34, check_correctness=True, num_runs=10)
topk           :  2387.533 us, 0.338 TB/s
torch.topk     : 10376.371 us, 0.078 TB/s  (speedup 4.35x)
================
[    36/    95, 37%] Running on TestParam(batch_size=768, vocab_size=1048576, topk=512, sorted_value=False, sorted_index=False, return_value=False, dtype=torch.bfloat16, out_idx_dtype=torch.int32, enable_end_position=False, enable_output_idx_offset=False, input_distrib=NormalFloatDistribution(), idx_oob_fill_value=-2147483647, value_oob_fill_value=-1234123412341234, seed=35, check_correctness=True, num_runs=10)
topk           :  4582.374 us, 0.352 TB/s
torch.topk     : 20074.701 us, 0.080 TB/s  (speedup 4.38x)
================
[    37/    95, 38%] Running on TestParam(batch_size=4096, vocab_size=256, topk=512, sorted_value=False, sorted_index=False, return_value=False, dtype=torch.bfloat16, out_idx_dtype=torch.int32, enable_end_position=False, enable_output_idx_offset=False, input_distrib=NormalFloatDistribution(), idx_oob_fill_value=-2147483647, value_oob_fill_value=-1234123412341234, seed=36, check_correctness=True, num_runs=10)
topk           :    31.206 us, 0.336 TB/s
================
[    38/    95, 39%] Running on TestParam(batch_size=4096, vocab_size=1024, topk=512, sorted_value=False, sorted_index=False, return_value=False, dtype=torch.bfloat16, out_idx_dtype=torch.int32, enable_end_position=False, enable_output_idx_offset=False, input_distrib=NormalFloatDistribution(), idx_oob_fill_value=-2147483647, value_oob_fill_value=-1234123412341234, seed=37, check_correctness=True, num_runs=10)
topk           :   220.800 us, 0.076 TB/s
torch.topk     :   382.618 us, 0.044 TB/s  (speedup 1.73x)
================
[    39/    95, 40%] Running on TestParam(batch_size=4096, vocab_size=4096, topk=512, sorted_value=False, sorted_index=False, return_value=False, dtype=torch.bfloat16, out_idx_dtype=torch.int32, enable_end_position=False, enable_output_idx_offset=False, input_distrib=NormalFloatDistribution(), idx_oob_fill_value=-2147483647, value_oob_fill_value=-1234123412341234, seed=38, check_correctness=True, num_runs=10)
topk           :   318.874 us, 0.132 TB/s
torch.topk     :   705.434 us, 0.059 TB/s  (speedup 2.21x)
================
[    40/    95, 41%] Running on TestParam(batch_size=4096, vocab_size=16384, topk=512, sorted_value=False, sorted_index=False, return_value=False, dtype=torch.bfloat16, out_idx_dtype=torch.int32, enable_end_position=False, enable_output_idx_offset=False, input_distrib=NormalFloatDistribution(), idx_oob_fill_value=-2147483647, value_oob_fill_value=-1234123412341234, seed=39, check_correctness=True, num_runs=10)
topk           :   617.395 us, 0.231 TB/s
torch.topk     :  2008.371 us, 0.071 TB/s  (speedup 3.25x)
================
[    41/    95, 42%] Running on TestParam(batch_size=4096, vocab_size=65536, topk=512, sorted_value=False, sorted_index=False, return_value=False, dtype=torch.bfloat16, out_idx_dtype=torch.int32, enable_end_position=False, enable_output_idx_offset=False, input_distrib=NormalFloatDistribution(), idx_oob_fill_value=-2147483647, value_oob_fill_value=-1234123412341234, seed=40, check_correctness=True, num_runs=10)
topk           :  2144.435 us, 0.254 TB/s
torch.topk     :  7782.400 us, 0.070 TB/s  (speedup 3.63x)
================
[    42/    95, 43%] Running on TestParam(batch_size=4096, vocab_size=131072, topk=512, sorted_value=False, sorted_index=False, return_value=False, dtype=torch.bfloat16, out_idx_dtype=torch.int32, enable_end_position=False, enable_output_idx_offset=False, input_distrib=NormalFloatDistribution(), idx_oob_fill_value=-2147483647, value_oob_fill_value=-1234123412341234, seed=41, check_correctness=True, num_runs=10)
topk           :  3586.662 us, 0.302 TB/s
torch.topk     : 15367.168 us, 0.070 TB/s  (speedup 4.28x)
================
[    43/    95, 44%] Running on TestParam(batch_size=4096, vocab_size=262144, topk=512, sorted_value=False, sorted_index=False, return_value=False, dtype=torch.bfloat16, out_idx_dtype=torch.int32, enable_end_position=False, enable_output_idx_offset=False, input_distrib=NormalFloatDistribution(), idx_oob_fill_value=-2147483647, value_oob_fill_value=-1234123412341234, seed=42, check_correctness=True, num_runs=10)
topk           :  6386.048 us, 0.338 TB/s
torch.topk     : 29427.968 us, 0.073 TB/s  (speedup 4.61x)
================
[    44/    95, 45%] Running on TestParam(batch_size=4096, vocab_size=524288, topk=512, sorted_value=False, sorted_index=False, return_value=False, dtype=torch.bfloat16, out_idx_dtype=torch.int32, enable_end_position=False, enable_output_idx_offset=False, input_distrib=NormalFloatDistribution(), idx_oob_fill_value=-2147483647, value_oob_fill_value=-1234123412341234, seed=43, check_correctness=True, num_runs=10)
topk           : 11892.045 us, 0.362 TB/s
torch.topk     : 57651.098 us, 0.075 TB/s  (speedup 4.85x)
================
[    45/    95, 46%] Running on TestParam(batch_size=4096, vocab_size=1048576, topk=512, sorted_value=False, sorted_index=False, return_value=False, dtype=torch.bfloat16, out_idx_dtype=torch.int32, enable_end_position=False, enable_output_idx_offset=False, input_distrib=NormalFloatDistribution(), idx_oob_fill_value=-2147483647, value_oob_fill_value=-1234123412341234, seed=44, check_correctness=True, num_runs=10)
topk           : 22916.403 us, 0.375 TB/s
torch.topk     : 111722.138 us, 0.077 TB/s  (speedup 4.88x)
================
[    46/    95, 47%] Running on TestParam(batch_size=6, vocab_size=256, topk=1024, sorted_value=False, sorted_index=False, return_value=False, dtype=torch.bfloat16, out_idx_dtype=torch.int32, enable_end_position=False, enable_output_idx_offset=False, input_distrib=NormalFloatDistribution(), idx_oob_fill_value=-2147483647, value_oob_fill_value=-1234123412341234, seed=45, check_correctness=True, num_runs=10)
topk           :     3.558 us, 0.008 TB/s
================
[    47/    95, 48%] Running on TestParam(batch_size=6, vocab_size=1024, topk=1024, sorted_value=False, sorted_index=False, return_value=False, dtype=torch.bfloat16, out_idx_dtype=torch.int32, enable_end_position=False, enable_output_idx_offset=False, input_distrib=NormalFloatDistribution(), idx_oob_fill_value=-2147483647, value_oob_fill_value=-1234123412341234, seed=46, check_correctness=True, num_runs=10)
topk           :     3.507 us, 0.011 TB/s
torch.topk     :    25.037 us, 0.001 TB/s  (speedup 7.14x)
================
[    48/    95, 49%] Running on TestParam(batch_size=6, vocab_size=4096, topk=1024, sorted_value=False, sorted_index=False, return_value=False, dtype=torch.bfloat16, out_idx_dtype=torch.int32, enable_end_position=False, enable_output_idx_offset=False, input_distrib=NormalFloatDistribution(), idx_oob_fill_value=-2147483647, value_oob_fill_value=-1234123412341234, seed=47, check_correctness=True, num_runs=10)
topk           :    19.072 us, 0.004 TB/s
torch.topk     :    50.893 us, 0.001 TB/s  (speedup 2.67x)
================
[    49/    95, 51%] Running on TestParam(batch_size=6, vocab_size=16384, topk=1024, sorted_value=False, sorted_index=False, return_value=False, dtype=torch.bfloat16, out_idx_dtype=torch.int32, enable_end_position=False, enable_output_idx_offset=False, input_distrib=NormalFloatDistribution(), idx_oob_fill_value=-2147483647, value_oob_fill_value=-1234123412341234, seed=48, check_correctness=True, num_runs=10)
topk           :    31.130 us, 0.007 TB/s
torch.topk     :   144.640 us, 0.002 TB/s  (speedup 4.65x)
================
[    50/    95, 52%] Running on TestParam(batch_size=6, vocab_size=65536, topk=1024, sorted_value=False, sorted_index=False, return_value=False, dtype=torch.bfloat16, out_idx_dtype=torch.int32, enable_end_position=False, enable_output_idx_offset=False, input_distrib=NormalFloatDistribution(), idx_oob_fill_value=-2147483647, value_oob_fill_value=-1234123412341234, seed=49, check_correctness=True, num_runs=10)
topk           :    57.677 us, 0.014 TB/s
torch.topk     :   178.099 us, 0.005 TB/s  (speedup 3.09x)
================
[    51/    95, 53%] Running on TestParam(batch_size=6, vocab_size=131072, topk=1024, sorted_value=False, sorted_index=False, return_value=False, dtype=torch.bfloat16, out_idx_dtype=torch.int32, enable_end_position=False, enable_output_idx_offset=False, input_distrib=NormalFloatDistribution(), idx_oob_fill_value=-2147483647, value_oob_fill_value=-1234123412341234, seed=50, check_correctness=True, num_runs=10)
topk           :    90.650 us, 0.018 TB/s
torch.topk     :   223.590 us, 0.007 TB/s  (speedup 2.47x)
================
[    52/    95, 54%] Running on TestParam(batch_size=6, vocab_size=262144, topk=1024, sorted_value=False, sorted_index=False, return_value=False, dtype=torch.bfloat16, out_idx_dtype=torch.int32, enable_end_position=False, enable_output_idx_offset=False, input_distrib=NormalFloatDistribution(), idx_oob_fill_value=-2147483647, value_oob_fill_value=-1234123412341234, seed=51, check_correctness=True, num_runs=10)
topk           :    99.021 us, 0.032 TB/s
torch.topk     :   261.222 us, 0.012 TB/s  (speedup 2.64x)
================
[    53/    95, 55%] Running on TestParam(batch_size=6, vocab_size=524288, topk=1024, sorted_value=False, sorted_index=False, return_value=False, dtype=torch.bfloat16, out_idx_dtype=torch.int32, enable_end_position=False, enable_output_idx_offset=False, input_distrib=NormalFloatDistribution(), idx_oob_fill_value=-2147483647, value_oob_fill_value=-1234123412341234, seed=52, check_correctness=True, num_runs=10)
topk           :   142.003 us, 0.044 TB/s
torch.topk     :   302.413 us, 0.021 TB/s  (speedup 2.13x)
================
[    54/    95, 56%] Running on TestParam(batch_size=6, vocab_size=1048576, topk=1024, sorted_value=False, sorted_index=False, return_value=False, dtype=torch.bfloat16, out_idx_dtype=torch.int32, enable_end_position=False, enable_output_idx_offset=False, input_distrib=NormalFloatDistribution(), idx_oob_fill_value=-2147483647, value_oob_fill_value=-1234123412341234, seed=53, check_correctness=True, num_runs=10)
topk           :   138.112 us, 0.091 TB/s
torch.topk     :   371.507 us, 0.034 TB/s  (speedup 2.69x)
================
[    55/    95, 57%] Running on TestParam(batch_size=256, vocab_size=256, topk=1024, sorted_value=False, sorted_index=False, return_value=False, dtype=torch.bfloat16, out_idx_dtype=torch.int32, enable_end_position=False, enable_output_idx_offset=False, input_distrib=NormalFloatDistribution(), idx_oob_fill_value=-2147483647, value_oob_fill_value=-1234123412341234, seed=54, check_correctness=True, num_runs=10)
topk           :     4.992 us, 0.236 TB/s
================
[    56/    95, 58%] Running on TestParam(batch_size=256, vocab_size=1024, topk=1024, sorted_value=False, sorted_index=False, return_value=False, dtype=torch.bfloat16, out_idx_dtype=torch.int32, enable_end_position=False, enable_output_idx_offset=False, input_distrib=NormalFloatDistribution(), idx_oob_fill_value=-2147483647, value_oob_fill_value=-1234123412341234, seed=55, check_correctness=True, num_runs=10)
topk           :     5.427 us, 0.290 TB/s
torch.topk     :    55.168 us, 0.029 TB/s  (speedup 10.17x)
================
[    57/    95, 59%] Running on TestParam(batch_size=256, vocab_size=4096, topk=1024, sorted_value=False, sorted_index=False, return_value=False, dtype=torch.bfloat16, out_idx_dtype=torch.int32, enable_end_position=False, enable_output_idx_offset=False, input_distrib=NormalFloatDistribution(), idx_oob_fill_value=-2147483647, value_oob_fill_value=-1234123412341234, seed=56, check_correctness=True, num_runs=10)
topk           :    44.262 us, 0.071 TB/s
torch.topk     :   212.915 us, 0.015 TB/s  (speedup 4.81x)
================
[    58/    95, 60%] Running on TestParam(batch_size=256, vocab_size=16384, topk=1024, sorted_value=False, sorted_index=False, return_value=False, dtype=torch.bfloat16, out_idx_dtype=torch.int32, enable_end_position=False, enable_output_idx_offset=False, input_distrib=NormalFloatDistribution(), idx_oob_fill_value=-2147483647, value_oob_fill_value=-1234123412341234, seed=57, check_correctness=True, num_runs=10)
topk           :    72.602 us, 0.130 TB/s
torch.topk     :   321.357 us, 0.029 TB/s  (speedup 4.43x)
================
[    59/    95, 61%] Running on TestParam(batch_size=256, vocab_size=65536, topk=1024, sorted_value=False, sorted_index=False, return_value=False, dtype=torch.bfloat16, out_idx_dtype=torch.int32, enable_end_position=False, enable_output_idx_offset=False, input_distrib=NormalFloatDistribution(), idx_oob_fill_value=-2147483647, value_oob_fill_value=-1234123412341234, seed=58, check_correctness=True, num_runs=10)
topk           :   188.928 us, 0.183 TB/s
torch.topk     :   721.562 us, 0.048 TB/s  (speedup 3.82x)
================
[    60/    95, 62%] Running on TestParam(batch_size=256, vocab_size=131072, topk=1024, sorted_value=False, sorted_index=False, return_value=False, dtype=torch.bfloat16, out_idx_dtype=torch.int32, enable_end_position=False, enable_output_idx_offset=False, input_distrib=NormalFloatDistribution(), idx_oob_fill_value=-2147483647, value_oob_fill_value=-1234123412341234, seed=59, check_correctness=True, num_runs=10)
topk           :   304.384 us, 0.224 TB/s
torch.topk     :  1203.277 us, 0.057 TB/s  (speedup 3.95x)
================
[    61/    95, 63%] Running on TestParam(batch_size=256, vocab_size=262144, topk=1024, sorted_value=False, sorted_index=False, return_value=False, dtype=torch.bfloat16, out_idx_dtype=torch.int32, enable_end_position=False, enable_output_idx_offset=False, input_distrib=NormalFloatDistribution(), idx_oob_fill_value=-2147483647, value_oob_fill_value=-1234123412341234, seed=60, check_correctness=True, num_runs=10)
topk           :   518.093 us, 0.261 TB/s
torch.topk     :  2044.979 us, 0.066 TB/s  (speedup 3.95x)
================
[    62/    95, 64%] Running on TestParam(batch_size=256, vocab_size=524288, topk=1024, sorted_value=False, sorted_index=False, return_value=False, dtype=torch.bfloat16, out_idx_dtype=torch.int32, enable_end_position=False, enable_output_idx_offset=False, input_distrib=NormalFloatDistribution(), idx_oob_fill_value=-2147483647, value_oob_fill_value=-1234123412341234, seed=61, check_correctness=True, num_runs=10)
topk           :   928.768 us, 0.290 TB/s
torch.topk     :  3680.794 us, 0.073 TB/s  (speedup 3.96x)
================
[    63/    95, 65%] Running on TestParam(batch_size=256, vocab_size=1048576, topk=1024, sorted_value=False, sorted_index=False, return_value=False, dtype=torch.bfloat16, out_idx_dtype=torch.int32, enable_end_position=False, enable_output_idx_offset=False, input_distrib=NormalFloatDistribution(), idx_oob_fill_value=-2147483647, value_oob_fill_value=-1234123412341234, seed=62, check_correctness=True, num_runs=10)
topk           :  1744.845 us, 0.308 TB/s
torch.topk     :  6942.541 us, 0.077 TB/s  (speedup 3.98x)
================
[    64/    95, 66%] Running on TestParam(batch_size=512, vocab_size=256, topk=1024, sorted_value=False, sorted_index=False, return_value=False, dtype=torch.bfloat16, out_idx_dtype=torch.int32, enable_end_position=False, enable_output_idx_offset=False, input_distrib=NormalFloatDistribution(), idx_oob_fill_value=-2147483647, value_oob_fill_value=-1234123412341234, seed=63, check_correctness=True, num_runs=10)
topk           :     6.758 us, 0.349 TB/s
================
[    65/    95, 67%] Running on TestParam(batch_size=512, vocab_size=1024, topk=1024, sorted_value=False, sorted_index=False, return_value=False, dtype=torch.bfloat16, out_idx_dtype=torch.int32, enable_end_position=False, enable_output_idx_offset=False, input_distrib=NormalFloatDistribution(), idx_oob_fill_value=-2147483647, value_oob_fill_value=-1234123412341234, seed=64, check_correctness=True, num_runs=10)
topk           :     6.656 us, 0.473 TB/s
torch.topk     :    86.784 us, 0.036 TB/s  (speedup 13.04x)
================
[    66/    95, 68%] Running on TestParam(batch_size=512, vocab_size=4096, topk=1024, sorted_value=False, sorted_index=False, return_value=False, dtype=torch.bfloat16, out_idx_dtype=torch.int32, enable_end_position=False, enable_output_idx_offset=False, input_distrib=NormalFloatDistribution(), idx_oob_fill_value=-2147483647, value_oob_fill_value=-1234123412341234, seed=65, check_correctness=True, num_runs=10)
topk           :    62.029 us, 0.101 TB/s
torch.topk     :   256.154 us, 0.025 TB/s  (speedup 4.13x)
================
[    67/    95, 69%] Running on TestParam(batch_size=512, vocab_size=16384, topk=1024, sorted_value=False, sorted_index=False, return_value=False, dtype=torch.bfloat16, out_idx_dtype=torch.int32, enable_end_position=False, enable_output_idx_offset=False, input_distrib=NormalFloatDistribution(), idx_oob_fill_value=-2147483647, value_oob_fill_value=-1234123412341234, seed=66, check_correctness=True, num_runs=10)
topk           :   106.240 us, 0.178 TB/s
torch.topk     :   464.282 us, 0.041 TB/s  (speedup 4.37x)
================
[    68/    95, 71%] Running on TestParam(batch_size=512, vocab_size=65536, topk=1024, sorted_value=False, sorted_index=False, return_value=False, dtype=torch.bfloat16, out_idx_dtype=torch.int32, enable_end_position=False, enable_output_idx_offset=False, input_distrib=NormalFloatDistribution(), idx_oob_fill_value=-2147483647, value_oob_fill_value=-1234123412341234, seed=67, check_correctness=True, num_runs=10)
topk           :   310.067 us, 0.223 TB/s
torch.topk     :  1224.192 us, 0.057 TB/s  (speedup 3.95x)
================
[    69/    95, 72%] Running on TestParam(batch_size=512, vocab_size=131072, topk=1024, sorted_value=False, sorted_index=False, return_value=False, dtype=torch.bfloat16, out_idx_dtype=torch.int32, enable_end_position=False, enable_output_idx_offset=False, input_distrib=NormalFloatDistribution(), idx_oob_fill_value=-2147483647, value_oob_fill_value=-1234123412341234, seed=68, check_correctness=True, num_runs=10)
topk           :   504.192 us, 0.270 TB/s
torch.topk     :  2160.998 us, 0.063 TB/s  (speedup 4.29x)
================
[    70/    95, 73%] Running on TestParam(batch_size=512, vocab_size=262144, topk=1024, sorted_value=False, sorted_index=False, return_value=False, dtype=torch.bfloat16, out_idx_dtype=torch.int32, enable_end_position=False, enable_output_idx_offset=False, input_distrib=NormalFloatDistribution(), idx_oob_fill_value=-2147483647, value_oob_fill_value=-1234123412341234, seed=69, check_correctness=True, num_runs=10)
topk           :   866.893 us, 0.312 TB/s
torch.topk     :  3851.469 us, 0.070 TB/s  (speedup 4.44x)
================
[    71/    95, 74%] Running on TestParam(batch_size=512, vocab_size=524288, topk=1024, sorted_value=False, sorted_index=False, return_value=False, dtype=torch.bfloat16, out_idx_dtype=torch.int32, enable_end_position=False, enable_output_idx_offset=False, input_distrib=NormalFloatDistribution(), idx_oob_fill_value=-2147483647, value_oob_fill_value=-1234123412341234, seed=70, check_correctness=True, num_runs=10)
topk           :  1568.486 us, 0.344 TB/s
torch.topk     :  7112.346 us, 0.076 TB/s  (speedup 4.53x)
================
[    72/    95, 75%] Running on TestParam(batch_size=512, vocab_size=1048576, topk=1024, sorted_value=False, sorted_index=False, return_value=False, dtype=torch.bfloat16, out_idx_dtype=torch.int32, enable_end_position=False, enable_output_idx_offset=False, input_distrib=NormalFloatDistribution(), idx_oob_fill_value=-2147483647, value_oob_fill_value=-1234123412341234, seed=71, check_correctness=True, num_runs=10)
topk           :  2950.195 us, 0.365 TB/s
torch.topk     : 13597.773 us, 0.079 TB/s  (speedup 4.61x)
================
[    73/    95, 76%] Running on TestParam(batch_size=768, vocab_size=256, topk=1024, sorted_value=False, sorted_index=False, return_value=False, dtype=torch.bfloat16, out_idx_dtype=torch.int32, enable_end_position=False, enable_output_idx_offset=False, input_distrib=NormalFloatDistribution(), idx_oob_fill_value=-2147483647, value_oob_fill_value=-1234123412341234, seed=72, check_correctness=True, num_runs=10)
topk           :     8.474 us, 0.418 TB/s
================
[    74/    95, 77%] Running on TestParam(batch_size=768, vocab_size=1024, topk=1024, sorted_value=False, sorted_index=False, return_value=False, dtype=torch.bfloat16, out_idx_dtype=torch.int32, enable_end_position=False, enable_output_idx_offset=False, input_distrib=NormalFloatDistribution(), idx_oob_fill_value=-2147483647, value_oob_fill_value=-1234123412341234, seed=73, check_correctness=True, num_runs=10)
topk           :     8.474 us, 0.557 TB/s
torch.topk     :   116.429 us, 0.041 TB/s  (speedup 13.74x)
================
[    75/    95, 78%] Running on TestParam(batch_size=768, vocab_size=4096, topk=1024, sorted_value=False, sorted_index=False, return_value=False, dtype=torch.bfloat16, out_idx_dtype=torch.int32, enable_end_position=False, enable_output_idx_offset=False, input_distrib=NormalFloatDistribution(), idx_oob_fill_value=-2147483647, value_oob_fill_value=-1234123412341234, seed=74, check_correctness=True, num_runs=10)
topk           :    78.234 us, 0.121 TB/s
torch.topk     :   309.120 us, 0.031 TB/s  (speedup 3.95x)
================
[    76/    95, 79%] Running on TestParam(batch_size=768, vocab_size=16384, topk=1024, sorted_value=False, sorted_index=False, return_value=False, dtype=torch.bfloat16, out_idx_dtype=torch.int32, enable_end_position=False, enable_output_idx_offset=False, input_distrib=NormalFloatDistribution(), idx_oob_fill_value=-2147483647, value_oob_fill_value=-1234123412341234, seed=75, check_correctness=True, num_runs=10)
topk           :   147.226 us, 0.192 TB/s
torch.topk     :   674.739 us, 0.042 TB/s  (speedup 4.58x)
================
[    77/    95, 80%] Running on TestParam(batch_size=768, vocab_size=65536, topk=1024, sorted_value=False, sorted_index=False, return_value=False, dtype=torch.bfloat16, out_idx_dtype=torch.int32, enable_end_position=False, enable_output_idx_offset=False, input_distrib=NormalFloatDistribution(), idx_oob_fill_value=-2147483647, value_oob_fill_value=-1234123412341234, seed=76, check_correctness=True, num_runs=10)
topk           :   478.336 us, 0.217 TB/s
torch.topk     :  1701.453 us, 0.061 TB/s  (speedup 3.56x)
================
[    78/    95, 81%] Running on TestParam(batch_size=768, vocab_size=131072, topk=1024, sorted_value=False, sorted_index=False, return_value=False, dtype=torch.bfloat16, out_idx_dtype=torch.int32, enable_end_position=False, enable_output_idx_offset=False, input_distrib=NormalFloatDistribution(), idx_oob_fill_value=-2147483647, value_oob_fill_value=-1234123412341234, seed=77, check_correctness=True, num_runs=10)
topk           :   789.094 us, 0.259 TB/s
torch.topk     :  3114.522 us, 0.066 TB/s  (speedup 3.95x)
================
[    79/    95, 82%] Running on TestParam(batch_size=768, vocab_size=262144, topk=1024, sorted_value=False, sorted_index=False, return_value=False, dtype=torch.bfloat16, out_idx_dtype=torch.int32, enable_end_position=False, enable_output_idx_offset=False, input_distrib=NormalFloatDistribution(), idx_oob_fill_value=-2147483647, value_oob_fill_value=-1234123412341234, seed=78, check_correctness=True, num_runs=10)
topk           :  1362.330 us, 0.298 TB/s
torch.topk     :  5596.339 us, 0.073 TB/s  (speedup 4.11x)
================
[    80/    95, 83%] Running on TestParam(batch_size=768, vocab_size=524288, topk=1024, sorted_value=False, sorted_index=False, return_value=False, dtype=torch.bfloat16, out_idx_dtype=torch.int32, enable_end_position=False, enable_output_idx_offset=False, input_distrib=NormalFloatDistribution(), idx_oob_fill_value=-2147483647, value_oob_fill_value=-1234123412341234, seed=79, check_correctness=True, num_runs=10)
topk           :  2469.888 us, 0.327 TB/s
torch.topk     : 10463.718 us, 0.077 TB/s  (speedup 4.24x)
================
[    81/    95, 84%] Running on TestParam(batch_size=768, vocab_size=1048576, topk=1024, sorted_value=False, sorted_index=False, return_value=False, dtype=torch.bfloat16, out_idx_dtype=torch.int32, enable_end_position=False, enable_output_idx_offset=False, input_distrib=NormalFloatDistribution(), idx_oob_fill_value=-2147483647, value_oob_fill_value=-1234123412341234, seed=80, check_correctness=True, num_runs=10)
topk           :  4669.850 us, 0.346 TB/s
torch.topk     : 20230.630 us, 0.080 TB/s  (speedup 4.33x)
================
[    82/    95, 85%] Running on TestParam(batch_size=4096, vocab_size=256, topk=1024, sorted_value=False, sorted_index=False, return_value=False, dtype=torch.bfloat16, out_idx_dtype=torch.int32, enable_end_position=False, enable_output_idx_offset=False, input_distrib=NormalFloatDistribution(), idx_oob_fill_value=-2147483647, value_oob_fill_value=-1234123412341234, seed=81, check_correctness=True, num_runs=10)
topk           :    31.027 us, 0.608 TB/s
================
[    83/    95, 86%] Running on TestParam(batch_size=4096, vocab_size=1024, topk=1024, sorted_value=False, sorted_index=False, return_value=False, dtype=torch.bfloat16, out_idx_dtype=torch.int32, enable_end_position=False, enable_output_idx_offset=False, input_distrib=NormalFloatDistribution(), idx_oob_fill_value=-2147483647, value_oob_fill_value=-1234123412341234, seed=82, check_correctness=True, num_runs=10)
topk           :    31.078 us, 0.810 TB/s
torch.topk     :   382.336 us, 0.066 TB/s  (speedup 12.30x)
================
[    84/    95, 87%] Running on TestParam(batch_size=4096, vocab_size=4096, topk=1024, sorted_value=False, sorted_index=False, return_value=False, dtype=torch.bfloat16, out_idx_dtype=torch.int32, enable_end_position=False, enable_output_idx_offset=False, input_distrib=NormalFloatDistribution(), idx_oob_fill_value=-2147483647, value_oob_fill_value=-1234123412341234, seed=83, check_correctness=True, num_runs=10)
topk           :   337.843 us, 0.149 TB/s
torch.topk     :   710.246 us, 0.071 TB/s  (speedup 2.10x)
================
[    85/    95, 88%] Running on TestParam(batch_size=4096, vocab_size=16384, topk=1024, sorted_value=False, sorted_index=False, return_value=False, dtype=torch.bfloat16, out_idx_dtype=torch.int32, enable_end_position=False, enable_output_idx_offset=False, input_distrib=NormalFloatDistribution(), idx_oob_fill_value=-2147483647, value_oob_fill_value=-1234123412341234, seed=84, check_correctness=True, num_runs=10)
topk           :   661.888 us, 0.228 TB/s
torch.topk     :  2016.845 us, 0.075 TB/s  (speedup 3.05x)
================
[    86/    95, 89%] Running on TestParam(batch_size=4096, vocab_size=65536, topk=1024, sorted_value=False, sorted_index=False, return_value=False, dtype=torch.bfloat16, out_idx_dtype=torch.int32, enable_end_position=False, enable_output_idx_offset=False, input_distrib=NormalFloatDistribution(), idx_oob_fill_value=-2147483647, value_oob_fill_value=-1234123412341234, seed=85, check_correctness=True, num_runs=10)
topk           :  2328.346 us, 0.238 TB/s
torch.topk     :  7878.656 us, 0.070 TB/s  (speedup 3.38x)
================
[    87/    95, 91%] Running on TestParam(batch_size=4096, vocab_size=131072, topk=1024, sorted_value=False, sorted_index=False, return_value=False, dtype=torch.bfloat16, out_idx_dtype=torch.int32, enable_end_position=False, enable_output_idx_offset=False, input_distrib=NormalFloatDistribution(), idx_oob_fill_value=-2147483647, value_oob_fill_value=-1234123412341234, seed=86, check_correctness=True, num_runs=10)
topk           :  3872.870 us, 0.282 TB/s
torch.topk     : 15548.134 us, 0.070 TB/s  (speedup 4.01x)
================
[    88/    95, 92%] Running on TestParam(batch_size=4096, vocab_size=262144, topk=1024, sorted_value=False, sorted_index=False, return_value=False, dtype=torch.bfloat16, out_idx_dtype=torch.int32, enable_end_position=False, enable_output_idx_offset=False, input_distrib=NormalFloatDistribution(), idx_oob_fill_value=-2147483647, value_oob_fill_value=-1234123412341234, seed=87, check_correctness=True, num_runs=10)
topk           :  6764.339 us, 0.320 TB/s
torch.topk     : 29643.238 us, 0.073 TB/s  (speedup 4.38x)
================
[    89/    95, 93%] Running on TestParam(batch_size=4096, vocab_size=524288, topk=1024, sorted_value=False, sorted_index=False, return_value=False, dtype=torch.bfloat16, out_idx_dtype=torch.int32, enable_end_position=False, enable_output_idx_offset=False, input_distrib=NormalFloatDistribution(), idx_oob_fill_value=-2147483647, value_oob_fill_value=-1234123412341234, seed=88, check_correctness=True, num_runs=10)
topk           : 12326.682 us, 0.350 TB/s
torch.topk     : 58190.643 us, 0.074 TB/s  (speedup 4.72x)
================
[    90/    95, 94%] Running on TestParam(batch_size=4096, vocab_size=1048576, topk=1024, sorted_value=False, sorted_index=False, return_value=False, dtype=torch.bfloat16, out_idx_dtype=torch.int32, enable_end_position=False, enable_output_idx_offset=False, input_distrib=NormalFloatDistribution(), idx_oob_fill_value=-2147483647, value_oob_fill_value=-1234123412341234, seed=89, check_correctness=True, num_runs=10)
topk           : 23392.154 us, 0.368 TB/s
torch.topk     : 111968.154 us, 0.077 TB/s  (speedup 4.79x)
================
[    91/    95, 95%] Running on TestParam(batch_size=6, vocab_size=129280, topk=512, sorted_value=True, sorted_index=False, return_value=True, dtype=torch.float32, out_idx_dtype=torch.int64, enable_end_position=False, enable_output_idx_offset=False, input_distrib=NormalFloatDistribution(), idx_oob_fill_value=-2147483647, value_oob_fill_value=-1234123412341234, seed=90, check_correctness=True, num_runs=10)
topk           :    94.387 us, 0.033 TB/s
torch.topk     :   346.854 us, 0.009 TB/s  (speedup 3.67x)
================
[    92/    95, 96%] Running on TestParam(batch_size=256, vocab_size=129280, topk=512, sorted_value=True, sorted_index=False, return_value=True, dtype=torch.float32, out_idx_dtype=torch.int64, enable_end_position=False, enable_output_idx_offset=False, input_distrib=NormalFloatDistribution(), idx_oob_fill_value=-2147483647, value_oob_fill_value=-1234123412341234, seed=91, check_correctness=True, num_runs=10)
topk           :   424.294 us, 0.316 TB/s
torch.topk     :  1583.514 us, 0.085 TB/s  (speedup 3.73x)
================
[    93/    95, 97%] Running on TestParam(batch_size=512, vocab_size=129280, topk=512, sorted_value=True, sorted_index=False, return_value=True, dtype=torch.float32, out_idx_dtype=torch.int64, enable_end_position=False, enable_output_idx_offset=False, input_distrib=NormalFloatDistribution(), idx_oob_fill_value=-2147483647, value_oob_fill_value=-1234123412341234, seed=92, check_correctness=True, num_runs=10)
topk           :   773.248 us, 0.346 TB/s
torch.topk     :  2804.019 us, 0.096 TB/s  (speedup 3.63x)
================
[    94/    95, 98%] Running on TestParam(batch_size=768, vocab_size=129280, topk=512, sorted_value=True, sorted_index=False, return_value=True, dtype=torch.float32, out_idx_dtype=torch.int64, enable_end_position=False, enable_output_idx_offset=False, input_distrib=NormalFloatDistribution(), idx_oob_fill_value=-2147483647, value_oob_fill_value=-1234123412341234, seed=93, check_correctness=True, num_runs=10)
topk           :  1103.770 us, 0.364 TB/s
torch.topk     :  4038.016 us, 0.100 TB/s  (speedup 3.66x)
================
[    95/    95, 99%] Running on TestParam(batch_size=4096, vocab_size=129280, topk=512, sorted_value=True, sorted_index=False, return_value=True, dtype=torch.float32, out_idx_dtype=torch.int64, enable_end_position=False, enable_output_idx_offset=False, input_distrib=NormalFloatDistribution(), idx_oob_fill_value=-2147483647, value_oob_fill_value=-1234123412341234, seed=94, check_correctness=True, num_runs=10)
topk           :  6222.413 us, 0.344 TB/s
torch.topk     : 20081.203 us, 0.107 TB/s  (speedup 3.23x)
[32m[1mAll 95 cases passed![0m
# exit 0
