/home/compiler_gfx/tilelang/mcDeepGEMM/third-party/DeepSelect/tests/cases/graph_capture.py:36: UserWarning: Could not find flash_attn package installed. Please try to install flash_attn whl pacakge using pip command and make sure it can be imported properly
  import os, sys, traceback, torch
torch 2.6.0+metax3.7.0.7  device=MetaX C500  sms=104
artifact=/home/compiler_gfx/tilelang/mcDeepGEMM/third-party/DeepSelect/deep_select/deep_select_maca_xcore1000.so

  row/radix                          b=8   V=32768   k=2048  end=0 si=1  eager=PASS
  row/radix                          b=8   V=32768   k=2048  end=0 si=1  capture=OK  replay=MATCH  (official predicate on replay: PASS)
  row/radix                          b=8   V=32768   k=2048  end=0 si=1  replay(new input)=MATCH  (eager on new data: PASS; official predicate on replay: PASS)
  coarse12                           b=16  V=66551   k=2048  end=0 si=1  eager=PASS
  coarse12                           b=16  V=66551   k=2048  end=0 si=1  capture=OK  replay=MATCH  (official predicate on replay: PASS)
  coarse12                           b=16  V=66551   k=2048  end=0 si=1  replay(new input)=MATCH  (eager on new data: PASS; official predicate on replay: PASS)
  chunks                             b=2   V=66551   k=2048  end=0 si=1  eager=PASS
  chunks                             b=2   V=66551   k=2048  end=0 si=1  capture=OK  replay=MATCH  (official predicate on replay: PASS)
  chunks                             b=2   V=66551   k=2048  end=0 si=1  replay(new input)=MATCH  (eager on new data: PASS; official predicate on replay: PASS)
  chunks+end                         b=1   V=107520  k=2048  end=1 si=1  eager=PASS
  chunks+end                         b=1   V=107520  k=2048  end=1 si=1  capture=OK  replay=MATCH  (official predicate on replay: PASS)
  chunks+end                         b=1   V=107520  k=2048  end=1 si=1  replay(new input)=MATCH  (eager on new data: PASS; official predicate on replay: PASS)

==============================================================================
cell            eager   capture   replay    replay(new input) 
row/radix       PASS    OK        MATCH     MATCH             
coarse12        PASS    OK        MATCH     MATCH             
chunks          PASS    OK        MATCH     MATCH             
chunks+end      PASS    OK        MATCH     MATCH             

captured 4/4 cells; replay matched 4/4; replay-on-new-input matched 4/4
cold-scratch probe is a separate process (the scratch is process-wide): python3 tests/cases/graph_capture.py --probe
ALL PASS
# exit 0
