/root/DeepSelect/scripts/perf_snapshot.py:72: UserWarning: Could not find flash_attn package installed. Please try to install flash_attn whl pacakge using pip command and make sure it can be imported properly
  import torch  # noqa: E402
chip metax_xcore1600  device MetaX C600-U  sm 32  backends ['maca_c', 'torch']  cases 95
case                                          backend   status                us      GB/s
offic/bflo b6-v256-k512                       maca_c    pass               2.406          
offic/bflo b6-v256-k512                       torch     pass                                [not applicable: the reference arm ]
offic/bflo b6-v1024-k512                      maca_c    pass              10.906          
offic/bflo b6-v1024-k512                      torch     pass              22.682          
offic/bflo b6-v4096-k512                      maca_c    pass              11.418          
offic/bflo b6-v4096-k512                      torch     pass              37.197          
offic/bflo b6-v16384-k512                     maca_c    pass              17.971          
offic/bflo b6-v16384-k512                     torch     pass              91.776          
offic/bflo b6-v65536-k512                     maca_c    pass              33.382          
offic/bflo b6-v65536-k512                     torch     pass             143.027          
offic/bflo b6-v131072-k512                    maca_c    pass              55.168          
offic/bflo b6-v131072-k512                    torch     pass             172.672          
offic/bflo b6-v262144-k512                    maca_c    pass             101.274          
offic/bflo b6-v262144-k512                    torch     pass              235.75          
offic/bflo b6-v524288-k512                    maca_c    pass              89.651          
offic/bflo b6-v524288-k512                    torch     pass             332.058          
offic/bflo b6-v1048576-k512                   maca_c    pass             139.597          
offic/bflo b6-v1048576-k512                   torch     pass             506.778          
offic/bflo b256-v256-k512                     maca_c    pass               4.685          
offic/bflo b256-v256-k512                     torch     pass                                [not applicable: the reference arm ]
  ... 10/95 cases (0.1s)
offic/bflo b256-v1024-k512                    maca_c    pass              35.942          
offic/bflo b256-v1024-k512                    torch     pass              151.45          
offic/bflo b256-v4096-k512                    maca_c    pass              48.282          
offic/bflo b256-v4096-k512                    torch     pass             250.189          
offic/bflo b256-v16384-k512                   maca_c    pass              96.563          
offic/bflo b256-v16384-k512                   torch     pass             573.568          
offic/bflo b256-v65536-k512                   maca_c    pass             315.878          
offic/bflo b256-v65536-k512                   torch     pass            1261.082          
offic/bflo b256-v131072-k512                  maca_c    pass             524.749          
offic/bflo b256-v131072-k512                  torch     pass            2179.866          
offic/bflo b256-v262144-k512                  maca_c    pass             936.371          
offic/bflo b256-v262144-k512                  torch     pass            4079.334          
offic/bflo b256-v524288-k512                  maca_c    pass            1763.507          
offic/bflo b256-v524288-k512                  torch     pass            7808.998          
offic/bflo b256-v1048576-k512                 maca_c    pass             3455.59          
offic/bflo b256-v1048576-k512                 torch     pass           15293.568          
offic/bflo b512-v256-k512                     maca_c    pass               7.194          
offic/bflo b512-v256-k512                     torch     pass                                [not applicable: the reference arm ]
offic/bflo b512-v1024-k512                    maca_c    pass              64.358          
offic/bflo b512-v1024-k512                    torch     pass             293.632          
  ... 20/95 cases (0.3s)
offic/bflo b512-v4096-k512                    maca_c    pass              88.166          
offic/bflo b512-v4096-k512                    torch     pass             276.275          
offic/bflo b512-v16384-k512                   maca_c    pass             179.021          
offic/bflo b512-v16384-k512                   torch     pass             698.726          
offic/bflo b512-v65536-k512                   maca_c    pass             599.578          
offic/bflo b512-v65536-k512                   torch     pass            2335.898          
offic/bflo b512-v131072-k512                  maca_c    pass             996.096          
offic/bflo b512-v131072-k512                  torch     pass            4218.906          
offic/bflo b512-v262144-k512                  maca_c    pass            1776.333          
offic/bflo b512-v262144-k512                  torch     pass            7941.478          
offic/bflo b512-v524288-k512                  maca_c    pass             3338.01          
offic/bflo b512-v524288-k512                  torch     pass           15351.706          
offic/bflo b512-v1048576-k512                 maca_c    pass            6473.216          
offic/bflo b512-v1048576-k512                 torch     pass           30253.056          
offic/bflo b768-v256-k512                     maca_c    pass               9.779          
offic/bflo b768-v256-k512                     torch     pass                                [not applicable: the reference arm ]
offic/bflo b768-v1024-k512                    maca_c    pass              91.341          
offic/bflo b768-v1024-k512                    torch     pass             432.384          
offic/bflo b768-v4096-k512                    maca_c    pass              128.41          
offic/bflo b768-v4096-k512                    torch     pass             351.181          
  ... 30/95 cases (0.3s)
offic/bflo b768-v16384-k512                   maca_c    pass              262.17          
offic/bflo b768-v16384-k512                   torch     pass             942.976          
offic/bflo b768-v65536-k512                   maca_c    pass             882.893          
offic/bflo b768-v65536-k512                   torch     pass            3394.227          
offic/bflo b768-v131072-k512                  maca_c    pass            1467.827          
offic/bflo b768-v131072-k512                  torch     pass            6214.938          
offic/bflo b768-v262144-k512                  maca_c    pass            2611.661          
offic/bflo b768-v262144-k512                  torch     pass           11802.342          
offic/bflo b768-v524288-k512                  maca_c    pass            4913.357          
offic/bflo b768-v524288-k512                  torch     pass           22935.168          
offic/bflo b768-v1048576-k512                 maca_c    pass            9539.738          
offic/bflo b768-v1048576-k512                 torch     pass           45029.939          
offic/bflo b4096-v256-k512                    maca_c    pass              42.547          
offic/bflo b4096-v256-k512                    torch     pass                                [not applicable: the reference arm ]
offic/bflo b4096-v1024-k512                   maca_c    pass             452.429          
offic/bflo b4096-v1024-k512                   torch     pass             652.493          
offic/bflo b4096-v4096-k512                   maca_c    pass             658.022          
offic/bflo b4096-v4096-k512                   torch     pass            1340.595          
offic/bflo b4096-v16384-k512                  maca_c    pass            1342.643          
offic/bflo b4096-v16384-k512                  torch     pass            4199.629          
  ... 40/95 cases (0.4s)
offic/bflo b4096-v65536-k512                  maca_c    pass            4611.814          
offic/bflo b4096-v65536-k512                  torch     pass            17256.73          
offic/bflo b4096-v131072-k512                 maca_c    pass             7644.57          
offic/bflo b4096-v131072-k512                 torch     pass           32257.178          
offic/bflo b4096-v262144-k512                 maca_c    pass           13606.963          
offic/bflo b4096-v262144-k512                 torch     pass           63716.224          
offic/bflo b4096-v524288-k512                 maca_c    pass            25482.65          
offic/bflo b4096-v524288-k512                 torch     pass          127249.306          
offic/bflo b4096-v1048576-k512                maca_c    pass            49295.59          
offic/bflo b4096-v1048576-k512                torch     pass          251329.587          
offic/bflo b6-v256-k1024                      maca_c    pass               2.432          
offic/bflo b6-v256-k1024                      torch     pass                                [not applicable: the reference arm ]
offic/bflo b6-v1024-k1024                     maca_c    pass               2.406          
offic/bflo b6-v1024-k1024                     torch     pass              21.222          
offic/bflo b6-v4096-k1024                     maca_c    pass              11.827          
offic/bflo b6-v4096-k1024                     torch     pass               35.84          
offic/bflo b6-v16384-k1024                    maca_c    pass              18.918          
offic/bflo b6-v16384-k1024                    torch     pass              91.213          
offic/bflo b6-v65536-k1024                    maca_c    pass               36.25          
offic/bflo b6-v65536-k1024                    torch     pass              142.95          
  ... 50/95 cases (0.3s)
offic/bflo b6-v131072-k1024                   maca_c    pass              59.136          
offic/bflo b6-v131072-k1024                   torch     pass             170.445          
offic/bflo b6-v262144-k1024                   maca_c    pass             113.485          
offic/bflo b6-v262144-k1024                   torch     pass             237.082          
offic/bflo b6-v524288-k1024                   maca_c    pass             184.602          
offic/bflo b6-v524288-k1024                   torch     pass             345.702          
offic/bflo b6-v1048576-k1024                  maca_c    pass             156.672          
offic/bflo b6-v1048576-k1024                  torch     pass             529.869          
offic/bflo b256-v256-k1024                    maca_c    pass               4.992          
offic/bflo b256-v256-k1024                    torch     pass                                [not applicable: the reference arm ]
offic/bflo b256-v1024-k1024                   maca_c    pass               4.992          
offic/bflo b256-v1024-k1024                   torch     pass             134.067          
offic/bflo b256-v4096-k1024                   maca_c    pass               50.79          
offic/bflo b256-v4096-k1024                   torch     pass             249.498          
offic/bflo b256-v16384-k1024                  maca_c    pass              101.99          
offic/bflo b256-v16384-k1024                  torch     pass             582.912          
offic/bflo b256-v65536-k1024                  maca_c    pass              339.43          
offic/bflo b256-v65536-k1024                  torch     pass            1263.974          
offic/bflo b256-v131072-k1024                 maca_c    pass             561.818          
offic/bflo b256-v131072-k1024                 torch     pass            2216.346          
  ... 60/95 cases (0.3s)
offic/bflo b256-v262144-k1024                 maca_c    pass             981.632          
offic/bflo b256-v262144-k1024                 torch     pass            4087.347          
offic/bflo b256-v524288-k1024                 maca_c    pass             1814.17          
offic/bflo b256-v524288-k1024                 torch     pass             7848.55          
offic/bflo b256-v1048576-k1024                maca_c    pass            3487.642          
offic/bflo b256-v1048576-k1024                torch     pass           15202.509          
offic/bflo b512-v256-k1024                    maca_c    pass               7.808          
offic/bflo b512-v256-k1024                    torch     pass                                [not applicable: the reference arm ]
offic/bflo b512-v1024-k1024                   maca_c    pass               7.757          
offic/bflo b512-v1024-k1024                   torch     pass              256.64          
offic/bflo b512-v4096-k1024                   maca_c    pass               93.67          
offic/bflo b512-v4096-k1024                   torch     pass             276.531          
offic/bflo b512-v16384-k1024                  maca_c    pass             190.438          
offic/bflo b512-v16384-k1024                  torch     pass             709.094          
offic/bflo b512-v65536-k1024                  maca_c    pass             643.942          
offic/bflo b512-v65536-k1024                  torch     pass             2359.27          
offic/bflo b512-v131072-k1024                 maca_c    pass            1065.446          
offic/bflo b512-v131072-k1024                 torch     pass            4224.947          
offic/bflo b512-v262144-k1024                 maca_c    pass            1865.344          
offic/bflo b512-v262144-k1024                 torch     pass            7952.077          
  ... 70/95 cases (0.5s)
offic/bflo b512-v524288-k1024                 maca_c    pass            3435.008          
offic/bflo b512-v524288-k1024                 torch     pass           15446.118          
offic/bflo b512-v1048576-k1024                maca_c    pass            6562.714          
offic/bflo b512-v1048576-k1024                torch     pass           30721.869          
offic/bflo b768-v256-k1024                    maca_c    pass               10.65          
offic/bflo b768-v256-k1024                    torch     pass                                [not applicable: the reference arm ]
offic/bflo b768-v1024-k1024                   maca_c    pass              10.598          
offic/bflo b768-v1024-k1024                   torch     pass             380.083          
offic/bflo b768-v4096-k1024                   maca_c    pass             135.834          
offic/bflo b768-v4096-k1024                   torch     pass             351.539          
offic/bflo b768-v16384-k1024                  maca_c    pass             277.248          
offic/bflo b768-v16384-k1024                  torch     pass             947.456          
offic/bflo b768-v65536-k1024                  maca_c    pass              950.17          
offic/bflo b768-v65536-k1024                  torch     pass            3446.707          
offic/bflo b768-v131072-k1024                 maca_c    pass            1567.437          
offic/bflo b768-v131072-k1024                 torch     pass            6241.638          
offic/bflo b768-v262144-k1024                 maca_c    pass            2749.158          
offic/bflo b768-v262144-k1024                 torch     pass           11864.832          
offic/bflo b768-v524288-k1024                 maca_c    pass            5063.091          
offic/bflo b768-v524288-k1024                 torch     pass            23007.36          
  ... 80/95 cases (0.9s)
offic/bflo b768-v1048576-k1024                maca_c    pass            9675.315          
offic/bflo b768-v1048576-k1024                torch     pass           45324.237          
offic/bflo b4096-v256-k1024                   maca_c    pass              47.002          
offic/bflo b4096-v256-k1024                   torch     pass                                [not applicable: the reference arm ]
offic/bflo b4096-v1024-k1024                  maca_c    pass              46.899          
offic/bflo b4096-v1024-k1024                  torch     pass             652.339          
offic/bflo b4096-v4096-k1024                  maca_c    pass              699.11          
offic/bflo b4096-v4096-k1024                  torch     pass             1348.07          
offic/bflo b4096-v16384-k1024                 maca_c    pass            1421.363          
offic/bflo b4096-v16384-k1024                 torch     pass            4227.968          
offic/bflo b4096-v65536-k1024                 maca_c    pass            4959.872          
offic/bflo b4096-v65536-k1024                 torch     pass           17510.886          
offic/bflo b4096-v131072-k1024                maca_c    pass            8176.922          
offic/bflo b4096-v131072-k1024                torch     pass            32592.41          
offic/bflo b4096-v262144-k1024                maca_c    pass           14304.358          
offic/bflo b4096-v262144-k1024                torch     pass           64185.728          
offic/bflo b4096-v524288-k1024                maca_c    pass           26260.915          
offic/bflo b4096-v524288-k1024                torch     pass          128419.635          
offic/bflo b4096-v1048576-k1024               maca_c    pass           50112.358          
offic/bflo b4096-v1048576-k1024               torch     pass          252456.064          
  ... 90/95 cases (6.7s)
offic/floa b6-v129280-k512                    maca_c    pass              68.736          
offic/floa b6-v129280-k512                    torch     pass             242.202          
offic/floa b256-v129280-k512                  maca_c    pass             649.651          
offic/floa b256-v129280-k512                  torch     pass            2902.733          
offic/floa b512-v129280-k512                  maca_c    pass            1214.285          
offic/floa b512-v129280-k512                  torch     pass            5546.445          
offic/floa b768-v129280-k512                  maca_c    pass            1780.634          
offic/floa b768-v129280-k512                  torch     pass            8189.082          
offic/floa b4096-v129280-k512                 maca_c    pass            9182.131          
offic/floa b4096-v129280-k512                 torch     pass           42484.506          

wrote perf_data/MetaX_C600-U/20260915_075059/deepselect_perf.csv  (190 rows, 95 cases)
  maca_c     pass         95
  torch      pass         95
# exit 0
