/home/compiler_gfx/tilelang/mcDeepGEMM/third-party/DeepSelect/tests/test.py:9: UserWarning: Could not find flash_attn package installed. Please try to install flash_attn whl pacakge using pip command and make sure it can be imported properly
  import torch
================
[     1/   120,  0%] Running on TestParam(batch_size=6, vocab_size=256, topk=512, sorted_value=False, sorted_index=False, return_value=False, dtype=torch.bfloat16, out_idx_dtype=torch.int32, enable_end_position=False, enable_output_idx_offset=False, input_distrib=NormalFloatDistribution(), idx_oob_fill_value=-2147483647, value_oob_fill_value=-1234123412341234, seed=0, check_correctness=True, num_runs=10)
topk           :     3.507 us, 0.004 TB/s
================
[     2/   120,  1%] Running on TestParam(batch_size=6, vocab_size=1024, topk=512, sorted_value=False, sorted_index=False, return_value=False, dtype=torch.bfloat16, out_idx_dtype=torch.int32, enable_end_position=False, enable_output_idx_offset=False, input_distrib=NormalFloatDistribution(), idx_oob_fill_value=-2147483647, value_oob_fill_value=-1234123412341234, seed=1, check_correctness=True, num_runs=10)
topk           :    16.614 us, 0.001 TB/s
torch.topk     :    26.138 us, 0.001 TB/s  (speedup 1.57x)
================
[     3/   120,  2%] Running on TestParam(batch_size=6, vocab_size=4096, topk=512, sorted_value=False, sorted_index=False, return_value=False, dtype=torch.bfloat16, out_idx_dtype=torch.int32, enable_end_position=False, enable_output_idx_offset=False, input_distrib=NormalFloatDistribution(), idx_oob_fill_value=-2147483647, value_oob_fill_value=-1234123412341234, seed=2, check_correctness=True, num_runs=10)
topk           :    18.662 us, 0.003 TB/s
torch.topk     :    51.456 us, 0.001 TB/s  (speedup 2.76x)
================
[     4/   120,  2%] Running on TestParam(batch_size=6, vocab_size=16384, topk=512, sorted_value=False, sorted_index=False, return_value=False, dtype=torch.bfloat16, out_idx_dtype=torch.int32, enable_end_position=False, enable_output_idx_offset=False, input_distrib=NormalFloatDistribution(), idx_oob_fill_value=-2147483647, value_oob_fill_value=-1234123412341234, seed=3, check_correctness=True, num_runs=10)
topk           :    29.978 us, 0.007 TB/s
torch.topk     :   139.546 us, 0.001 TB/s  (speedup 4.65x)
================
[     5/   120,  3%] Running on TestParam(batch_size=6, vocab_size=65536, topk=512, sorted_value=False, sorted_index=False, return_value=False, dtype=torch.bfloat16, out_idx_dtype=torch.int32, enable_end_position=False, enable_output_idx_offset=False, input_distrib=NormalFloatDistribution(), idx_oob_fill_value=-2147483647, value_oob_fill_value=-1234123412341234, seed=4, check_correctness=True, num_runs=10)
topk           :    53.786 us, 0.015 TB/s
torch.topk     :   178.662 us, 0.004 TB/s  (speedup 3.32x)
================
[     6/   120,  4%] Running on TestParam(batch_size=6, vocab_size=131072, topk=512, sorted_value=False, sorted_index=False, return_value=False, dtype=torch.bfloat16, out_idx_dtype=torch.int32, enable_end_position=False, enable_output_idx_offset=False, input_distrib=NormalFloatDistribution(), idx_oob_fill_value=-2147483647, value_oob_fill_value=-1234123412341234, seed=5, check_correctness=True, num_runs=10)
topk           :    84.557 us, 0.019 TB/s
torch.topk     :   222.208 us, 0.007 TB/s  (speedup 2.63x)
================
[     7/   120,  5%] Running on TestParam(batch_size=6, vocab_size=262144, topk=512, sorted_value=False, sorted_index=False, return_value=False, dtype=torch.bfloat16, out_idx_dtype=torch.int32, enable_end_position=False, enable_output_idx_offset=False, input_distrib=NormalFloatDistribution(), idx_oob_fill_value=-2147483647, value_oob_fill_value=-1234123412341234, seed=6, check_correctness=True, num_runs=10)
topk           :    82.842 us, 0.038 TB/s
torch.topk     :   264.704 us, 0.012 TB/s  (speedup 3.20x)
================
[     8/   120,  6%] Running on TestParam(batch_size=6, vocab_size=524288, topk=512, sorted_value=False, sorted_index=False, return_value=False, dtype=torch.bfloat16, out_idx_dtype=torch.int32, enable_end_position=False, enable_output_idx_offset=False, input_distrib=NormalFloatDistribution(), idx_oob_fill_value=-2147483647, value_oob_fill_value=-1234123412341234, seed=7, check_correctness=True, num_runs=10)
topk           :    82.637 us, 0.076 TB/s
torch.topk     :   305.408 us, 0.021 TB/s  (speedup 3.70x)
================
[     9/   120,  7%] Running on TestParam(batch_size=6, vocab_size=1048576, topk=512, sorted_value=False, sorted_index=False, return_value=False, dtype=torch.bfloat16, out_idx_dtype=torch.int32, enable_end_position=False, enable_output_idx_offset=False, input_distrib=NormalFloatDistribution(), idx_oob_fill_value=-2147483647, value_oob_fill_value=-1234123412341234, seed=8, check_correctness=True, num_runs=10)
topk           :   111.411 us, 0.113 TB/s
torch.topk     :   374.707 us, 0.034 TB/s  (speedup 3.36x)
================
[    10/   120,  8%] Running on TestParam(batch_size=256, vocab_size=256, topk=512, sorted_value=False, sorted_index=False, return_value=False, dtype=torch.bfloat16, out_idx_dtype=torch.int32, enable_end_position=False, enable_output_idx_offset=False, input_distrib=NormalFloatDistribution(), idx_oob_fill_value=-2147483647, value_oob_fill_value=-1234123412341234, seed=9, check_correctness=True, num_runs=10)
topk           :     6.477 us, 0.101 TB/s
================
[    11/   120,  8%] Running on TestParam(batch_size=256, vocab_size=1024, topk=512, sorted_value=False, sorted_index=False, return_value=False, dtype=torch.bfloat16, out_idx_dtype=torch.int32, enable_end_position=False, enable_output_idx_offset=False, input_distrib=NormalFloatDistribution(), idx_oob_fill_value=-2147483647, value_oob_fill_value=-1234123412341234, seed=10, check_correctness=True, num_runs=10)
topk           :    32.691 us, 0.032 TB/s
torch.topk     :    62.541 us, 0.017 TB/s  (speedup 1.91x)
================
[    12/   120,  9%] Running on TestParam(batch_size=256, vocab_size=4096, topk=512, sorted_value=False, sorted_index=False, return_value=False, dtype=torch.bfloat16, out_idx_dtype=torch.int32, enable_end_position=False, enable_output_idx_offset=False, input_distrib=NormalFloatDistribution(), idx_oob_fill_value=-2147483647, value_oob_fill_value=-1234123412341234, seed=11, check_correctness=True, num_runs=10)
topk           :    42.752 us, 0.061 TB/s
torch.topk     :   210.483 us, 0.012 TB/s  (speedup 4.92x)
================
[    13/   120, 10%] Running on TestParam(batch_size=256, vocab_size=16384, topk=512, sorted_value=False, sorted_index=False, return_value=False, dtype=torch.bfloat16, out_idx_dtype=torch.int32, enable_end_position=False, enable_output_idx_offset=False, input_distrib=NormalFloatDistribution(), idx_oob_fill_value=-2147483647, value_oob_fill_value=-1234123412341234, seed=12, check_correctness=True, num_runs=10)
topk           :    68.710 us, 0.130 TB/s
torch.topk     :   318.182 us, 0.028 TB/s  (speedup 4.63x)
================
[    14/   120, 11%] Running on TestParam(batch_size=256, vocab_size=65536, topk=512, sorted_value=False, sorted_index=False, return_value=False, dtype=torch.bfloat16, out_idx_dtype=torch.int32, enable_end_position=False, enable_output_idx_offset=False, input_distrib=NormalFloatDistribution(), idx_oob_fill_value=-2147483647, value_oob_fill_value=-1234123412341234, seed=13, check_correctness=True, num_runs=10)
topk           :   174.003 us, 0.196 TB/s
torch.topk     :   709.504 us, 0.048 TB/s  (speedup 4.08x)
================
[    15/   120, 12%] Running on TestParam(batch_size=256, vocab_size=131072, topk=512, sorted_value=False, sorted_index=False, return_value=False, dtype=torch.bfloat16, out_idx_dtype=torch.int32, enable_end_position=False, enable_output_idx_offset=False, input_distrib=NormalFloatDistribution(), idx_oob_fill_value=-2147483647, value_oob_fill_value=-1234123412341234, seed=14, check_correctness=True, num_runs=10)
topk           :   281.958 us, 0.240 TB/s
torch.topk     :  1200.973 us, 0.056 TB/s  (speedup 4.26x)
================
[    16/   120, 12%] Running on TestParam(batch_size=256, vocab_size=262144, topk=512, sorted_value=False, sorted_index=False, return_value=False, dtype=torch.bfloat16, out_idx_dtype=torch.int32, enable_end_position=False, enable_output_idx_offset=False, input_distrib=NormalFloatDistribution(), idx_oob_fill_value=-2147483647, value_oob_fill_value=-1234123412341234, seed=15, check_correctness=True, num_runs=10)
topk           :   490.854 us, 0.275 TB/s
torch.topk     :  2039.501 us, 0.066 TB/s  (speedup 4.16x)
================
[    17/   120, 13%] Running on TestParam(batch_size=256, vocab_size=524288, topk=512, sorted_value=False, sorted_index=False, return_value=False, dtype=torch.bfloat16, out_idx_dtype=torch.int32, enable_end_position=False, enable_output_idx_offset=False, input_distrib=NormalFloatDistribution(), idx_oob_fill_value=-2147483647, value_oob_fill_value=-1234123412341234, seed=16, check_correctness=True, num_runs=10)
topk           :   900.915 us, 0.299 TB/s
torch.topk     :  3692.902 us, 0.073 TB/s  (speedup 4.10x)
================
[    18/   120, 14%] Running on TestParam(batch_size=256, vocab_size=1048576, topk=512, sorted_value=False, sorted_index=False, return_value=False, dtype=torch.bfloat16, out_idx_dtype=torch.int32, enable_end_position=False, enable_output_idx_offset=False, input_distrib=NormalFloatDistribution(), idx_oob_fill_value=-2147483647, value_oob_fill_value=-1234123412341234, seed=17, check_correctness=True, num_runs=10)
topk           :  1718.118 us, 0.313 TB/s
torch.topk     :  6972.134 us, 0.077 TB/s  (speedup 4.06x)
================
[    19/   120, 15%] Running on TestParam(batch_size=512, vocab_size=256, topk=512, sorted_value=False, sorted_index=False, return_value=False, dtype=torch.bfloat16, out_idx_dtype=torch.int32, enable_end_position=False, enable_output_idx_offset=False, input_distrib=NormalFloatDistribution(), idx_oob_fill_value=-2147483647, value_oob_fill_value=-1234123412341234, seed=18, check_correctness=True, num_runs=10)
topk           :     7.040 us, 0.186 TB/s
================
[    20/   120, 16%] Running on TestParam(batch_size=512, vocab_size=1024, topk=512, sorted_value=False, sorted_index=False, return_value=False, dtype=torch.bfloat16, out_idx_dtype=torch.int32, enable_end_position=False, enable_output_idx_offset=False, input_distrib=NormalFloatDistribution(), idx_oob_fill_value=-2147483647, value_oob_fill_value=-1234123412341234, seed=19, check_correctness=True, num_runs=10)
topk           :    45.722 us, 0.046 TB/s
torch.topk     :    92.160 us, 0.023 TB/s  (speedup 2.02x)
================
[    21/   120, 17%] Running on TestParam(batch_size=512, vocab_size=4096, topk=512, sorted_value=False, sorted_index=False, return_value=False, dtype=torch.bfloat16, out_idx_dtype=torch.int32, enable_end_position=False, enable_output_idx_offset=False, input_distrib=NormalFloatDistribution(), idx_oob_fill_value=-2147483647, value_oob_fill_value=-1234123412341234, seed=20, check_correctness=True, num_runs=10)
topk           :    57.446 us, 0.091 TB/s
torch.topk     :   252.954 us, 0.021 TB/s  (speedup 4.40x)
================
[    22/   120, 18%] Running on TestParam(batch_size=512, vocab_size=16384, topk=512, sorted_value=False, sorted_index=False, return_value=False, dtype=torch.bfloat16, out_idx_dtype=torch.int32, enable_end_position=False, enable_output_idx_offset=False, input_distrib=NormalFloatDistribution(), idx_oob_fill_value=-2147483647, value_oob_fill_value=-1234123412341234, seed=21, check_correctness=True, num_runs=10)
topk           :   100.224 us, 0.178 TB/s
torch.topk     :   462.106 us, 0.039 TB/s  (speedup 4.61x)
================
[    23/   120, 18%] Running on TestParam(batch_size=512, vocab_size=65536, topk=512, sorted_value=False, sorted_index=False, return_value=False, dtype=torch.bfloat16, out_idx_dtype=torch.int32, enable_end_position=False, enable_output_idx_offset=False, input_distrib=NormalFloatDistribution(), idx_oob_fill_value=-2147483647, value_oob_fill_value=-1234123412341234, seed=22, check_correctness=True, num_runs=10)
topk           :   287.360 us, 0.237 TB/s
torch.topk     :  1207.654 us, 0.056 TB/s  (speedup 4.20x)
================
[    24/   120, 19%] Running on TestParam(batch_size=512, vocab_size=131072, topk=512, sorted_value=False, sorted_index=False, return_value=False, dtype=torch.bfloat16, out_idx_dtype=torch.int32, enable_end_position=False, enable_output_idx_offset=False, input_distrib=NormalFloatDistribution(), idx_oob_fill_value=-2147483647, value_oob_fill_value=-1234123412341234, seed=23, check_correctness=True, num_runs=10)
topk           :   469.069 us, 0.288 TB/s
torch.topk     :  2151.014 us, 0.063 TB/s  (speedup 4.59x)
================
[    25/   120, 20%] Running on TestParam(batch_size=512, vocab_size=262144, topk=512, sorted_value=False, sorted_index=False, return_value=False, dtype=torch.bfloat16, out_idx_dtype=torch.int32, enable_end_position=False, enable_output_idx_offset=False, input_distrib=NormalFloatDistribution(), idx_oob_fill_value=-2147483647, value_oob_fill_value=-1234123412341234, seed=24, check_correctness=True, num_runs=10)
topk           :   822.221 us, 0.328 TB/s
torch.topk     :  3786.778 us, 0.071 TB/s  (speedup 4.61x)
================
[    26/   120, 21%] Running on TestParam(batch_size=512, vocab_size=524288, topk=512, sorted_value=False, sorted_index=False, return_value=False, dtype=torch.bfloat16, out_idx_dtype=torch.int32, enable_end_position=False, enable_output_idx_offset=False, input_distrib=NormalFloatDistribution(), idx_oob_fill_value=-2147483647, value_oob_fill_value=-1234123412341234, seed=25, check_correctness=True, num_runs=10)
topk           :  1522.534 us, 0.353 TB/s
torch.topk     :  7058.304 us, 0.076 TB/s  (speedup 4.64x)
================
[    27/   120, 22%] Running on TestParam(batch_size=512, vocab_size=1048576, topk=512, sorted_value=False, sorted_index=False, return_value=False, dtype=torch.bfloat16, out_idx_dtype=torch.int32, enable_end_position=False, enable_output_idx_offset=False, input_distrib=NormalFloatDistribution(), idx_oob_fill_value=-2147483647, value_oob_fill_value=-1234123412341234, seed=26, check_correctness=True, num_runs=10)
topk           :  2906.061 us, 0.370 TB/s
torch.topk     : 13633.510 us, 0.079 TB/s  (speedup 4.69x)
================
[    28/   120, 22%] Running on TestParam(batch_size=768, vocab_size=256, topk=512, sorted_value=False, sorted_index=False, return_value=False, dtype=torch.bfloat16, out_idx_dtype=torch.int32, enable_end_position=False, enable_output_idx_offset=False, input_distrib=NormalFloatDistribution(), idx_oob_fill_value=-2147483647, value_oob_fill_value=-1234123412341234, seed=27, check_correctness=True, num_runs=10)
topk           :     8.550 us, 0.230 TB/s
================
[    29/   120, 23%] Running on TestParam(batch_size=768, vocab_size=1024, topk=512, sorted_value=False, sorted_index=False, return_value=False, dtype=torch.bfloat16, out_idx_dtype=torch.int32, enable_end_position=False, enable_output_idx_offset=False, input_distrib=NormalFloatDistribution(), idx_oob_fill_value=-2147483647, value_oob_fill_value=-1234123412341234, seed=28, check_correctness=True, num_runs=10)
topk           :    58.650 us, 0.054 TB/s
torch.topk     :   126.515 us, 0.025 TB/s  (speedup 2.16x)
================
[    30/   120, 24%] Running on TestParam(batch_size=768, vocab_size=4096, topk=512, sorted_value=False, sorted_index=False, return_value=False, dtype=torch.bfloat16, out_idx_dtype=torch.int32, enable_end_position=False, enable_output_idx_offset=False, input_distrib=NormalFloatDistribution(), idx_oob_fill_value=-2147483647, value_oob_fill_value=-1234123412341234, seed=29, check_correctness=True, num_runs=10)
topk           :    76.083 us, 0.103 TB/s
torch.topk     :   307.507 us, 0.026 TB/s  (speedup 4.04x)
================
[    31/   120, 25%] Running on TestParam(batch_size=768, vocab_size=16384, topk=512, sorted_value=False, sorted_index=False, return_value=False, dtype=torch.bfloat16, out_idx_dtype=torch.int32, enable_end_position=False, enable_output_idx_offset=False, input_distrib=NormalFloatDistribution(), idx_oob_fill_value=-2147483647, value_oob_fill_value=-1234123412341234, seed=30, check_correctness=True, num_runs=10)
topk           :   138.701 us, 0.193 TB/s
torch.topk     :   683.290 us, 0.039 TB/s  (speedup 4.93x)
================
[    32/   120, 26%] Running on TestParam(batch_size=768, vocab_size=65536, topk=512, sorted_value=False, sorted_index=False, return_value=False, dtype=torch.bfloat16, out_idx_dtype=torch.int32, enable_end_position=False, enable_output_idx_offset=False, input_distrib=NormalFloatDistribution(), idx_oob_fill_value=-2147483647, value_oob_fill_value=-1234123412341234, seed=31, check_correctness=True, num_runs=10)
topk           :   442.035 us, 0.231 TB/s
torch.topk     :  1679.462 us, 0.061 TB/s  (speedup 3.80x)
================
[    33/   120, 27%] Running on TestParam(batch_size=768, vocab_size=131072, topk=512, sorted_value=False, sorted_index=False, return_value=False, dtype=torch.bfloat16, out_idx_dtype=torch.int32, enable_end_position=False, enable_output_idx_offset=False, input_distrib=NormalFloatDistribution(), idx_oob_fill_value=-2147483647, value_oob_fill_value=-1234123412341234, seed=32, check_correctness=True, num_runs=10)
topk           :   732.621 us, 0.277 TB/s
torch.topk     :  3084.083 us, 0.066 TB/s  (speedup 4.21x)
================
[    34/   120, 28%] Running on TestParam(batch_size=768, vocab_size=262144, topk=512, sorted_value=False, sorted_index=False, return_value=False, dtype=torch.bfloat16, out_idx_dtype=torch.int32, enable_end_position=False, enable_output_idx_offset=False, input_distrib=NormalFloatDistribution(), idx_oob_fill_value=-2147483647, value_oob_fill_value=-1234123412341234, seed=33, check_correctness=True, num_runs=10)
topk           :  1289.062 us, 0.314 TB/s
torch.topk     :  5556.941 us, 0.073 TB/s  (speedup 4.31x)
================
[    35/   120, 28%] Running on TestParam(batch_size=768, vocab_size=524288, topk=512, sorted_value=False, sorted_index=False, return_value=False, dtype=torch.bfloat16, out_idx_dtype=torch.int32, enable_end_position=False, enable_output_idx_offset=False, input_distrib=NormalFloatDistribution(), idx_oob_fill_value=-2147483647, value_oob_fill_value=-1234123412341234, seed=34, check_correctness=True, num_runs=10)
topk           :  2393.267 us, 0.337 TB/s
torch.topk     : 10394.317 us, 0.078 TB/s  (speedup 4.34x)
================
[    36/   120, 29%] Running on TestParam(batch_size=768, vocab_size=1048576, topk=512, sorted_value=False, sorted_index=False, return_value=False, dtype=torch.bfloat16, out_idx_dtype=torch.int32, enable_end_position=False, enable_output_idx_offset=False, input_distrib=NormalFloatDistribution(), idx_oob_fill_value=-2147483647, value_oob_fill_value=-1234123412341234, seed=35, check_correctness=True, num_runs=10)
topk           :  4587.392 us, 0.351 TB/s
torch.topk     : 20110.848 us, 0.080 TB/s  (speedup 4.38x)
================
[    37/   120, 30%] Running on TestParam(batch_size=4096, vocab_size=256, topk=512, sorted_value=False, sorted_index=False, return_value=False, dtype=torch.bfloat16, out_idx_dtype=torch.int32, enable_end_position=False, enable_output_idx_offset=False, input_distrib=NormalFloatDistribution(), idx_oob_fill_value=-2147483647, value_oob_fill_value=-1234123412341234, seed=36, check_correctness=True, num_runs=10)
topk           :    31.181 us, 0.336 TB/s
================
[    38/   120, 31%] Running on TestParam(batch_size=4096, vocab_size=1024, topk=512, sorted_value=False, sorted_index=False, return_value=False, dtype=torch.bfloat16, out_idx_dtype=torch.int32, enable_end_position=False, enable_output_idx_offset=False, input_distrib=NormalFloatDistribution(), idx_oob_fill_value=-2147483647, value_oob_fill_value=-1234123412341234, seed=37, check_correctness=True, num_runs=10)
topk           :   221.978 us, 0.076 TB/s
torch.topk     :   383.232 us, 0.044 TB/s  (speedup 1.73x)
================
[    39/   120, 32%] Running on TestParam(batch_size=4096, vocab_size=4096, topk=512, sorted_value=False, sorted_index=False, return_value=False, dtype=torch.bfloat16, out_idx_dtype=torch.int32, enable_end_position=False, enable_output_idx_offset=False, input_distrib=NormalFloatDistribution(), idx_oob_fill_value=-2147483647, value_oob_fill_value=-1234123412341234, seed=38, check_correctness=True, num_runs=10)
topk           :   319.437 us, 0.131 TB/s
torch.topk     :   706.637 us, 0.059 TB/s  (speedup 2.21x)
================
[    40/   120, 32%] Running on TestParam(batch_size=4096, vocab_size=16384, topk=512, sorted_value=False, sorted_index=False, return_value=False, dtype=torch.bfloat16, out_idx_dtype=torch.int32, enable_end_position=False, enable_output_idx_offset=False, input_distrib=NormalFloatDistribution(), idx_oob_fill_value=-2147483647, value_oob_fill_value=-1234123412341234, seed=39, check_correctness=True, num_runs=10)
topk           :   619.955 us, 0.230 TB/s
torch.topk     :  2012.339 us, 0.071 TB/s  (speedup 3.25x)
================
[    41/   120, 33%] Running on TestParam(batch_size=4096, vocab_size=65536, topk=512, sorted_value=False, sorted_index=False, return_value=False, dtype=torch.bfloat16, out_idx_dtype=torch.int32, enable_end_position=False, enable_output_idx_offset=False, input_distrib=NormalFloatDistribution(), idx_oob_fill_value=-2147483647, value_oob_fill_value=-1234123412341234, seed=40, check_correctness=True, num_runs=10)
topk           :  2151.987 us, 0.253 TB/s
torch.topk     :  7792.410 us, 0.070 TB/s  (speedup 3.62x)
================
[    42/   120, 34%] Running on TestParam(batch_size=4096, vocab_size=131072, topk=512, sorted_value=False, sorted_index=False, return_value=False, dtype=torch.bfloat16, out_idx_dtype=torch.int32, enable_end_position=False, enable_output_idx_offset=False, input_distrib=NormalFloatDistribution(), idx_oob_fill_value=-2147483647, value_oob_fill_value=-1234123412341234, seed=41, check_correctness=True, num_runs=10)
topk           :  3593.421 us, 0.301 TB/s
torch.topk     : 15384.269 us, 0.070 TB/s  (speedup 4.28x)
================
[    43/   120, 35%] Running on TestParam(batch_size=4096, vocab_size=262144, topk=512, sorted_value=False, sorted_index=False, return_value=False, dtype=torch.bfloat16, out_idx_dtype=torch.int32, enable_end_position=False, enable_output_idx_offset=False, input_distrib=NormalFloatDistribution(), idx_oob_fill_value=-2147483647, value_oob_fill_value=-1234123412341234, seed=42, check_correctness=True, num_runs=10)
topk           :  6396.928 us, 0.337 TB/s
torch.topk     : 29479.117 us, 0.073 TB/s  (speedup 4.61x)
================
[    44/   120, 36%] Running on TestParam(batch_size=4096, vocab_size=524288, topk=512, sorted_value=False, sorted_index=False, return_value=False, dtype=torch.bfloat16, out_idx_dtype=torch.int32, enable_end_position=False, enable_output_idx_offset=False, input_distrib=NormalFloatDistribution(), idx_oob_fill_value=-2147483647, value_oob_fill_value=-1234123412341234, seed=43, check_correctness=True, num_runs=10)
topk           : 11912.192 us, 0.361 TB/s
torch.topk     : 57715.686 us, 0.075 TB/s  (speedup 4.85x)
================
[    45/   120, 37%] Running on TestParam(batch_size=4096, vocab_size=1048576, topk=512, sorted_value=False, sorted_index=False, return_value=False, dtype=torch.bfloat16, out_idx_dtype=torch.int32, enable_end_position=False, enable_output_idx_offset=False, input_distrib=NormalFloatDistribution(), idx_oob_fill_value=-2147483647, value_oob_fill_value=-1234123412341234, seed=44, check_correctness=True, num_runs=10)
topk           : 22963.814 us, 0.374 TB/s
torch.topk     : 111913.933 us, 0.077 TB/s  (speedup 4.87x)
================
[    46/   120, 38%] Running on TestParam(batch_size=6, vocab_size=256, topk=1024, sorted_value=False, sorted_index=False, return_value=False, dtype=torch.bfloat16, out_idx_dtype=torch.int32, enable_end_position=False, enable_output_idx_offset=False, input_distrib=NormalFloatDistribution(), idx_oob_fill_value=-2147483647, value_oob_fill_value=-1234123412341234, seed=45, check_correctness=True, num_runs=10)
topk           :     3.482 us, 0.008 TB/s
================
[    47/   120, 38%] Running on TestParam(batch_size=6, vocab_size=1024, topk=1024, sorted_value=False, sorted_index=False, return_value=False, dtype=torch.bfloat16, out_idx_dtype=torch.int32, enable_end_position=False, enable_output_idx_offset=False, input_distrib=NormalFloatDistribution(), idx_oob_fill_value=-2147483647, value_oob_fill_value=-1234123412341234, seed=46, check_correctness=True, num_runs=10)
topk           :     3.482 us, 0.011 TB/s
torch.topk     :    24.909 us, 0.001 TB/s  (speedup 7.15x)
================
[    48/   120, 39%] Running on TestParam(batch_size=6, vocab_size=4096, topk=1024, sorted_value=False, sorted_index=False, return_value=False, dtype=torch.bfloat16, out_idx_dtype=torch.int32, enable_end_position=False, enable_output_idx_offset=False, input_distrib=NormalFloatDistribution(), idx_oob_fill_value=-2147483647, value_oob_fill_value=-1234123412341234, seed=47, check_correctness=True, num_runs=10)
topk           :    19.098 us, 0.004 TB/s
torch.topk     :    50.739 us, 0.001 TB/s  (speedup 2.66x)
================
[    49/   120, 40%] Running on TestParam(batch_size=6, vocab_size=16384, topk=1024, sorted_value=False, sorted_index=False, return_value=False, dtype=torch.bfloat16, out_idx_dtype=torch.int32, enable_end_position=False, enable_output_idx_offset=False, input_distrib=NormalFloatDistribution(), idx_oob_fill_value=-2147483647, value_oob_fill_value=-1234123412341234, seed=48, check_correctness=True, num_runs=10)
topk           :    31.283 us, 0.007 TB/s
torch.topk     :   144.691 us, 0.002 TB/s  (speedup 4.63x)
================
[    50/   120, 41%] Running on TestParam(batch_size=6, vocab_size=65536, topk=1024, sorted_value=False, sorted_index=False, return_value=False, dtype=torch.bfloat16, out_idx_dtype=torch.int32, enable_end_position=False, enable_output_idx_offset=False, input_distrib=NormalFloatDistribution(), idx_oob_fill_value=-2147483647, value_oob_fill_value=-1234123412341234, seed=49, check_correctness=True, num_runs=10)
topk           :    57.830 us, 0.014 TB/s
torch.topk     :   180.582 us, 0.004 TB/s  (speedup 3.12x)
================
[    51/   120, 42%] Running on TestParam(batch_size=6, vocab_size=131072, topk=1024, sorted_value=False, sorted_index=False, return_value=False, dtype=torch.bfloat16, out_idx_dtype=torch.int32, enable_end_position=False, enable_output_idx_offset=False, input_distrib=NormalFloatDistribution(), idx_oob_fill_value=-2147483647, value_oob_fill_value=-1234123412341234, seed=50, check_correctness=True, num_runs=10)
topk           :    90.650 us, 0.018 TB/s
torch.topk     :   223.078 us, 0.007 TB/s  (speedup 2.46x)
================
[    52/   120, 42%] Running on TestParam(batch_size=6, vocab_size=262144, topk=1024, sorted_value=False, sorted_index=False, return_value=False, dtype=torch.bfloat16, out_idx_dtype=torch.int32, enable_end_position=False, enable_output_idx_offset=False, input_distrib=NormalFloatDistribution(), idx_oob_fill_value=-2147483647, value_oob_fill_value=-1234123412341234, seed=51, check_correctness=True, num_runs=10)
topk           :    99.046 us, 0.032 TB/s
torch.topk     :   260.864 us, 0.012 TB/s  (speedup 2.63x)
================
[    53/   120, 43%] Running on TestParam(batch_size=6, vocab_size=524288, topk=1024, sorted_value=False, sorted_index=False, return_value=False, dtype=torch.bfloat16, out_idx_dtype=torch.int32, enable_end_position=False, enable_output_idx_offset=False, input_distrib=NormalFloatDistribution(), idx_oob_fill_value=-2147483647, value_oob_fill_value=-1234123412341234, seed=52, check_correctness=True, num_runs=10)
topk           :   141.875 us, 0.045 TB/s
torch.topk     :   300.339 us, 0.021 TB/s  (speedup 2.12x)
================
[    54/   120, 44%] Running on TestParam(batch_size=6, vocab_size=1048576, topk=1024, sorted_value=False, sorted_index=False, return_value=False, dtype=torch.bfloat16, out_idx_dtype=torch.int32, enable_end_position=False, enable_output_idx_offset=False, input_distrib=NormalFloatDistribution(), idx_oob_fill_value=-2147483647, value_oob_fill_value=-1234123412341234, seed=53, check_correctness=True, num_runs=10)
topk           :   137.984 us, 0.091 TB/s
torch.topk     :   372.506 us, 0.034 TB/s  (speedup 2.70x)
================
[    55/   120, 45%] Running on TestParam(batch_size=256, vocab_size=256, topk=1024, sorted_value=False, sorted_index=False, return_value=False, dtype=torch.bfloat16, out_idx_dtype=torch.int32, enable_end_position=False, enable_output_idx_offset=False, input_distrib=NormalFloatDistribution(), idx_oob_fill_value=-2147483647, value_oob_fill_value=-1234123412341234, seed=54, check_correctness=True, num_runs=10)
topk           :     5.402 us, 0.218 TB/s
================
[    56/   120, 46%] Running on TestParam(batch_size=256, vocab_size=1024, topk=1024, sorted_value=False, sorted_index=False, return_value=False, dtype=torch.bfloat16, out_idx_dtype=torch.int32, enable_end_position=False, enable_output_idx_offset=False, input_distrib=NormalFloatDistribution(), idx_oob_fill_value=-2147483647, value_oob_fill_value=-1234123412341234, seed=55, check_correctness=True, num_runs=10)
topk           :     5.504 us, 0.286 TB/s
torch.topk     :    56.166 us, 0.028 TB/s  (speedup 10.20x)
================
[    57/   120, 47%] Running on TestParam(batch_size=256, vocab_size=4096, topk=1024, sorted_value=False, sorted_index=False, return_value=False, dtype=torch.bfloat16, out_idx_dtype=torch.int32, enable_end_position=False, enable_output_idx_offset=False, input_distrib=NormalFloatDistribution(), idx_oob_fill_value=-2147483647, value_oob_fill_value=-1234123412341234, seed=56, check_correctness=True, num_runs=10)
topk           :    45.082 us, 0.070 TB/s
torch.topk     :   211.712 us, 0.015 TB/s  (speedup 4.70x)
================
[    58/   120, 48%] Running on TestParam(batch_size=256, vocab_size=16384, topk=1024, sorted_value=False, sorted_index=False, return_value=False, dtype=torch.bfloat16, out_idx_dtype=torch.int32, enable_end_position=False, enable_output_idx_offset=False, input_distrib=NormalFloatDistribution(), idx_oob_fill_value=-2147483647, value_oob_fill_value=-1234123412341234, seed=57, check_correctness=True, num_runs=10)
topk           :    73.267 us, 0.129 TB/s
torch.topk     :   319.565 us, 0.030 TB/s  (speedup 4.36x)
================
[    59/   120, 48%] Running on TestParam(batch_size=256, vocab_size=65536, topk=1024, sorted_value=False, sorted_index=False, return_value=False, dtype=torch.bfloat16, out_idx_dtype=torch.int32, enable_end_position=False, enable_output_idx_offset=False, input_distrib=NormalFloatDistribution(), idx_oob_fill_value=-2147483647, value_oob_fill_value=-1234123412341234, seed=58, check_correctness=True, num_runs=10)
topk           :   188.928 us, 0.183 TB/s
torch.topk     :   723.738 us, 0.048 TB/s  (speedup 3.83x)
================
[    60/   120, 49%] Running on TestParam(batch_size=256, vocab_size=131072, topk=1024, sorted_value=False, sorted_index=False, return_value=False, dtype=torch.bfloat16, out_idx_dtype=torch.int32, enable_end_position=False, enable_output_idx_offset=False, input_distrib=NormalFloatDistribution(), idx_oob_fill_value=-2147483647, value_oob_fill_value=-1234123412341234, seed=59, check_correctness=True, num_runs=10)
topk           :   305.459 us, 0.223 TB/s
torch.topk     :  1213.184 us, 0.056 TB/s  (speedup 3.97x)
================
[    61/   120, 50%] Running on TestParam(batch_size=256, vocab_size=262144, topk=1024, sorted_value=False, sorted_index=False, return_value=False, dtype=torch.bfloat16, out_idx_dtype=torch.int32, enable_end_position=False, enable_output_idx_offset=False, input_distrib=NormalFloatDistribution(), idx_oob_fill_value=-2147483647, value_oob_fill_value=-1234123412341234, seed=60, check_correctness=True, num_runs=10)
topk           :   518.861 us, 0.261 TB/s
torch.topk     :  2045.926 us, 0.066 TB/s  (speedup 3.94x)
================
[    62/   120, 51%] Running on TestParam(batch_size=256, vocab_size=524288, topk=1024, sorted_value=False, sorted_index=False, return_value=False, dtype=torch.bfloat16, out_idx_dtype=torch.int32, enable_end_position=False, enable_output_idx_offset=False, input_distrib=NormalFloatDistribution(), idx_oob_fill_value=-2147483647, value_oob_fill_value=-1234123412341234, seed=61, check_correctness=True, num_runs=10)
topk           :   929.715 us, 0.290 TB/s
torch.topk     :  3687.526 us, 0.073 TB/s  (speedup 3.97x)
================
[    63/   120, 52%] Running on TestParam(batch_size=256, vocab_size=1048576, topk=1024, sorted_value=False, sorted_index=False, return_value=False, dtype=torch.bfloat16, out_idx_dtype=torch.int32, enable_end_position=False, enable_output_idx_offset=False, input_distrib=NormalFloatDistribution(), idx_oob_fill_value=-2147483647, value_oob_fill_value=-1234123412341234, seed=62, check_correctness=True, num_runs=10)
topk           :  1747.840 us, 0.308 TB/s
torch.topk     :  6955.162 us, 0.077 TB/s  (speedup 3.98x)
================
[    64/   120, 52%] Running on TestParam(batch_size=512, vocab_size=256, topk=1024, sorted_value=False, sorted_index=False, return_value=False, dtype=torch.bfloat16, out_idx_dtype=torch.int32, enable_end_position=False, enable_output_idx_offset=False, input_distrib=NormalFloatDistribution(), idx_oob_fill_value=-2147483647, value_oob_fill_value=-1234123412341234, seed=63, check_correctness=True, num_runs=10)
topk           :     6.989 us, 0.338 TB/s
================
[    65/   120, 53%] Running on TestParam(batch_size=512, vocab_size=1024, topk=1024, sorted_value=False, sorted_index=False, return_value=False, dtype=torch.bfloat16, out_idx_dtype=torch.int32, enable_end_position=False, enable_output_idx_offset=False, input_distrib=NormalFloatDistribution(), idx_oob_fill_value=-2147483647, value_oob_fill_value=-1234123412341234, seed=64, check_correctness=True, num_runs=10)
topk           :     7.040 us, 0.447 TB/s
torch.topk     :    86.989 us, 0.036 TB/s  (speedup 12.36x)
================
[    66/   120, 54%] Running on TestParam(batch_size=512, vocab_size=4096, topk=1024, sorted_value=False, sorted_index=False, return_value=False, dtype=torch.bfloat16, out_idx_dtype=torch.int32, enable_end_position=False, enable_output_idx_offset=False, input_distrib=NormalFloatDistribution(), idx_oob_fill_value=-2147483647, value_oob_fill_value=-1234123412341234, seed=65, check_correctness=True, num_runs=10)
topk           :    61.568 us, 0.102 TB/s
torch.topk     :   254.976 us, 0.025 TB/s  (speedup 4.14x)
================
[    67/   120, 55%] Running on TestParam(batch_size=512, vocab_size=16384, topk=1024, sorted_value=False, sorted_index=False, return_value=False, dtype=torch.bfloat16, out_idx_dtype=torch.int32, enable_end_position=False, enable_output_idx_offset=False, input_distrib=NormalFloatDistribution(), idx_oob_fill_value=-2147483647, value_oob_fill_value=-1234123412341234, seed=66, check_correctness=True, num_runs=10)
topk           :   106.240 us, 0.178 TB/s
torch.topk     :   466.406 us, 0.040 TB/s  (speedup 4.39x)
================
[    68/   120, 56%] Running on TestParam(batch_size=512, vocab_size=65536, topk=1024, sorted_value=False, sorted_index=False, return_value=False, dtype=torch.bfloat16, out_idx_dtype=torch.int32, enable_end_position=False, enable_output_idx_offset=False, input_distrib=NormalFloatDistribution(), idx_oob_fill_value=-2147483647, value_oob_fill_value=-1234123412341234, seed=67, check_correctness=True, num_runs=10)
topk           :   311.219 us, 0.222 TB/s
torch.topk     :  1224.166 us, 0.057 TB/s  (speedup 3.93x)
================
[    69/   120, 57%] Running on TestParam(batch_size=512, vocab_size=131072, topk=1024, sorted_value=False, sorted_index=False, return_value=False, dtype=torch.bfloat16, out_idx_dtype=torch.int32, enable_end_position=False, enable_output_idx_offset=False, input_distrib=NormalFloatDistribution(), idx_oob_fill_value=-2147483647, value_oob_fill_value=-1234123412341234, seed=68, check_correctness=True, num_runs=10)
topk           :   504.986 us, 0.270 TB/s
torch.topk     :  2167.501 us, 0.063 TB/s  (speedup 4.29x)
================
[    70/   120, 57%] Running on TestParam(batch_size=512, vocab_size=262144, topk=1024, sorted_value=False, sorted_index=False, return_value=False, dtype=torch.bfloat16, out_idx_dtype=torch.int32, enable_end_position=False, enable_output_idx_offset=False, input_distrib=NormalFloatDistribution(), idx_oob_fill_value=-2147483647, value_oob_fill_value=-1234123412341234, seed=69, check_correctness=True, num_runs=10)
topk           :   867.661 us, 0.312 TB/s
torch.topk     :  3856.538 us, 0.070 TB/s  (speedup 4.44x)
================
[    71/   120, 58%] Running on TestParam(batch_size=512, vocab_size=524288, topk=1024, sorted_value=False, sorted_index=False, return_value=False, dtype=torch.bfloat16, out_idx_dtype=torch.int32, enable_end_position=False, enable_output_idx_offset=False, input_distrib=NormalFloatDistribution(), idx_oob_fill_value=-2147483647, value_oob_fill_value=-1234123412341234, seed=70, check_correctness=True, num_runs=10)
topk           :  1572.992 us, 0.343 TB/s
torch.topk     :  7118.515 us, 0.076 TB/s  (speedup 4.53x)
================
[    72/   120, 59%] Running on TestParam(batch_size=512, vocab_size=1048576, topk=1024, sorted_value=False, sorted_index=False, return_value=False, dtype=torch.bfloat16, out_idx_dtype=torch.int32, enable_end_position=False, enable_output_idx_offset=False, input_distrib=NormalFloatDistribution(), idx_oob_fill_value=-2147483647, value_oob_fill_value=-1234123412341234, seed=71, check_correctness=True, num_runs=10)
topk           :  2957.261 us, 0.364 TB/s
torch.topk     : 13619.686 us, 0.079 TB/s  (speedup 4.61x)
================
[    73/   120, 60%] Running on TestParam(batch_size=768, vocab_size=256, topk=1024, sorted_value=False, sorted_index=False, return_value=False, dtype=torch.bfloat16, out_idx_dtype=torch.int32, enable_end_position=False, enable_output_idx_offset=False, input_distrib=NormalFloatDistribution(), idx_oob_fill_value=-2147483647, value_oob_fill_value=-1234123412341234, seed=72, check_correctness=True, num_runs=10)
topk           :     8.704 us, 0.407 TB/s
================
[    74/   120, 61%] Running on TestParam(batch_size=768, vocab_size=1024, topk=1024, sorted_value=False, sorted_index=False, return_value=False, dtype=torch.bfloat16, out_idx_dtype=torch.int32, enable_end_position=False, enable_output_idx_offset=False, input_distrib=NormalFloatDistribution(), idx_oob_fill_value=-2147483647, value_oob_fill_value=-1234123412341234, seed=73, check_correctness=True, num_runs=10)
topk           :     8.678 us, 0.544 TB/s
torch.topk     :   116.838 us, 0.040 TB/s  (speedup 13.46x)
================
[    75/   120, 62%] Running on TestParam(batch_size=768, vocab_size=4096, topk=1024, sorted_value=False, sorted_index=False, return_value=False, dtype=torch.bfloat16, out_idx_dtype=torch.int32, enable_end_position=False, enable_output_idx_offset=False, input_distrib=NormalFloatDistribution(), idx_oob_fill_value=-2147483647, value_oob_fill_value=-1234123412341234, seed=74, check_correctness=True, num_runs=10)
topk           :    79.053 us, 0.119 TB/s
torch.topk     :   311.936 us, 0.030 TB/s  (speedup 3.95x)
================
[    76/   120, 62%] Running on TestParam(batch_size=768, vocab_size=16384, topk=1024, sorted_value=False, sorted_index=False, return_value=False, dtype=torch.bfloat16, out_idx_dtype=torch.int32, enable_end_position=False, enable_output_idx_offset=False, input_distrib=NormalFloatDistribution(), idx_oob_fill_value=-2147483647, value_oob_fill_value=-1234123412341234, seed=75, check_correctness=True, num_runs=10)
topk           :   147.430 us, 0.192 TB/s
torch.topk     :   680.678 us, 0.042 TB/s  (speedup 4.62x)
================
[    77/   120, 63%] Running on TestParam(batch_size=768, vocab_size=65536, topk=1024, sorted_value=False, sorted_index=False, return_value=False, dtype=torch.bfloat16, out_idx_dtype=torch.int32, enable_end_position=False, enable_output_idx_offset=False, input_distrib=NormalFloatDistribution(), idx_oob_fill_value=-2147483647, value_oob_fill_value=-1234123412341234, seed=76, check_correctness=True, num_runs=10)
topk           :   480.358 us, 0.216 TB/s
torch.topk     :  1706.266 us, 0.061 TB/s  (speedup 3.55x)
================
[    78/   120, 64%] Running on TestParam(batch_size=768, vocab_size=131072, topk=1024, sorted_value=False, sorted_index=False, return_value=False, dtype=torch.bfloat16, out_idx_dtype=torch.int32, enable_end_position=False, enable_output_idx_offset=False, input_distrib=NormalFloatDistribution(), idx_oob_fill_value=-2147483647, value_oob_fill_value=-1234123412341234, seed=77, check_correctness=True, num_runs=10)
topk           :   789.965 us, 0.259 TB/s
torch.topk     :  3119.718 us, 0.066 TB/s  (speedup 3.95x)
================
[    79/   120, 65%] Running on TestParam(batch_size=768, vocab_size=262144, topk=1024, sorted_value=False, sorted_index=False, return_value=False, dtype=torch.bfloat16, out_idx_dtype=torch.int32, enable_end_position=False, enable_output_idx_offset=False, input_distrib=NormalFloatDistribution(), idx_oob_fill_value=-2147483647, value_oob_fill_value=-1234123412341234, seed=78, check_correctness=True, num_runs=10)
topk           :  1363.456 us, 0.298 TB/s
torch.topk     :  5608.294 us, 0.072 TB/s  (speedup 4.11x)
================
[    80/   120, 66%] Running on TestParam(batch_size=768, vocab_size=524288, topk=1024, sorted_value=False, sorted_index=False, return_value=False, dtype=torch.bfloat16, out_idx_dtype=torch.int32, enable_end_position=False, enable_output_idx_offset=False, input_distrib=NormalFloatDistribution(), idx_oob_fill_value=-2147483647, value_oob_fill_value=-1234123412341234, seed=79, check_correctness=True, num_runs=10)
topk           :  2474.010 us, 0.327 TB/s
torch.topk     : 10474.189 us, 0.077 TB/s  (speedup 4.23x)
================
[    81/   120, 67%] Running on TestParam(batch_size=768, vocab_size=1048576, topk=1024, sorted_value=False, sorted_index=False, return_value=False, dtype=torch.bfloat16, out_idx_dtype=torch.int32, enable_end_position=False, enable_output_idx_offset=False, input_distrib=NormalFloatDistribution(), idx_oob_fill_value=-2147483647, value_oob_fill_value=-1234123412341234, seed=80, check_correctness=True, num_runs=10)
topk           :  4673.101 us, 0.345 TB/s
torch.topk     : 20261.837 us, 0.080 TB/s  (speedup 4.34x)
================
[    82/   120, 68%] Running on TestParam(batch_size=4096, vocab_size=256, topk=1024, sorted_value=False, sorted_index=False, return_value=False, dtype=torch.bfloat16, out_idx_dtype=torch.int32, enable_end_position=False, enable_output_idx_offset=False, input_distrib=NormalFloatDistribution(), idx_oob_fill_value=-2147483647, value_oob_fill_value=-1234123412341234, seed=81, check_correctness=True, num_runs=10)
topk           :    31.795 us, 0.594 TB/s
================
[    83/   120, 68%] Running on TestParam(batch_size=4096, vocab_size=1024, topk=1024, sorted_value=False, sorted_index=False, return_value=False, dtype=torch.bfloat16, out_idx_dtype=torch.int32, enable_end_position=False, enable_output_idx_offset=False, input_distrib=NormalFloatDistribution(), idx_oob_fill_value=-2147483647, value_oob_fill_value=-1234123412341234, seed=82, check_correctness=True, num_runs=10)
topk           :    31.514 us, 0.799 TB/s
torch.topk     :   387.661 us, 0.065 TB/s  (speedup 12.30x)
================
[    84/   120, 69%] Running on TestParam(batch_size=4096, vocab_size=4096, topk=1024, sorted_value=False, sorted_index=False, return_value=False, dtype=torch.bfloat16, out_idx_dtype=torch.int32, enable_end_position=False, enable_output_idx_offset=False, input_distrib=NormalFloatDistribution(), idx_oob_fill_value=-2147483647, value_oob_fill_value=-1234123412341234, seed=83, check_correctness=True, num_runs=10)
topk           :   337.715 us, 0.149 TB/s
torch.topk     :   711.962 us, 0.071 TB/s  (speedup 2.11x)
================
[    85/   120, 70%] Running on TestParam(batch_size=4096, vocab_size=16384, topk=1024, sorted_value=False, sorted_index=False, return_value=False, dtype=torch.bfloat16, out_idx_dtype=torch.int32, enable_end_position=False, enable_output_idx_offset=False, input_distrib=NormalFloatDistribution(), idx_oob_fill_value=-2147483647, value_oob_fill_value=-1234123412341234, seed=84, check_correctness=True, num_runs=10)
topk           :   663.859 us, 0.227 TB/s
torch.topk     :  2026.470 us, 0.075 TB/s  (speedup 3.05x)
================
[    86/   120, 71%] Running on TestParam(batch_size=4096, vocab_size=65536, topk=1024, sorted_value=False, sorted_index=False, return_value=False, dtype=torch.bfloat16, out_idx_dtype=torch.int32, enable_end_position=False, enable_output_idx_offset=False, input_distrib=NormalFloatDistribution(), idx_oob_fill_value=-2147483647, value_oob_fill_value=-1234123412341234, seed=85, check_correctness=True, num_runs=10)
topk           :  2335.411 us, 0.237 TB/s
torch.topk     :  7900.416 us, 0.070 TB/s  (speedup 3.38x)
================
[    87/   120, 72%] Running on TestParam(batch_size=4096, vocab_size=131072, topk=1024, sorted_value=False, sorted_index=False, return_value=False, dtype=torch.bfloat16, out_idx_dtype=torch.int32, enable_end_position=False, enable_output_idx_offset=False, input_distrib=NormalFloatDistribution(), idx_oob_fill_value=-2147483647, value_oob_fill_value=-1234123412341234, seed=86, check_correctness=True, num_runs=10)
topk           :  3879.322 us, 0.281 TB/s
torch.topk     : 15578.854 us, 0.070 TB/s  (speedup 4.02x)
================
[    88/   120, 72%] Running on TestParam(batch_size=4096, vocab_size=262144, topk=1024, sorted_value=False, sorted_index=False, return_value=False, dtype=torch.bfloat16, out_idx_dtype=torch.int32, enable_end_position=False, enable_output_idx_offset=False, input_distrib=NormalFloatDistribution(), idx_oob_fill_value=-2147483647, value_oob_fill_value=-1234123412341234, seed=87, check_correctness=True, num_runs=10)
topk           :  6769.024 us, 0.320 TB/s
torch.topk     : 29666.893 us, 0.073 TB/s  (speedup 4.38x)
================
[    89/   120, 73%] Running on TestParam(batch_size=4096, vocab_size=524288, topk=1024, sorted_value=False, sorted_index=False, return_value=False, dtype=torch.bfloat16, out_idx_dtype=torch.int32, enable_end_position=False, enable_output_idx_offset=False, input_distrib=NormalFloatDistribution(), idx_oob_fill_value=-2147483647, value_oob_fill_value=-1234123412341234, seed=88, check_correctness=True, num_runs=10)
topk           : 12342.170 us, 0.349 TB/s
torch.topk     : 58256.358 us, 0.074 TB/s  (speedup 4.72x)
================
[    90/   120, 74%] Running on TestParam(batch_size=4096, vocab_size=1048576, topk=1024, sorted_value=False, sorted_index=False, return_value=False, dtype=torch.bfloat16, out_idx_dtype=torch.int32, enable_end_position=False, enable_output_idx_offset=False, input_distrib=NormalFloatDistribution(), idx_oob_fill_value=-2147483647, value_oob_fill_value=-1234123412341234, seed=89, check_correctness=True, num_runs=10)
topk           : 23395.610 us, 0.368 TB/s
torch.topk     : 112073.830 us, 0.077 TB/s  (speedup 4.79x)
================
[    91/   120, 75%] Running on TestParam(batch_size=6, vocab_size=129280, topk=512, sorted_value=True, sorted_index=False, return_value=True, dtype=torch.float32, out_idx_dtype=torch.int64, enable_end_position=False, enable_output_idx_offset=False, input_distrib=NormalFloatDistribution(), idx_oob_fill_value=-2147483647, value_oob_fill_value=-1234123412341234, seed=90, check_correctness=True, num_runs=10)
topk           :   102.144 us, 0.031 TB/s
torch.topk     :   355.610 us, 0.009 TB/s  (speedup 3.48x)
================
[    92/   120, 76%] Running on TestParam(batch_size=256, vocab_size=129280, topk=512, sorted_value=True, sorted_index=False, return_value=True, dtype=torch.float32, out_idx_dtype=torch.int64, enable_end_position=False, enable_output_idx_offset=False, input_distrib=NormalFloatDistribution(), idx_oob_fill_value=-2147483647, value_oob_fill_value=-1234123412341234, seed=91, check_correctness=True, num_runs=10)
topk           :   287.667 us, 0.466 TB/s
torch.topk     :  1579.315 us, 0.085 TB/s  (speedup 5.49x)
================
[    93/   120, 77%] Running on TestParam(batch_size=512, vocab_size=129280, topk=512, sorted_value=True, sorted_index=False, return_value=True, dtype=torch.float32, out_idx_dtype=torch.int64, enable_end_position=False, enable_output_idx_offset=False, input_distrib=NormalFloatDistribution(), idx_oob_fill_value=-2147483647, value_oob_fill_value=-1234123412341234, seed=92, check_correctness=True, num_runs=10)
topk           :   502.221 us, 0.533 TB/s
torch.topk     :  2812.749 us, 0.095 TB/s  (speedup 5.60x)
================
[    94/   120, 78%] Running on TestParam(batch_size=768, vocab_size=129280, topk=512, sorted_value=True, sorted_index=False, return_value=True, dtype=torch.float32, out_idx_dtype=torch.int64, enable_end_position=False, enable_output_idx_offset=False, input_distrib=NormalFloatDistribution(), idx_oob_fill_value=-2147483647, value_oob_fill_value=-1234123412341234, seed=93, check_correctness=True, num_runs=10)
topk           :   745.523 us, 0.539 TB/s
torch.topk     :  4051.814 us, 0.099 TB/s  (speedup 5.43x)
================
[    95/   120, 78%] Running on TestParam(batch_size=4096, vocab_size=129280, topk=512, sorted_value=True, sorted_index=False, return_value=True, dtype=torch.float32, out_idx_dtype=torch.int64, enable_end_position=False, enable_output_idx_offset=False, input_distrib=NormalFloatDistribution(), idx_oob_fill_value=-2147483647, value_oob_fill_value=-1234123412341234, seed=94, check_correctness=True, num_runs=10)
topk           :  4248.499 us, 0.504 TB/s
torch.topk     : 20155.674 us, 0.106 TB/s  (speedup 4.74x)
================
[    96/   120, 79%] Running on TestParam(batch_size=1, vocab_size=66551, topk=2048, sorted_value=False, sorted_index=False, return_value=False, dtype=torch.float32, out_idx_dtype=torch.int32, enable_end_position=False, enable_output_idx_offset=False, input_distrib=NormalFloatDistribution(), idx_oob_fill_value=-2147483647, value_oob_fill_value=-1234123412341234, seed=95, check_correctness=True, num_runs=10)
topk           :    64.870 us, 0.004 TB/s
torch.topk     :   219.418 us, 0.001 TB/s  (speedup 3.38x)
================
[    97/   120, 80%] Running on TestParam(batch_size=16, vocab_size=66551, topk=2048, sorted_value=False, sorted_index=False, return_value=False, dtype=torch.float32, out_idx_dtype=torch.int32, enable_end_position=False, enable_output_idx_offset=False, input_distrib=NormalFloatDistribution(), idx_oob_fill_value=-2147483647, value_oob_fill_value=-1234123412341234, seed=96, check_correctness=True, num_runs=10)
topk           :    87.014 us, 0.050 TB/s
torch.topk     :   344.038 us, 0.013 TB/s  (speedup 3.95x)
================
[    98/   120, 81%] Running on TestParam(batch_size=132, vocab_size=66551, topk=2048, sorted_value=False, sorted_index=False, return_value=False, dtype=torch.float32, out_idx_dtype=torch.int32, enable_end_position=False, enable_output_idx_offset=False, input_distrib=NormalFloatDistribution(), idx_oob_fill_value=-2147483647, value_oob_fill_value=-1234123412341234, seed=97, check_correctness=True, num_runs=10)
topk           :   120.269 us, 0.301 TB/s
torch.topk     :   652.288 us, 0.056 TB/s  (speedup 5.42x)
================
[    99/   120, 82%] Running on TestParam(batch_size=512, vocab_size=66551, topk=2048, sorted_value=False, sorted_index=False, return_value=False, dtype=torch.float32, out_idx_dtype=torch.int32, enable_end_position=False, enable_output_idx_offset=False, input_distrib=NormalFloatDistribution(), idx_oob_fill_value=-2147483647, value_oob_fill_value=-1234123412341234, seed=98, check_correctness=True, num_runs=10)
topk           :   278.016 us, 0.505 TB/s
torch.topk     :  1595.290 us, 0.088 TB/s  (speedup 5.74x)
================
[   100/   120, 82%] Running on TestParam(batch_size=1, vocab_size=131072, topk=2048, sorted_value=False, sorted_index=False, return_value=False, dtype=torch.float32, out_idx_dtype=torch.int32, enable_end_position=False, enable_output_idx_offset=False, input_distrib=NormalFloatDistribution(), idx_oob_fill_value=-2147483647, value_oob_fill_value=-1234123412341234, seed=99, check_correctness=True, num_runs=10)
topk           :    75.008 us, 0.007 TB/s
torch.topk     :   262.579 us, 0.002 TB/s  (speedup 3.50x)
================
[   101/   120, 83%] Running on TestParam(batch_size=1, vocab_size=131072, topk=2048, sorted_value=False, sorted_index=False, return_value=False, dtype=torch.float32, out_idx_dtype=torch.int32, enable_end_position=False, enable_output_idx_offset=False, input_distrib=NormalFloatDistribution(), idx_oob_fill_value=-2147483647, value_oob_fill_value=-1234123412341234, seed=100, check_correctness=True, num_runs=10)
topk           :    75.187 us, 0.007 TB/s
torch.topk     :   257.638 us, 0.002 TB/s  (speedup 3.43x)
================
[   102/   120, 84%] Running on TestParam(batch_size=1, vocab_size=131072, topk=2048, sorted_value=False, sorted_index=False, return_value=False, dtype=torch.float32, out_idx_dtype=torch.int32, enable_end_position=False, enable_output_idx_offset=False, input_distrib=NormalFloatDistribution(), idx_oob_fill_value=-2147483647, value_oob_fill_value=-1234123412341234, seed=101, check_correctness=True, num_runs=10)
topk           :    75.469 us, 0.007 TB/s
torch.topk     :   259.840 us, 0.002 TB/s  (speedup 3.44x)
================
[   103/   120, 85%] Running on TestParam(batch_size=1, vocab_size=131072, topk=2048, sorted_value=False, sorted_index=False, return_value=False, dtype=torch.float32, out_idx_dtype=torch.int32, enable_end_position=False, enable_output_idx_offset=False, input_distrib=NormalFloatDistribution(), idx_oob_fill_value=-2147483647, value_oob_fill_value=-1234123412341234, seed=102, check_correctness=True, num_runs=10)
topk           :    74.957 us, 0.007 TB/s
torch.topk     :   262.579 us, 0.002 TB/s  (speedup 3.50x)
================
[   104/   120, 86%] Running on TestParam(batch_size=132, vocab_size=131072, topk=2048, sorted_value=False, sorted_index=False, return_value=False, dtype=torch.float32, out_idx_dtype=torch.int32, enable_end_position=False, enable_output_idx_offset=False, input_distrib=NormalFloatDistribution(), idx_oob_fill_value=-2147483647, value_oob_fill_value=-1234123412341234, seed=103, check_correctness=True, num_runs=10)
topk           :   204.749 us, 0.343 TB/s
torch.topk     :  1011.507 us, 0.069 TB/s  (speedup 4.94x)
================
[   105/   120, 87%] Running on TestParam(batch_size=132, vocab_size=131072, topk=2048, sorted_value=False, sorted_index=False, return_value=False, dtype=torch.float32, out_idx_dtype=torch.int32, enable_end_position=False, enable_output_idx_offset=False, input_distrib=NormalFloatDistribution(), idx_oob_fill_value=-2147483647, value_oob_fill_value=-1234123412341234, seed=104, check_correctness=True, num_runs=10)
topk           :   204.518 us, 0.344 TB/s
torch.topk     :  1019.955 us, 0.069 TB/s  (speedup 4.99x)
================
[   106/   120, 88%] Running on TestParam(batch_size=132, vocab_size=131072, topk=2048, sorted_value=False, sorted_index=False, return_value=False, dtype=torch.float32, out_idx_dtype=torch.int32, enable_end_position=False, enable_output_idx_offset=False, input_distrib=NormalFloatDistribution(), idx_oob_fill_value=-2147483647, value_oob_fill_value=-1234123412341234, seed=105, check_correctness=True, num_runs=10)
topk           :   204.493 us, 0.344 TB/s
torch.topk     :  1012.710 us, 0.069 TB/s  (speedup 4.95x)
================
[   107/   120, 88%] Running on TestParam(batch_size=132, vocab_size=131072, topk=2048, sorted_value=False, sorted_index=False, return_value=False, dtype=torch.float32, out_idx_dtype=torch.int32, enable_end_position=False, enable_output_idx_offset=False, input_distrib=NormalFloatDistribution(), idx_oob_fill_value=-2147483647, value_oob_fill_value=-1234123412341234, seed=106, check_correctness=True, num_runs=10)
topk           :   205.210 us, 0.343 TB/s
torch.topk     :  1016.832 us, 0.069 TB/s  (speedup 4.96x)
================
[   108/   120, 89%] Running on TestParam(batch_size=256, vocab_size=131072, topk=2048, sorted_value=False, sorted_index=False, return_value=False, dtype=torch.float32, out_idx_dtype=torch.int32, enable_end_position=False, enable_output_idx_offset=False, input_distrib=NormalFloatDistribution(), idx_oob_fill_value=-2147483647, value_oob_fill_value=-1234123412341234, seed=107, check_correctness=True, num_runs=10)
topk           :   276.122 us, 0.494 TB/s
torch.topk     :  1618.662 us, 0.084 TB/s  (speedup 5.86x)
================
[   109/   120, 90%] Running on TestParam(batch_size=256, vocab_size=131072, topk=2048, sorted_value=False, sorted_index=False, return_value=False, dtype=torch.float32, out_idx_dtype=torch.int32, enable_end_position=False, enable_output_idx_offset=False, input_distrib=NormalFloatDistribution(), idx_oob_fill_value=-2147483647, value_oob_fill_value=-1234123412341234, seed=108, check_correctness=True, num_runs=10)
topk           :   276.352 us, 0.493 TB/s
torch.topk     :  1621.888 us, 0.084 TB/s  (speedup 5.87x)
================
[   110/   120, 91%] Running on TestParam(batch_size=256, vocab_size=131072, topk=2048, sorted_value=False, sorted_index=False, return_value=False, dtype=torch.float32, out_idx_dtype=torch.int32, enable_end_position=False, enable_output_idx_offset=False, input_distrib=NormalFloatDistribution(), idx_oob_fill_value=-2147483647, value_oob_fill_value=-1234123412341234, seed=109, check_correctness=True, num_runs=10)
topk           :   276.301 us, 0.493 TB/s
torch.topk     :  1609.677 us, 0.085 TB/s  (speedup 5.83x)
================
[   111/   120, 92%] Running on TestParam(batch_size=256, vocab_size=131072, topk=2048, sorted_value=False, sorted_index=False, return_value=False, dtype=torch.float32, out_idx_dtype=torch.int32, enable_end_position=False, enable_output_idx_offset=False, input_distrib=NormalFloatDistribution(), idx_oob_fill_value=-2147483647, value_oob_fill_value=-1234123412341234, seed=110, check_correctness=True, num_runs=10)
topk           :   276.096 us, 0.494 TB/s
torch.topk     :  1621.683 us, 0.084 TB/s  (speedup 5.87x)
================
[   112/   120, 92%] Running on TestParam(batch_size=4096, vocab_size=131072, topk=2048, sorted_value=False, sorted_index=False, return_value=False, dtype=torch.float32, out_idx_dtype=torch.int32, enable_end_position=False, enable_output_idx_offset=False, input_distrib=NormalFloatDistribution(), idx_oob_fill_value=-2147483647, value_oob_fill_value=-1234123412341234, seed=111, check_correctness=True, num_runs=10)
topk           :  3409.997 us, 0.640 TB/s
torch.topk     : 20506.112 us, 0.106 TB/s  (speedup 6.01x)
================
[   113/   120, 93%] Running on TestParam(batch_size=4096, vocab_size=131072, topk=2048, sorted_value=False, sorted_index=False, return_value=False, dtype=torch.float32, out_idx_dtype=torch.int32, enable_end_position=False, enable_output_idx_offset=False, input_distrib=NormalFloatDistribution(), idx_oob_fill_value=-2147483647, value_oob_fill_value=-1234123412341234, seed=112, check_correctness=True, num_runs=10)
topk           :  3412.890 us, 0.639 TB/s
torch.topk     : 20487.987 us, 0.106 TB/s  (speedup 6.00x)
================
[   114/   120, 94%] Running on TestParam(batch_size=4096, vocab_size=131072, topk=2048, sorted_value=False, sorted_index=False, return_value=False, dtype=torch.float32, out_idx_dtype=torch.int32, enable_end_position=False, enable_output_idx_offset=False, input_distrib=NormalFloatDistribution(), idx_oob_fill_value=-2147483647, value_oob_fill_value=-1234123412341234, seed=113, check_correctness=True, num_runs=10)
topk           :  3410.637 us, 0.639 TB/s
torch.topk     : 20530.765 us, 0.106 TB/s  (speedup 6.02x)
================
[   115/   120, 95%] Running on TestParam(batch_size=4096, vocab_size=131072, topk=2048, sorted_value=False, sorted_index=False, return_value=False, dtype=torch.float32, out_idx_dtype=torch.int32, enable_end_position=False, enable_output_idx_offset=False, input_distrib=NormalFloatDistribution(), idx_oob_fill_value=-2147483647, value_oob_fill_value=-1234123412341234, seed=114, check_correctness=True, num_runs=10)
topk           :  3411.814 us, 0.639 TB/s
torch.topk     : 20479.130 us, 0.107 TB/s  (speedup 6.00x)
================
[   116/   120, 96%] Running on TestParam(batch_size=1, vocab_size=107520, topk=2048, sorted_value=False, sorted_index=False, return_value=False, dtype=torch.float32, out_idx_dtype=torch.int32, enable_end_position=False, enable_output_idx_offset=False, input_distrib=NormalFloatDistribution(), idx_oob_fill_value=-2147483647, value_oob_fill_value=-1234123412341234, seed=115, check_correctness=True, num_runs=10)
topk           :    73.165 us, 0.006 TB/s
torch.topk     :   262.221 us, 0.002 TB/s  (speedup 3.58x)
================
[   117/   120, 97%] Running on TestParam(batch_size=16, vocab_size=66551, topk=2048, sorted_value=False, sorted_index=False, return_value=False, dtype=torch.float32, out_idx_dtype=torch.int32, enable_end_position=False, enable_output_idx_offset=False, input_distrib=NormalFloatDistribution(), idx_oob_fill_value=-2147483647, value_oob_fill_value=-1234123412341234, seed=116, check_correctness=True, num_runs=10)
topk           :    87.475 us, 0.050 TB/s
torch.topk     :   349.082 us, 0.013 TB/s  (speedup 3.99x)
================
[   118/   120, 98%] Running on TestParam(batch_size=132, vocab_size=107520, topk=2048, sorted_value=False, sorted_index=False, return_value=False, dtype=torch.float32, out_idx_dtype=torch.int32, enable_end_position=False, enable_output_idx_offset=False, input_distrib=NormalFloatDistribution(), idx_oob_fill_value=-2147483647, value_oob_fill_value=-1234123412341234, seed=117, check_correctness=True, num_runs=10)
topk           :   173.542 us, 0.333 TB/s
torch.topk     :   871.834 us, 0.066 TB/s  (speedup 5.02x)
================
[   119/   120, 98%] Running on TestParam(batch_size=256, vocab_size=107520, topk=2048, sorted_value=False, sorted_index=False, return_value=False, dtype=torch.float32, out_idx_dtype=torch.int32, enable_end_position=False, enable_output_idx_offset=False, input_distrib=NormalFloatDistribution(), idx_oob_fill_value=-2147483647, value_oob_fill_value=-1234123412341234, seed=118, check_correctness=True, num_runs=10)
topk           :   232.576 us, 0.482 TB/s
torch.topk     :  1362.304 us, 0.082 TB/s  (speedup 5.86x)
================
[   120/   120, 99%] Running on TestParam(batch_size=4096, vocab_size=107520, topk=2048, sorted_value=False, sorted_index=False, return_value=False, dtype=torch.float32, out_idx_dtype=torch.int32, enable_end_position=False, enable_output_idx_offset=False, input_distrib=NormalFloatDistribution(), idx_oob_fill_value=-2147483647, value_oob_fill_value=-1234123412341234, seed=119, check_correctness=True, num_runs=10)
topk           :  2848.870 us, 0.630 TB/s
torch.topk     : 15707.930 us, 0.114 TB/s  (speedup 5.51x)

================================================================
  pass             120
  check_fail         0
  crash              0
  skip               0
  unsupported        0
[32m[1mAll 120 cases passed![0m
# exit 0
