/root/DeepSelect/tests/test.py:9: UserWarning: Could not find flash_attn package installed. Please try to install flash_attn whl pacakge using pip command and make sure it can be imported properly
  import torch
================
[     1/   147,  0%] Running on TestParam(batch_size=6, vocab_size=256, topk=512, sorted_value=False, sorted_index=False, return_value=False, dtype=torch.bfloat16, out_idx_dtype=torch.int32, enable_end_position=False, enable_output_idx_offset=False, input_distrib=NormalFloatDistribution(), idx_oob_fill_value=-2147483647, value_oob_fill_value=-1234123412341234, seed=0, check_correctness=True, num_runs=10)
topk           :     2.355 us, 0.007 TB/s
================
[     2/   147,  1%] Running on TestParam(batch_size=6, vocab_size=1024, topk=512, sorted_value=False, sorted_index=False, return_value=False, dtype=torch.bfloat16, out_idx_dtype=torch.int32, enable_end_position=False, enable_output_idx_offset=False, input_distrib=NormalFloatDistribution(), idx_oob_fill_value=-2147483647, value_oob_fill_value=-1234123412341234, seed=1, check_correctness=True, num_runs=10)
topk           :    10.189 us, 0.002 TB/s
torch.topk     :    22.656 us, 0.001 TB/s  (speedup 2.22x)
================
[     3/   147,  1%] Running on TestParam(batch_size=6, vocab_size=4096, topk=512, sorted_value=False, sorted_index=False, return_value=False, dtype=torch.bfloat16, out_idx_dtype=torch.int32, enable_end_position=False, enable_output_idx_offset=False, input_distrib=NormalFloatDistribution(), idx_oob_fill_value=-2147483647, value_oob_fill_value=-1234123412341234, seed=2, check_correctness=True, num_runs=10)
topk           :    11.059 us, 0.006 TB/s
torch.topk     :    37.402 us, 0.002 TB/s  (speedup 3.38x)
================
[     4/   147,  2%] Running on TestParam(batch_size=6, vocab_size=16384, topk=512, sorted_value=False, sorted_index=False, return_value=False, dtype=torch.bfloat16, out_idx_dtype=torch.int32, enable_end_position=False, enable_output_idx_offset=False, input_distrib=NormalFloatDistribution(), idx_oob_fill_value=-2147483647, value_oob_fill_value=-1234123412341234, seed=3, check_correctness=True, num_runs=10)
topk           :    16.512 us, 0.013 TB/s
torch.topk     :    92.186 us, 0.002 TB/s  (speedup 5.58x)
================
[     5/   147,  3%] Running on TestParam(batch_size=6, vocab_size=65536, topk=512, sorted_value=False, sorted_index=False, return_value=False, dtype=torch.bfloat16, out_idx_dtype=torch.int32, enable_end_position=False, enable_output_idx_offset=False, input_distrib=NormalFloatDistribution(), idx_oob_fill_value=-2147483647, value_oob_fill_value=-1234123412341234, seed=4, check_correctness=True, num_runs=10)
topk           :    29.261 us, 0.027 TB/s
torch.topk     :   153.062 us, 0.005 TB/s  (speedup 5.23x)
================
[     6/   147,  3%] Running on TestParam(batch_size=6, vocab_size=131072, topk=512, sorted_value=False, sorted_index=False, return_value=False, dtype=torch.bfloat16, out_idx_dtype=torch.int32, enable_end_position=False, enable_output_idx_offset=False, input_distrib=NormalFloatDistribution(), idx_oob_fill_value=-2147483647, value_oob_fill_value=-1234123412341234, seed=5, check_correctness=True, num_runs=10)
topk           :    40.858 us, 0.039 TB/s
torch.topk     :   176.922 us, 0.009 TB/s  (speedup 4.33x)
================
[     7/   147,  4%] Running on TestParam(batch_size=6, vocab_size=262144, topk=512, sorted_value=False, sorted_index=False, return_value=False, dtype=torch.bfloat16, out_idx_dtype=torch.int32, enable_end_position=False, enable_output_idx_offset=False, input_distrib=NormalFloatDistribution(), idx_oob_fill_value=-2147483647, value_oob_fill_value=-1234123412341234, seed=6, check_correctness=True, num_runs=10)
topk           :    54.912 us, 0.058 TB/s
torch.topk     :   248.064 us, 0.013 TB/s  (speedup 4.52x)
================
[     8/   147,  5%] Running on TestParam(batch_size=6, vocab_size=524288, topk=512, sorted_value=False, sorted_index=False, return_value=False, dtype=torch.bfloat16, out_idx_dtype=torch.int32, enable_end_position=False, enable_output_idx_offset=False, input_distrib=NormalFloatDistribution(), idx_oob_fill_value=-2147483647, value_oob_fill_value=-1234123412341234, seed=7, check_correctness=True, num_runs=10)
topk           :    71.885 us, 0.088 TB/s
torch.topk     :   332.006 us, 0.019 TB/s  (speedup 4.62x)
================
[     9/   147,  5%] Running on TestParam(batch_size=6, vocab_size=1048576, topk=512, sorted_value=False, sorted_index=False, return_value=False, dtype=torch.bfloat16, out_idx_dtype=torch.int32, enable_end_position=False, enable_output_idx_offset=False, input_distrib=NormalFloatDistribution(), idx_oob_fill_value=-2147483647, value_oob_fill_value=-1234123412341234, seed=8, check_correctness=True, num_runs=10)
topk           :    96.845 us, 0.130 TB/s
torch.topk     :   515.456 us, 0.024 TB/s  (speedup 5.32x)
================
[    10/   147,  6%] Running on TestParam(batch_size=256, vocab_size=256, topk=512, sorted_value=False, sorted_index=False, return_value=False, dtype=torch.bfloat16, out_idx_dtype=torch.int32, enable_end_position=False, enable_output_idx_offset=False, input_distrib=NormalFloatDistribution(), idx_oob_fill_value=-2147483647, value_oob_fill_value=-1234123412341234, seed=9, check_correctness=True, num_runs=10)
topk           :     4.326 us, 0.151 TB/s
================
[    11/   147,  7%] Running on TestParam(batch_size=256, vocab_size=1024, topk=512, sorted_value=False, sorted_index=False, return_value=False, dtype=torch.bfloat16, out_idx_dtype=torch.int32, enable_end_position=False, enable_output_idx_offset=False, input_distrib=NormalFloatDistribution(), idx_oob_fill_value=-2147483647, value_oob_fill_value=-1234123412341234, seed=10, check_correctness=True, num_runs=10)
topk           :    25.165 us, 0.042 TB/s
torch.topk     :   151.347 us, 0.007 TB/s  (speedup 6.01x)
================
[    12/   147,  7%] Running on TestParam(batch_size=256, vocab_size=4096, topk=512, sorted_value=False, sorted_index=False, return_value=False, dtype=torch.bfloat16, out_idx_dtype=torch.int32, enable_end_position=False, enable_output_idx_offset=False, input_distrib=NormalFloatDistribution(), idx_oob_fill_value=-2147483647, value_oob_fill_value=-1234123412341234, seed=11, check_correctness=True, num_runs=10)
topk           :    34.560 us, 0.076 TB/s
torch.topk     :   249.574 us, 0.011 TB/s  (speedup 7.22x)
================
[    13/   147,  8%] Running on TestParam(batch_size=256, vocab_size=16384, topk=512, sorted_value=False, sorted_index=False, return_value=False, dtype=torch.bfloat16, out_idx_dtype=torch.int32, enable_end_position=False, enable_output_idx_offset=False, input_distrib=NormalFloatDistribution(), idx_oob_fill_value=-2147483647, value_oob_fill_value=-1234123412341234, seed=12, check_correctness=True, num_runs=10)
topk           :    63.027 us, 0.141 TB/s
torch.topk     :   576.051 us, 0.015 TB/s  (speedup 9.14x)
================
[    14/   147,  9%] Running on TestParam(batch_size=256, vocab_size=65536, topk=512, sorted_value=False, sorted_index=False, return_value=False, dtype=torch.bfloat16, out_idx_dtype=torch.int32, enable_end_position=False, enable_output_idx_offset=False, input_distrib=NormalFloatDistribution(), idx_oob_fill_value=-2147483647, value_oob_fill_value=-1234123412341234, seed=13, check_correctness=True, num_runs=10)
topk           :   165.786 us, 0.206 TB/s
torch.topk     :  1272.346 us, 0.027 TB/s  (speedup 7.67x)
================
[    15/   147, 10%] Running on TestParam(batch_size=256, vocab_size=131072, topk=512, sorted_value=False, sorted_index=False, return_value=False, dtype=torch.bfloat16, out_idx_dtype=torch.int32, enable_end_position=False, enable_output_idx_offset=False, input_distrib=NormalFloatDistribution(), idx_oob_fill_value=-2147483647, value_oob_fill_value=-1234123412341234, seed=14, check_correctness=True, num_runs=10)
topk           :   250.982 us, 0.269 TB/s
torch.topk     :  2201.958 us, 0.031 TB/s  (speedup 8.77x)
================
[    16/   147, 10%] Running on TestParam(batch_size=256, vocab_size=262144, topk=512, sorted_value=False, sorted_index=False, return_value=False, dtype=torch.bfloat16, out_idx_dtype=torch.int32, enable_end_position=False, enable_output_idx_offset=False, input_distrib=NormalFloatDistribution(), idx_oob_fill_value=-2147483647, value_oob_fill_value=-1234123412341234, seed=15, check_correctness=True, num_runs=10)
topk           :   404.608 us, 0.333 TB/s
torch.topk     :  4090.982 us, 0.033 TB/s  (speedup 10.11x)
================
[    17/   147, 11%] Running on TestParam(batch_size=256, vocab_size=524288, topk=512, sorted_value=False, sorted_index=False, return_value=False, dtype=torch.bfloat16, out_idx_dtype=torch.int32, enable_end_position=False, enable_output_idx_offset=False, input_distrib=NormalFloatDistribution(), idx_oob_fill_value=-2147483647, value_oob_fill_value=-1234123412341234, seed=16, check_correctness=True, num_runs=10)
topk           :   705.971 us, 0.381 TB/s
torch.topk     :  7813.837 us, 0.034 TB/s  (speedup 11.07x)
================
[    18/   147, 12%] Running on TestParam(batch_size=256, vocab_size=1048576, topk=512, sorted_value=False, sorted_index=False, return_value=False, dtype=torch.bfloat16, out_idx_dtype=torch.int32, enable_end_position=False, enable_output_idx_offset=False, input_distrib=NormalFloatDistribution(), idx_oob_fill_value=-2147483647, value_oob_fill_value=-1234123412341234, seed=17, check_correctness=True, num_runs=10)
topk           :  1310.003 us, 0.410 TB/s
torch.topk     : 15302.170 us, 0.035 TB/s  (speedup 11.68x)
================
[    19/   147, 12%] Running on TestParam(batch_size=512, vocab_size=256, topk=512, sorted_value=False, sorted_index=False, return_value=False, dtype=torch.bfloat16, out_idx_dtype=torch.int32, enable_end_position=False, enable_output_idx_offset=False, input_distrib=NormalFloatDistribution(), idx_oob_fill_value=-2147483647, value_oob_fill_value=-1234123412341234, seed=18, check_correctness=True, num_runs=10)
topk           :     6.144 us, 0.213 TB/s
================
[    20/   147, 13%] Running on TestParam(batch_size=512, vocab_size=1024, topk=512, sorted_value=False, sorted_index=False, return_value=False, dtype=torch.bfloat16, out_idx_dtype=torch.int32, enable_end_position=False, enable_output_idx_offset=False, input_distrib=NormalFloatDistribution(), idx_oob_fill_value=-2147483647, value_oob_fill_value=-1234123412341234, seed=19, check_correctness=True, num_runs=10)
topk           :    43.136 us, 0.049 TB/s
torch.topk     :   293.606 us, 0.007 TB/s  (speedup 6.81x)
================
[    21/   147, 14%] Running on TestParam(batch_size=512, vocab_size=4096, topk=512, sorted_value=False, sorted_index=False, return_value=False, dtype=torch.bfloat16, out_idx_dtype=torch.int32, enable_end_position=False, enable_output_idx_offset=False, input_distrib=NormalFloatDistribution(), idx_oob_fill_value=-2147483647, value_oob_fill_value=-1234123412341234, seed=20, check_correctness=True, num_runs=10)
topk           :    60.211 us, 0.087 TB/s
torch.topk     :   289.280 us, 0.018 TB/s  (speedup 4.80x)
================
[    22/   147, 14%] Running on TestParam(batch_size=512, vocab_size=16384, topk=512, sorted_value=False, sorted_index=False, return_value=False, dtype=torch.bfloat16, out_idx_dtype=torch.int32, enable_end_position=False, enable_output_idx_offset=False, input_distrib=NormalFloatDistribution(), idx_oob_fill_value=-2147483647, value_oob_fill_value=-1234123412341234, seed=21, check_correctness=True, num_runs=10)
topk           :   110.771 us, 0.161 TB/s
torch.topk     :   700.595 us, 0.025 TB/s  (speedup 6.32x)
================
[    23/   147, 15%] Running on TestParam(batch_size=512, vocab_size=65536, topk=512, sorted_value=False, sorted_index=False, return_value=False, dtype=torch.bfloat16, out_idx_dtype=torch.int32, enable_end_position=False, enable_output_idx_offset=False, input_distrib=NormalFloatDistribution(), idx_oob_fill_value=-2147483647, value_oob_fill_value=-1234123412341234, seed=22, check_correctness=True, num_runs=10)
topk           :   297.421 us, 0.229 TB/s
torch.topk     :  2344.090 us, 0.029 TB/s  (speedup 7.88x)
================
[    24/   147, 16%] Running on TestParam(batch_size=512, vocab_size=131072, topk=512, sorted_value=False, sorted_index=False, return_value=False, dtype=torch.bfloat16, out_idx_dtype=torch.int32, enable_end_position=False, enable_output_idx_offset=False, input_distrib=NormalFloatDistribution(), idx_oob_fill_value=-2147483647, value_oob_fill_value=-1234123412341234, seed=23, check_correctness=True, num_runs=10)
topk           :   450.893 us, 0.300 TB/s
torch.topk     :  4207.155 us, 0.032 TB/s  (speedup 9.33x)
================
[    25/   147, 16%] Running on TestParam(batch_size=512, vocab_size=262144, topk=512, sorted_value=False, sorted_index=False, return_value=False, dtype=torch.bfloat16, out_idx_dtype=torch.int32, enable_end_position=False, enable_output_idx_offset=False, input_distrib=NormalFloatDistribution(), idx_oob_fill_value=-2147483647, value_oob_fill_value=-1234123412341234, seed=24, check_correctness=True, num_runs=10)
topk           :   733.722 us, 0.367 TB/s
torch.topk     :  7941.658 us, 0.034 TB/s  (speedup 10.82x)
================
[    26/   147, 17%] Running on TestParam(batch_size=512, vocab_size=524288, topk=512, sorted_value=False, sorted_index=False, return_value=False, dtype=torch.bfloat16, out_idx_dtype=torch.int32, enable_end_position=False, enable_output_idx_offset=False, input_distrib=NormalFloatDistribution(), idx_oob_fill_value=-2147483647, value_oob_fill_value=-1234123412341234, seed=25, check_correctness=True, num_runs=10)
topk           :  1288.192 us, 0.418 TB/s
torch.topk     : 15361.946 us, 0.035 TB/s  (speedup 11.93x)
================
[    27/   147, 18%] Running on TestParam(batch_size=512, vocab_size=1048576, topk=512, sorted_value=False, sorted_index=False, return_value=False, dtype=torch.bfloat16, out_idx_dtype=torch.int32, enable_end_position=False, enable_output_idx_offset=False, input_distrib=NormalFloatDistribution(), idx_oob_fill_value=-2147483647, value_oob_fill_value=-1234123412341234, seed=26, check_correctness=True, num_runs=10)
topk           :  2394.931 us, 0.449 TB/s
torch.topk     : 30235.622 us, 0.036 TB/s  (speedup 12.62x)
================
[    28/   147, 18%] Running on TestParam(batch_size=768, vocab_size=256, topk=512, sorted_value=False, sorted_index=False, return_value=False, dtype=torch.bfloat16, out_idx_dtype=torch.int32, enable_end_position=False, enable_output_idx_offset=False, input_distrib=NormalFloatDistribution(), idx_oob_fill_value=-2147483647, value_oob_fill_value=-1234123412341234, seed=27, check_correctness=True, num_runs=10)
topk           :     7.987 us, 0.246 TB/s
================
[    29/   147, 19%] Running on TestParam(batch_size=768, vocab_size=1024, topk=512, sorted_value=False, sorted_index=False, return_value=False, dtype=torch.bfloat16, out_idx_dtype=torch.int32, enable_end_position=False, enable_output_idx_offset=False, input_distrib=NormalFloatDistribution(), idx_oob_fill_value=-2147483647, value_oob_fill_value=-1234123412341234, seed=28, check_correctness=True, num_runs=10)
topk           :    60.672 us, 0.052 TB/s
torch.topk     :   432.998 us, 0.007 TB/s  (speedup 7.14x)
================
[    30/   147, 20%] Running on TestParam(batch_size=768, vocab_size=4096, topk=512, sorted_value=False, sorted_index=False, return_value=False, dtype=torch.bfloat16, out_idx_dtype=torch.int32, enable_end_position=False, enable_output_idx_offset=False, input_distrib=NormalFloatDistribution(), idx_oob_fill_value=-2147483647, value_oob_fill_value=-1234123412341234, seed=29, check_correctness=True, num_runs=10)
topk           :    86.400 us, 0.091 TB/s
torch.topk     :   362.163 us, 0.022 TB/s  (speedup 4.19x)
================
[    31/   147, 20%] Running on TestParam(batch_size=768, vocab_size=16384, topk=512, sorted_value=False, sorted_index=False, return_value=False, dtype=torch.bfloat16, out_idx_dtype=torch.int32, enable_end_position=False, enable_output_idx_offset=False, input_distrib=NormalFloatDistribution(), idx_oob_fill_value=-2147483647, value_oob_fill_value=-1234123412341234, seed=30, check_correctness=True, num_runs=10)
topk           :   158.694 us, 0.168 TB/s
torch.topk     :   956.774 us, 0.028 TB/s  (speedup 6.03x)
================
[    32/   147, 21%] Running on TestParam(batch_size=768, vocab_size=65536, topk=512, sorted_value=False, sorted_index=False, return_value=False, dtype=torch.bfloat16, out_idx_dtype=torch.int32, enable_end_position=False, enable_output_idx_offset=False, input_distrib=NormalFloatDistribution(), idx_oob_fill_value=-2147483647, value_oob_fill_value=-1234123412341234, seed=31, check_correctness=True, num_runs=10)
topk           :   428.621 us, 0.239 TB/s
torch.topk     :  3408.384 us, 0.030 TB/s  (speedup 7.95x)
================
[    33/   147, 22%] Running on TestParam(batch_size=768, vocab_size=131072, topk=512, sorted_value=False, sorted_index=False, return_value=False, dtype=torch.bfloat16, out_idx_dtype=torch.int32, enable_end_position=False, enable_output_idx_offset=False, input_distrib=NormalFloatDistribution(), idx_oob_fill_value=-2147483647, value_oob_fill_value=-1234123412341234, seed=32, check_correctness=True, num_runs=10)
topk           :   651.059 us, 0.312 TB/s
torch.topk     :  6227.072 us, 0.033 TB/s  (speedup 9.56x)
================
[    34/   147, 22%] Running on TestParam(batch_size=768, vocab_size=262144, topk=512, sorted_value=False, sorted_index=False, return_value=False, dtype=torch.bfloat16, out_idx_dtype=torch.int32, enable_end_position=False, enable_output_idx_offset=False, input_distrib=NormalFloatDistribution(), idx_oob_fill_value=-2147483647, value_oob_fill_value=-1234123412341234, seed=33, check_correctness=True, num_runs=10)
topk           :  1064.576 us, 0.380 TB/s
torch.topk     : 11800.115 us, 0.034 TB/s  (speedup 11.08x)
================
[    35/   147, 23%] Running on TestParam(batch_size=768, vocab_size=524288, topk=512, sorted_value=False, sorted_index=False, return_value=False, dtype=torch.bfloat16, out_idx_dtype=torch.int32, enable_end_position=False, enable_output_idx_offset=False, input_distrib=NormalFloatDistribution(), idx_oob_fill_value=-2147483647, value_oob_fill_value=-1234123412341234, seed=34, check_correctness=True, num_runs=10)
topk           :  1869.158 us, 0.432 TB/s
torch.topk     : 22908.390 us, 0.035 TB/s  (speedup 12.26x)
================
[    36/   147, 24%] Running on TestParam(batch_size=768, vocab_size=1048576, topk=512, sorted_value=False, sorted_index=False, return_value=False, dtype=torch.bfloat16, out_idx_dtype=torch.int32, enable_end_position=False, enable_output_idx_offset=False, input_distrib=NormalFloatDistribution(), idx_oob_fill_value=-2147483647, value_oob_fill_value=-1234123412341234, seed=35, check_correctness=True, num_runs=10)
topk           :  3482.138 us, 0.463 TB/s
torch.topk     : 45012.122 us, 0.036 TB/s  (speedup 12.93x)
================
[    37/   147, 24%] Running on TestParam(batch_size=4096, vocab_size=256, topk=512, sorted_value=False, sorted_index=False, return_value=False, dtype=torch.bfloat16, out_idx_dtype=torch.int32, enable_end_position=False, enable_output_idx_offset=False, input_distrib=NormalFloatDistribution(), idx_oob_fill_value=-2147483647, value_oob_fill_value=-1234123412341234, seed=36, check_correctness=True, num_runs=10)
topk           :    31.667 us, 0.331 TB/s
================
[    38/   147, 25%] Running on TestParam(batch_size=4096, vocab_size=1024, topk=512, sorted_value=False, sorted_index=False, return_value=False, dtype=torch.bfloat16, out_idx_dtype=torch.int32, enable_end_position=False, enable_output_idx_offset=False, input_distrib=NormalFloatDistribution(), idx_oob_fill_value=-2147483647, value_oob_fill_value=-1234123412341234, seed=37, check_correctness=True, num_runs=10)
topk           :   294.963 us, 0.057 TB/s
torch.topk     :   666.061 us, 0.025 TB/s  (speedup 2.26x)
================
[    39/   147, 26%] Running on TestParam(batch_size=4096, vocab_size=4096, topk=512, sorted_value=False, sorted_index=False, return_value=False, dtype=torch.bfloat16, out_idx_dtype=torch.int32, enable_end_position=False, enable_output_idx_offset=False, input_distrib=NormalFloatDistribution(), idx_oob_fill_value=-2147483647, value_oob_fill_value=-1234123412341234, seed=38, check_correctness=True, num_runs=10)
topk           :   426.829 us, 0.098 TB/s
torch.topk     :  1357.619 us, 0.031 TB/s  (speedup 3.18x)
================
[    40/   147, 27%] Running on TestParam(batch_size=4096, vocab_size=16384, topk=512, sorted_value=False, sorted_index=False, return_value=False, dtype=torch.bfloat16, out_idx_dtype=torch.int32, enable_end_position=False, enable_output_idx_offset=False, input_distrib=NormalFloatDistribution(), idx_oob_fill_value=-2147483647, value_oob_fill_value=-1234123412341234, seed=39, check_correctness=True, num_runs=10)
topk           :   787.866 us, 0.181 TB/s
torch.topk     :  4217.446 us, 0.034 TB/s  (speedup 5.35x)
================
[    41/   147, 27%] Running on TestParam(batch_size=4096, vocab_size=65536, topk=512, sorted_value=False, sorted_index=False, return_value=False, dtype=torch.bfloat16, out_idx_dtype=torch.int32, enable_end_position=False, enable_output_idx_offset=False, input_distrib=NormalFloatDistribution(), idx_oob_fill_value=-2147483647, value_oob_fill_value=-1234123412341234, seed=40, check_correctness=True, num_runs=10)
topk           :  2154.496 us, 0.253 TB/s
torch.topk     : 17266.483 us, 0.032 TB/s  (speedup 8.01x)
================
[    42/   147, 28%] Running on TestParam(batch_size=4096, vocab_size=131072, topk=512, sorted_value=False, sorted_index=False, return_value=False, dtype=torch.bfloat16, out_idx_dtype=torch.int32, enable_end_position=False, enable_output_idx_offset=False, input_distrib=NormalFloatDistribution(), idx_oob_fill_value=-2147483647, value_oob_fill_value=-1234123412341234, seed=41, check_correctness=True, num_runs=10)
topk           :  3287.040 us, 0.329 TB/s
torch.topk     : 32236.211 us, 0.034 TB/s  (speedup 9.81x)
================
[    43/   147, 29%] Running on TestParam(batch_size=4096, vocab_size=262144, topk=512, sorted_value=False, sorted_index=False, return_value=False, dtype=torch.bfloat16, out_idx_dtype=torch.int32, enable_end_position=False, enable_output_idx_offset=False, input_distrib=NormalFloatDistribution(), idx_oob_fill_value=-2147483647, value_oob_fill_value=-1234123412341234, seed=42, check_correctness=True, num_runs=10)
topk           :  5403.648 us, 0.399 TB/s
torch.topk     : 63716.301 us, 0.034 TB/s  (speedup 11.79x)
================
[    44/   147, 29%] Running on TestParam(batch_size=4096, vocab_size=524288, topk=512, sorted_value=False, sorted_index=False, return_value=False, dtype=torch.bfloat16, out_idx_dtype=torch.int32, enable_end_position=False, enable_output_idx_offset=False, input_distrib=NormalFloatDistribution(), idx_oob_fill_value=-2147483647, value_oob_fill_value=-1234123412341234, seed=43, check_correctness=True, num_runs=10)
topk           :  9560.550 us, 0.450 TB/s
torch.topk     : 127159.706 us, 0.034 TB/s  (speedup 13.30x)
================
[    45/   147, 30%] Running on TestParam(batch_size=4096, vocab_size=1048576, topk=512, sorted_value=False, sorted_index=False, return_value=False, dtype=torch.bfloat16, out_idx_dtype=torch.int32, enable_end_position=False, enable_output_idx_offset=False, input_distrib=NormalFloatDistribution(), idx_oob_fill_value=-2147483647, value_oob_fill_value=-1234123412341234, seed=44, check_correctness=True, num_runs=10)
topk           : 17869.056 us, 0.481 TB/s
torch.topk     : 251410.714 us, 0.034 TB/s  (speedup 14.07x)
================
[    46/   147, 31%] Running on TestParam(batch_size=6, vocab_size=256, topk=1024, sorted_value=False, sorted_index=False, return_value=False, dtype=torch.bfloat16, out_idx_dtype=torch.int32, enable_end_position=False, enable_output_idx_offset=False, input_distrib=NormalFloatDistribution(), idx_oob_fill_value=-2147483647, value_oob_fill_value=-1234123412341234, seed=45, check_correctness=True, num_runs=10)
topk           :     2.406 us, 0.011 TB/s
================
[    47/   147, 31%] Running on TestParam(batch_size=6, vocab_size=1024, topk=1024, sorted_value=False, sorted_index=False, return_value=False, dtype=torch.bfloat16, out_idx_dtype=torch.int32, enable_end_position=False, enable_output_idx_offset=False, input_distrib=NormalFloatDistribution(), idx_oob_fill_value=-2147483647, value_oob_fill_value=-1234123412341234, seed=46, check_correctness=True, num_runs=10)
topk           :     2.355 us, 0.016 TB/s
torch.topk     :    21.299 us, 0.002 TB/s  (speedup 9.04x)
================
[    48/   147, 32%] Running on TestParam(batch_size=6, vocab_size=4096, topk=1024, sorted_value=False, sorted_index=False, return_value=False, dtype=torch.bfloat16, out_idx_dtype=torch.int32, enable_end_position=False, enable_output_idx_offset=False, input_distrib=NormalFloatDistribution(), idx_oob_fill_value=-2147483647, value_oob_fill_value=-1234123412341234, seed=47, check_correctness=True, num_runs=10)
topk           :    11.341 us, 0.007 TB/s
torch.topk     :    36.147 us, 0.002 TB/s  (speedup 3.19x)
================
[    49/   147, 33%] Running on TestParam(batch_size=6, vocab_size=16384, topk=1024, sorted_value=False, sorted_index=False, return_value=False, dtype=torch.bfloat16, out_idx_dtype=torch.int32, enable_end_position=False, enable_output_idx_offset=False, input_distrib=NormalFloatDistribution(), idx_oob_fill_value=-2147483647, value_oob_fill_value=-1234123412341234, seed=48, check_correctness=True, num_runs=10)
topk           :    17.331 us, 0.013 TB/s
torch.topk     :    91.955 us, 0.002 TB/s  (speedup 5.31x)
================
[    50/   147, 33%] Running on TestParam(batch_size=6, vocab_size=65536, topk=1024, sorted_value=False, sorted_index=False, return_value=False, dtype=torch.bfloat16, out_idx_dtype=torch.int32, enable_end_position=False, enable_output_idx_offset=False, input_distrib=NormalFloatDistribution(), idx_oob_fill_value=-2147483647, value_oob_fill_value=-1234123412341234, seed=49, check_correctness=True, num_runs=10)
topk           :    32.000 us, 0.025 TB/s
torch.topk     :   153.062 us, 0.005 TB/s  (speedup 4.78x)
================
[    51/   147, 34%] Running on TestParam(batch_size=6, vocab_size=131072, topk=1024, sorted_value=False, sorted_index=False, return_value=False, dtype=torch.bfloat16, out_idx_dtype=torch.int32, enable_end_position=False, enable_output_idx_offset=False, input_distrib=NormalFloatDistribution(), idx_oob_fill_value=-2147483647, value_oob_fill_value=-1234123412341234, seed=50, check_correctness=True, num_runs=10)
topk           :    50.355 us, 0.032 TB/s
torch.topk     :   179.661 us, 0.009 TB/s  (speedup 3.57x)
================
[    52/   147, 35%] Running on TestParam(batch_size=6, vocab_size=262144, topk=1024, sorted_value=False, sorted_index=False, return_value=False, dtype=torch.bfloat16, out_idx_dtype=torch.int32, enable_end_position=False, enable_output_idx_offset=False, input_distrib=NormalFloatDistribution(), idx_oob_fill_value=-2147483647, value_oob_fill_value=-1234123412341234, seed=51, check_correctness=True, num_runs=10)
topk           :    62.669 us, 0.051 TB/s
torch.topk     :   247.194 us, 0.013 TB/s  (speedup 3.94x)
================
[    53/   147, 35%] Running on TestParam(batch_size=6, vocab_size=524288, topk=1024, sorted_value=False, sorted_index=False, return_value=False, dtype=torch.bfloat16, out_idx_dtype=torch.int32, enable_end_position=False, enable_output_idx_offset=False, input_distrib=NormalFloatDistribution(), idx_oob_fill_value=-2147483647, value_oob_fill_value=-1234123412341234, seed=52, check_correctness=True, num_runs=10)
topk           :    79.846 us, 0.079 TB/s
torch.topk     :   352.410 us, 0.018 TB/s  (speedup 4.41x)
================
[    54/   147, 36%] Running on TestParam(batch_size=6, vocab_size=1048576, topk=1024, sorted_value=False, sorted_index=False, return_value=False, dtype=torch.bfloat16, out_idx_dtype=torch.int32, enable_end_position=False, enable_output_idx_offset=False, input_distrib=NormalFloatDistribution(), idx_oob_fill_value=-2147483647, value_oob_fill_value=-1234123412341234, seed=53, check_correctness=True, num_runs=10)
topk           :   115.072 us, 0.110 TB/s
torch.topk     :   542.208 us, 0.023 TB/s  (speedup 4.71x)
================
[    55/   147, 37%] Running on TestParam(batch_size=256, vocab_size=256, topk=1024, sorted_value=False, sorted_index=False, return_value=False, dtype=torch.bfloat16, out_idx_dtype=torch.int32, enable_end_position=False, enable_output_idx_offset=False, input_distrib=NormalFloatDistribution(), idx_oob_fill_value=-2147483647, value_oob_fill_value=-1234123412341234, seed=54, check_correctness=True, num_runs=10)
topk           :     4.531 us, 0.260 TB/s
================
[    56/   147, 37%] Running on TestParam(batch_size=256, vocab_size=1024, topk=1024, sorted_value=False, sorted_index=False, return_value=False, dtype=torch.bfloat16, out_idx_dtype=torch.int32, enable_end_position=False, enable_output_idx_offset=False, input_distrib=NormalFloatDistribution(), idx_oob_fill_value=-2147483647, value_oob_fill_value=-1234123412341234, seed=55, check_correctness=True, num_runs=10)
topk           :     4.608 us, 0.341 TB/s
torch.topk     :   134.067 us, 0.012 TB/s  (speedup 29.09x)
================
[    57/   147, 38%] Running on TestParam(batch_size=256, vocab_size=4096, topk=1024, sorted_value=False, sorted_index=False, return_value=False, dtype=torch.bfloat16, out_idx_dtype=torch.int32, enable_end_position=False, enable_output_idx_offset=False, input_distrib=NormalFloatDistribution(), idx_oob_fill_value=-2147483647, value_oob_fill_value=-1234123412341234, seed=56, check_correctness=True, num_runs=10)
topk           :    36.710 us, 0.086 TB/s
torch.topk     :   255.078 us, 0.012 TB/s  (speedup 6.95x)
================
[    58/   147, 39%] Running on TestParam(batch_size=256, vocab_size=16384, topk=1024, sorted_value=False, sorted_index=False, return_value=False, dtype=torch.bfloat16, out_idx_dtype=torch.int32, enable_end_position=False, enable_output_idx_offset=False, input_distrib=NormalFloatDistribution(), idx_oob_fill_value=-2147483647, value_oob_fill_value=-1234123412341234, seed=57, check_correctness=True, num_runs=10)
topk           :    67.840 us, 0.139 TB/s
torch.topk     :   593.946 us, 0.016 TB/s  (speedup 8.76x)
================
[    59/   147, 39%] Running on TestParam(batch_size=256, vocab_size=65536, topk=1024, sorted_value=False, sorted_index=False, return_value=False, dtype=torch.bfloat16, out_idx_dtype=torch.int32, enable_end_position=False, enable_output_idx_offset=False, input_distrib=NormalFloatDistribution(), idx_oob_fill_value=-2147483647, value_oob_fill_value=-1234123412341234, seed=58, check_correctness=True, num_runs=10)
topk           :   181.786 us, 0.190 TB/s
torch.topk     :  1268.890 us, 0.027 TB/s  (speedup 6.98x)
================
[    60/   147, 40%] Running on TestParam(batch_size=256, vocab_size=131072, topk=1024, sorted_value=False, sorted_index=False, return_value=False, dtype=torch.bfloat16, out_idx_dtype=torch.int32, enable_end_position=False, enable_output_idx_offset=False, input_distrib=NormalFloatDistribution(), idx_oob_fill_value=-2147483647, value_oob_fill_value=-1234123412341234, seed=59, check_correctness=True, num_runs=10)
topk           :   306.125 us, 0.223 TB/s
torch.topk     :  2225.638 us, 0.031 TB/s  (speedup 7.27x)
================
[    61/   147, 41%] Running on TestParam(batch_size=256, vocab_size=262144, topk=1024, sorted_value=False, sorted_index=False, return_value=False, dtype=torch.bfloat16, out_idx_dtype=torch.int32, enable_end_position=False, enable_output_idx_offset=False, input_distrib=NormalFloatDistribution(), idx_oob_fill_value=-2147483647, value_oob_fill_value=-1234123412341234, seed=60, check_correctness=True, num_runs=10)
topk           :   475.802 us, 0.284 TB/s
torch.topk     :  4087.936 us, 0.033 TB/s  (speedup 8.59x)
================
[    62/   147, 41%] Running on TestParam(batch_size=256, vocab_size=524288, topk=1024, sorted_value=False, sorted_index=False, return_value=False, dtype=torch.bfloat16, out_idx_dtype=torch.int32, enable_end_position=False, enable_output_idx_offset=False, input_distrib=NormalFloatDistribution(), idx_oob_fill_value=-2147483647, value_oob_fill_value=-1234123412341234, seed=61, check_correctness=True, num_runs=10)
topk           :   788.045 us, 0.342 TB/s
torch.topk     :  7850.445 us, 0.034 TB/s  (speedup 9.96x)
================
[    63/   147, 42%] Running on TestParam(batch_size=256, vocab_size=1048576, topk=1024, sorted_value=False, sorted_index=False, return_value=False, dtype=torch.bfloat16, out_idx_dtype=torch.int32, enable_end_position=False, enable_output_idx_offset=False, input_distrib=NormalFloatDistribution(), idx_oob_fill_value=-2147483647, value_oob_fill_value=-1234123412341234, seed=62, check_correctness=True, num_runs=10)
topk           :  1394.048 us, 0.386 TB/s
torch.topk     : 15220.736 us, 0.035 TB/s  (speedup 10.92x)
================
[    64/   147, 43%] Running on TestParam(batch_size=512, vocab_size=256, topk=1024, sorted_value=False, sorted_index=False, return_value=False, dtype=torch.bfloat16, out_idx_dtype=torch.int32, enable_end_position=False, enable_output_idx_offset=False, input_distrib=NormalFloatDistribution(), idx_oob_fill_value=-2147483647, value_oob_fill_value=-1234123412341234, seed=63, check_correctness=True, num_runs=10)
topk           :     6.528 us, 0.361 TB/s
================
[    65/   147, 44%] Running on TestParam(batch_size=512, vocab_size=1024, topk=1024, sorted_value=False, sorted_index=False, return_value=False, dtype=torch.bfloat16, out_idx_dtype=torch.int32, enable_end_position=False, enable_output_idx_offset=False, input_distrib=NormalFloatDistribution(), idx_oob_fill_value=-2147483647, value_oob_fill_value=-1234123412341234, seed=64, check_correctness=True, num_runs=10)
topk           :     6.605 us, 0.476 TB/s
torch.topk     :   257.843 us, 0.012 TB/s  (speedup 39.04x)
================
[    66/   147, 44%] Running on TestParam(batch_size=512, vocab_size=4096, topk=1024, sorted_value=False, sorted_index=False, return_value=False, dtype=torch.bfloat16, out_idx_dtype=torch.int32, enable_end_position=False, enable_output_idx_offset=False, input_distrib=NormalFloatDistribution(), idx_oob_fill_value=-2147483647, value_oob_fill_value=-1234123412341234, seed=65, check_correctness=True, num_runs=10)
topk           :    64.794 us, 0.097 TB/s
torch.topk     :   288.154 us, 0.022 TB/s  (speedup 4.45x)
================
[    67/   147, 45%] Running on TestParam(batch_size=512, vocab_size=16384, topk=1024, sorted_value=False, sorted_index=False, return_value=False, dtype=torch.bfloat16, out_idx_dtype=torch.int32, enable_end_position=False, enable_output_idx_offset=False, input_distrib=NormalFloatDistribution(), idx_oob_fill_value=-2147483647, value_oob_fill_value=-1234123412341234, seed=66, check_correctness=True, num_runs=10)
topk           :   120.243 us, 0.157 TB/s
torch.topk     :   717.542 us, 0.026 TB/s  (speedup 5.97x)
================
[    68/   147, 46%] Running on TestParam(batch_size=512, vocab_size=65536, topk=1024, sorted_value=False, sorted_index=False, return_value=False, dtype=torch.bfloat16, out_idx_dtype=torch.int32, enable_end_position=False, enable_output_idx_offset=False, input_distrib=NormalFloatDistribution(), idx_oob_fill_value=-2147483647, value_oob_fill_value=-1234123412341234, seed=67, check_correctness=True, num_runs=10)
topk           :   322.765 us, 0.214 TB/s
torch.topk     :  2372.352 us, 0.029 TB/s  (speedup 7.35x)
================
[    69/   147, 46%] Running on TestParam(batch_size=512, vocab_size=131072, topk=1024, sorted_value=False, sorted_index=False, return_value=False, dtype=torch.bfloat16, out_idx_dtype=torch.int32, enable_end_position=False, enable_output_idx_offset=False, input_distrib=NormalFloatDistribution(), idx_oob_fill_value=-2147483647, value_oob_fill_value=-1234123412341234, seed=68, check_correctness=True, num_runs=10)
topk           :   550.528 us, 0.248 TB/s
torch.topk     :  4241.152 us, 0.032 TB/s  (speedup 7.70x)
================
[    70/   147, 47%] Running on TestParam(batch_size=512, vocab_size=262144, topk=1024, sorted_value=False, sorted_index=False, return_value=False, dtype=torch.bfloat16, out_idx_dtype=torch.int32, enable_end_position=False, enable_output_idx_offset=False, input_distrib=NormalFloatDistribution(), idx_oob_fill_value=-2147483647, value_oob_fill_value=-1234123412341234, seed=69, check_correctness=True, num_runs=10)
topk           :   861.312 us, 0.314 TB/s
torch.topk     :  7959.014 us, 0.034 TB/s  (speedup 9.24x)
================
[    71/   147, 48%] Running on TestParam(batch_size=512, vocab_size=524288, topk=1024, sorted_value=False, sorted_index=False, return_value=False, dtype=torch.bfloat16, out_idx_dtype=torch.int32, enable_end_position=False, enable_output_idx_offset=False, input_distrib=NormalFloatDistribution(), idx_oob_fill_value=-2147483647, value_oob_fill_value=-1234123412341234, seed=70, check_correctness=True, num_runs=10)
topk           :  1430.810 us, 0.377 TB/s
torch.topk     : 15465.344 us, 0.035 TB/s  (speedup 10.81x)
================
[    72/   147, 48%] Running on TestParam(batch_size=512, vocab_size=1048576, topk=1024, sorted_value=False, sorted_index=False, return_value=False, dtype=torch.bfloat16, out_idx_dtype=torch.int32, enable_end_position=False, enable_output_idx_offset=False, input_distrib=NormalFloatDistribution(), idx_oob_fill_value=-2147483647, value_oob_fill_value=-1234123412341234, seed=71, check_correctness=True, num_runs=10)
topk           :  2541.875 us, 0.423 TB/s
torch.topk     : 30730.803 us, 0.035 TB/s  (speedup 12.09x)
================
[    73/   147, 49%] Running on TestParam(batch_size=768, vocab_size=256, topk=1024, sorted_value=False, sorted_index=False, return_value=False, dtype=torch.bfloat16, out_idx_dtype=torch.int32, enable_end_position=False, enable_output_idx_offset=False, input_distrib=NormalFloatDistribution(), idx_oob_fill_value=-2147483647, value_oob_fill_value=-1234123412341234, seed=72, check_correctness=True, num_runs=10)
topk           :     8.602 us, 0.411 TB/s
================
[    74/   147, 50%] Running on TestParam(batch_size=768, vocab_size=1024, topk=1024, sorted_value=False, sorted_index=False, return_value=False, dtype=torch.bfloat16, out_idx_dtype=torch.int32, enable_end_position=False, enable_output_idx_offset=False, input_distrib=NormalFloatDistribution(), idx_oob_fill_value=-2147483647, value_oob_fill_value=-1234123412341234, seed=73, check_correctness=True, num_runs=10)
topk           :     8.550 us, 0.552 TB/s
torch.topk     :   380.570 us, 0.012 TB/s  (speedup 44.51x)
================
[    75/   147, 50%] Running on TestParam(batch_size=768, vocab_size=4096, topk=1024, sorted_value=False, sorted_index=False, return_value=False, dtype=torch.bfloat16, out_idx_dtype=torch.int32, enable_end_position=False, enable_output_idx_offset=False, input_distrib=NormalFloatDistribution(), idx_oob_fill_value=-2147483647, value_oob_fill_value=-1234123412341234, seed=74, check_correctness=True, num_runs=10)
topk           :    93.184 us, 0.101 TB/s
torch.topk     :   365.312 us, 0.026 TB/s  (speedup 3.92x)
================
[    76/   147, 51%] Running on TestParam(batch_size=768, vocab_size=16384, topk=1024, sorted_value=False, sorted_index=False, return_value=False, dtype=torch.bfloat16, out_idx_dtype=torch.int32, enable_end_position=False, enable_output_idx_offset=False, input_distrib=NormalFloatDistribution(), idx_oob_fill_value=-2147483647, value_oob_fill_value=-1234123412341234, seed=75, check_correctness=True, num_runs=10)
topk           :   173.466 us, 0.163 TB/s
torch.topk     :   960.922 us, 0.029 TB/s  (speedup 5.54x)
================
[    77/   147, 52%] Running on TestParam(batch_size=768, vocab_size=65536, topk=1024, sorted_value=False, sorted_index=False, return_value=False, dtype=torch.bfloat16, out_idx_dtype=torch.int32, enable_end_position=False, enable_output_idx_offset=False, input_distrib=NormalFloatDistribution(), idx_oob_fill_value=-2147483647, value_oob_fill_value=-1234123412341234, seed=76, check_correctness=True, num_runs=10)
topk           :   464.973 us, 0.223 TB/s
torch.topk     :  3455.104 us, 0.030 TB/s  (speedup 7.43x)
================
[    78/   147, 52%] Running on TestParam(batch_size=768, vocab_size=131072, topk=1024, sorted_value=False, sorted_index=False, return_value=False, dtype=torch.bfloat16, out_idx_dtype=torch.int32, enable_end_position=False, enable_output_idx_offset=False, input_distrib=NormalFloatDistribution(), idx_oob_fill_value=-2147483647, value_oob_fill_value=-1234123412341234, seed=77, check_correctness=True, num_runs=10)
topk           :   796.365 us, 0.257 TB/s
torch.topk     :  6243.046 us, 0.033 TB/s  (speedup 7.84x)
================
[    79/   147, 53%] Running on TestParam(batch_size=768, vocab_size=262144, topk=1024, sorted_value=False, sorted_index=False, return_value=False, dtype=torch.bfloat16, out_idx_dtype=torch.int32, enable_end_position=False, enable_output_idx_offset=False, input_distrib=NormalFloatDistribution(), idx_oob_fill_value=-2147483647, value_oob_fill_value=-1234123412341234, seed=78, check_correctness=True, num_runs=10)
topk           :  1245.798 us, 0.326 TB/s
torch.topk     : 11894.374 us, 0.034 TB/s  (speedup 9.55x)
================
[    80/   147, 54%] Running on TestParam(batch_size=768, vocab_size=524288, topk=1024, sorted_value=False, sorted_index=False, return_value=False, dtype=torch.bfloat16, out_idx_dtype=torch.int32, enable_end_position=False, enable_output_idx_offset=False, input_distrib=NormalFloatDistribution(), idx_oob_fill_value=-2147483647, value_oob_fill_value=-1234123412341234, seed=79, check_correctness=True, num_runs=10)
topk           :  2075.494 us, 0.390 TB/s
torch.topk     : 23004.467 us, 0.035 TB/s  (speedup 11.08x)
================
[    81/   147, 54%] Running on TestParam(batch_size=768, vocab_size=1048576, topk=1024, sorted_value=False, sorted_index=False, return_value=False, dtype=torch.bfloat16, out_idx_dtype=torch.int32, enable_end_position=False, enable_output_idx_offset=False, input_distrib=NormalFloatDistribution(), idx_oob_fill_value=-2147483647, value_oob_fill_value=-1234123412341234, seed=80, check_correctness=True, num_runs=10)
topk           :  3693.491 us, 0.437 TB/s
torch.topk     : 45350.938 us, 0.036 TB/s  (speedup 12.28x)
================
[    82/   147, 55%] Running on TestParam(batch_size=4096, vocab_size=256, topk=1024, sorted_value=False, sorted_index=False, return_value=False, dtype=torch.bfloat16, out_idx_dtype=torch.int32, enable_end_position=False, enable_output_idx_offset=False, input_distrib=NormalFloatDistribution(), idx_oob_fill_value=-2147483647, value_oob_fill_value=-1234123412341234, seed=81, check_correctness=True, num_runs=10)
topk           :    34.816 us, 0.542 TB/s
================
[    83/   147, 56%] Running on TestParam(batch_size=4096, vocab_size=1024, topk=1024, sorted_value=False, sorted_index=False, return_value=False, dtype=torch.bfloat16, out_idx_dtype=torch.int32, enable_end_position=False, enable_output_idx_offset=False, input_distrib=NormalFloatDistribution(), idx_oob_fill_value=-2147483647, value_oob_fill_value=-1234123412341234, seed=82, check_correctness=True, num_runs=10)
topk           :    34.816 us, 0.723 TB/s
torch.topk     :   665.574 us, 0.038 TB/s  (speedup 19.12x)
================
[    84/   147, 56%] Running on TestParam(batch_size=4096, vocab_size=4096, topk=1024, sorted_value=False, sorted_index=False, return_value=False, dtype=torch.bfloat16, out_idx_dtype=torch.int32, enable_end_position=False, enable_output_idx_offset=False, input_distrib=NormalFloatDistribution(), idx_oob_fill_value=-2147483647, value_oob_fill_value=-1234123412341234, seed=83, check_correctness=True, num_runs=10)
topk           :   465.126 us, 0.108 TB/s
torch.topk     :  1359.411 us, 0.037 TB/s  (speedup 2.92x)
================
[    85/   147, 57%] Running on TestParam(batch_size=4096, vocab_size=16384, topk=1024, sorted_value=False, sorted_index=False, return_value=False, dtype=torch.bfloat16, out_idx_dtype=torch.int32, enable_end_position=False, enable_output_idx_offset=False, input_distrib=NormalFloatDistribution(), idx_oob_fill_value=-2147483647, value_oob_fill_value=-1234123412341234, seed=84, check_correctness=True, num_runs=10)
topk           :   865.971 us, 0.174 TB/s
torch.topk     :  4231.808 us, 0.036 TB/s  (speedup 4.89x)
================
[    86/   147, 58%] Running on TestParam(batch_size=4096, vocab_size=65536, topk=1024, sorted_value=False, sorted_index=False, return_value=False, dtype=torch.bfloat16, out_idx_dtype=torch.int32, enable_end_position=False, enable_output_idx_offset=False, input_distrib=NormalFloatDistribution(), idx_oob_fill_value=-2147483647, value_oob_fill_value=-1234123412341234, seed=85, check_correctness=True, num_runs=10)
topk           :  2321.024 us, 0.239 TB/s
torch.topk     : 17523.610 us, 0.032 TB/s  (speedup 7.55x)
================
[    87/   147, 59%] Running on TestParam(batch_size=4096, vocab_size=131072, topk=1024, sorted_value=False, sorted_index=False, return_value=False, dtype=torch.bfloat16, out_idx_dtype=torch.int32, enable_end_position=False, enable_output_idx_offset=False, input_distrib=NormalFloatDistribution(), idx_oob_fill_value=-2147483647, value_oob_fill_value=-1234123412341234, seed=86, check_correctness=True, num_runs=10)
topk           :  4018.406 us, 0.271 TB/s
torch.topk     : 32621.158 us, 0.033 TB/s  (speedup 8.12x)
================
[    88/   147, 59%] Running on TestParam(batch_size=4096, vocab_size=262144, topk=1024, sorted_value=False, sorted_index=False, return_value=False, dtype=torch.bfloat16, out_idx_dtype=torch.int32, enable_end_position=False, enable_output_idx_offset=False, input_distrib=NormalFloatDistribution(), idx_oob_fill_value=-2147483647, value_oob_fill_value=-1234123412341234, seed=87, check_correctness=True, num_runs=10)
topk           :  6305.869 us, 0.343 TB/s
torch.topk     : 64273.869 us, 0.034 TB/s  (speedup 10.19x)
================
[    89/   147, 60%] Running on TestParam(batch_size=4096, vocab_size=524288, topk=1024, sorted_value=False, sorted_index=False, return_value=False, dtype=torch.bfloat16, out_idx_dtype=torch.int32, enable_end_position=False, enable_output_idx_offset=False, input_distrib=NormalFloatDistribution(), idx_oob_fill_value=-2147483647, value_oob_fill_value=-1234123412341234, seed=88, check_correctness=True, num_runs=10)
topk           : 10555.366 us, 0.408 TB/s
torch.topk     : 128459.853 us, 0.034 TB/s  (speedup 12.17x)
================
[    90/   147, 61%] Running on TestParam(batch_size=4096, vocab_size=1048576, topk=1024, sorted_value=False, sorted_index=False, return_value=False, dtype=torch.bfloat16, out_idx_dtype=torch.int32, enable_end_position=False, enable_output_idx_offset=False, input_distrib=NormalFloatDistribution(), idx_oob_fill_value=-2147483647, value_oob_fill_value=-1234123412341234, seed=89, check_correctness=True, num_runs=10)
topk           : 18843.853 us, 0.457 TB/s
torch.topk     : 252362.624 us, 0.034 TB/s  (speedup 13.39x)
================
[    91/   147, 61%] Running on TestParam(batch_size=1, vocab_size=131072, topk=512, sorted_value=False, sorted_index=False, return_value=False, dtype=torch.bfloat16, out_idx_dtype=torch.int32, enable_end_position=False, enable_output_idx_offset=False, input_distrib=NormalFloatDistribution(), idx_oob_fill_value=-2147483647, value_oob_fill_value=-1234123412341234, seed=90, check_correctness=True, num_runs=10)
topk           :    41.011 us, 0.006 TB/s
torch.topk     :   128.794 us, 0.002 TB/s  (speedup 3.14x)
================
[    92/   147, 62%] Running on TestParam(batch_size=1, vocab_size=262144, topk=512, sorted_value=False, sorted_index=False, return_value=False, dtype=torch.bfloat16, out_idx_dtype=torch.int32, enable_end_position=False, enable_output_idx_offset=False, input_distrib=NormalFloatDistribution(), idx_oob_fill_value=-2147483647, value_oob_fill_value=-1234123412341234, seed=91, check_correctness=True, num_runs=10)
topk           :    34.048 us, 0.015 TB/s
torch.topk     :   143.514 us, 0.004 TB/s  (speedup 4.22x)
================
[    93/   147, 63%] Running on TestParam(batch_size=1, vocab_size=1048576, topk=512, sorted_value=False, sorted_index=False, return_value=False, dtype=torch.bfloat16, out_idx_dtype=torch.int32, enable_end_position=False, enable_output_idx_offset=False, input_distrib=NormalFloatDistribution(), idx_oob_fill_value=-2147483647, value_oob_fill_value=-1234123412341234, seed=92, check_correctness=True, num_runs=10)
topk           :    49.280 us, 0.043 TB/s
torch.topk     :   203.494 us, 0.010 TB/s  (speedup 4.13x)
================
[    94/   147, 63%] Running on TestParam(batch_size=64, vocab_size=131072, topk=512, sorted_value=False, sorted_index=False, return_value=False, dtype=torch.bfloat16, out_idx_dtype=torch.int32, enable_end_position=False, enable_output_idx_offset=False, input_distrib=NormalFloatDistribution(), idx_oob_fill_value=-2147483647, value_oob_fill_value=-1234123412341234, seed=93, check_correctness=True, num_runs=10)
topk           :    91.290 us, 0.185 TB/s
torch.topk     :   715.955 us, 0.024 TB/s  (speedup 7.84x)
================
[    95/   147, 64%] Running on TestParam(batch_size=64, vocab_size=262144, topk=512, sorted_value=False, sorted_index=False, return_value=False, dtype=torch.bfloat16, out_idx_dtype=torch.int32, enable_end_position=False, enable_output_idx_offset=False, input_distrib=NormalFloatDistribution(), idx_oob_fill_value=-2147483647, value_oob_fill_value=-1234123412341234, seed=94, check_correctness=True, num_runs=10)
topk           :   139.008 us, 0.242 TB/s
torch.topk     :  1164.851 us, 0.029 TB/s  (speedup 8.38x)
================
[    96/   147, 65%] Running on TestParam(batch_size=64, vocab_size=1048576, topk=512, sorted_value=False, sorted_index=False, return_value=False, dtype=torch.bfloat16, out_idx_dtype=torch.int32, enable_end_position=False, enable_output_idx_offset=False, input_distrib=NormalFloatDistribution(), idx_oob_fill_value=-2147483647, value_oob_fill_value=-1234123412341234, seed=95, check_correctness=True, num_runs=10)
topk           :   425.574 us, 0.316 TB/s
torch.topk     :  3966.131 us, 0.034 TB/s  (speedup 9.32x)
================
[    97/   147, 65%] Running on TestParam(batch_size=128, vocab_size=131072, topk=512, sorted_value=False, sorted_index=False, return_value=False, dtype=torch.bfloat16, out_idx_dtype=torch.int32, enable_end_position=False, enable_output_idx_offset=False, input_distrib=NormalFloatDistribution(), idx_oob_fill_value=-2147483647, value_oob_fill_value=-1234123412341234, seed=96, check_correctness=True, num_runs=10)
topk           :   143.411 us, 0.236 TB/s
torch.topk     :  1190.963 us, 0.028 TB/s  (speedup 8.30x)
================
[    98/   147, 66%] Running on TestParam(batch_size=128, vocab_size=262144, topk=512, sorted_value=False, sorted_index=False, return_value=False, dtype=torch.bfloat16, out_idx_dtype=torch.int32, enable_end_position=False, enable_output_idx_offset=False, input_distrib=NormalFloatDistribution(), idx_oob_fill_value=-2147483647, value_oob_fill_value=-1234123412341234, seed=97, check_correctness=True, num_runs=10)
topk           :   219.622 us, 0.307 TB/s
torch.topk     :  2118.554 us, 0.032 TB/s  (speedup 9.65x)
================
[    99/   147, 67%] Running on TestParam(batch_size=128, vocab_size=1048576, topk=512, sorted_value=False, sorted_index=False, return_value=False, dtype=torch.bfloat16, out_idx_dtype=torch.int32, enable_end_position=False, enable_output_idx_offset=False, input_distrib=NormalFloatDistribution(), idx_oob_fill_value=-2147483647, value_oob_fill_value=-1234123412341234, seed=98, check_correctness=True, num_runs=10)
topk           :   679.168 us, 0.396 TB/s
torch.topk     :  7741.184 us, 0.035 TB/s  (speedup 11.40x)
================
[   100/   147, 67%] Running on TestParam(batch_size=1, vocab_size=131072, topk=1024, sorted_value=False, sorted_index=False, return_value=False, dtype=torch.bfloat16, out_idx_dtype=torch.int32, enable_end_position=False, enable_output_idx_offset=False, input_distrib=NormalFloatDistribution(), idx_oob_fill_value=-2147483647, value_oob_fill_value=-1234123412341234, seed=99, check_correctness=True, num_runs=10)
topk           :    48.179 us, 0.006 TB/s
torch.topk     :   128.256 us, 0.002 TB/s  (speedup 2.66x)
================
[   101/   147, 68%] Running on TestParam(batch_size=1, vocab_size=262144, topk=1024, sorted_value=False, sorted_index=False, return_value=False, dtype=torch.bfloat16, out_idx_dtype=torch.int32, enable_end_position=False, enable_output_idx_offset=False, input_distrib=NormalFloatDistribution(), idx_oob_fill_value=-2147483647, value_oob_fill_value=-1234123412341234, seed=100, check_correctness=True, num_runs=10)
topk           :    39.578 us, 0.013 TB/s
torch.topk     :   145.203 us, 0.004 TB/s  (speedup 3.67x)
================
[   102/   147, 69%] Running on TestParam(batch_size=1, vocab_size=1048576, topk=1024, sorted_value=False, sorted_index=False, return_value=False, dtype=torch.bfloat16, out_idx_dtype=torch.int32, enable_end_position=False, enable_output_idx_offset=False, input_distrib=NormalFloatDistribution(), idx_oob_fill_value=-2147483647, value_oob_fill_value=-1234123412341234, seed=101, check_correctness=True, num_runs=10)
topk           :    58.957 us, 0.036 TB/s
torch.topk     :   209.050 us, 0.010 TB/s  (speedup 3.55x)
================
[   103/   147, 69%] Running on TestParam(batch_size=64, vocab_size=131072, topk=1024, sorted_value=False, sorted_index=False, return_value=False, dtype=torch.bfloat16, out_idx_dtype=torch.int32, enable_end_position=False, enable_output_idx_offset=False, input_distrib=NormalFloatDistribution(), idx_oob_fill_value=-2147483647, value_oob_fill_value=-1234123412341234, seed=102, check_correctness=True, num_runs=10)
topk           :   112.154 us, 0.152 TB/s
torch.topk     :   719.923 us, 0.024 TB/s  (speedup 6.42x)
================
[   104/   147, 70%] Running on TestParam(batch_size=64, vocab_size=262144, topk=1024, sorted_value=False, sorted_index=False, return_value=False, dtype=torch.bfloat16, out_idx_dtype=torch.int32, enable_end_position=False, enable_output_idx_offset=False, input_distrib=NormalFloatDistribution(), idx_oob_fill_value=-2147483647, value_oob_fill_value=-1234123412341234, seed=103, check_correctness=True, num_runs=10)
topk           :   166.502 us, 0.203 TB/s
torch.topk     :  1168.077 us, 0.029 TB/s  (speedup 7.02x)
================
[   105/   147, 71%] Running on TestParam(batch_size=64, vocab_size=1048576, topk=1024, sorted_value=False, sorted_index=False, return_value=False, dtype=torch.bfloat16, out_idx_dtype=torch.int32, enable_end_position=False, enable_output_idx_offset=False, input_distrib=NormalFloatDistribution(), idx_oob_fill_value=-2147483647, value_oob_fill_value=-1234123412341234, seed=104, check_correctness=True, num_runs=10)
topk           :   455.782 us, 0.295 TB/s
torch.topk     :  3901.901 us, 0.034 TB/s  (speedup 8.56x)
================
[   106/   147, 71%] Running on TestParam(batch_size=128, vocab_size=131072, topk=1024, sorted_value=False, sorted_index=False, return_value=False, dtype=torch.bfloat16, out_idx_dtype=torch.int32, enable_end_position=False, enable_output_idx_offset=False, input_distrib=NormalFloatDistribution(), idx_oob_fill_value=-2147483647, value_oob_fill_value=-1234123412341234, seed=105, check_correctness=True, num_runs=10)
topk           :   176.435 us, 0.193 TB/s
torch.topk     :  1215.898 us, 0.028 TB/s  (speedup 6.89x)
================
[   107/   147, 72%] Running on TestParam(batch_size=128, vocab_size=262144, topk=1024, sorted_value=False, sorted_index=False, return_value=False, dtype=torch.bfloat16, out_idx_dtype=torch.int32, enable_end_position=False, enable_output_idx_offset=False, input_distrib=NormalFloatDistribution(), idx_oob_fill_value=-2147483647, value_oob_fill_value=-1234123412341234, seed=106, check_correctness=True, num_runs=10)
topk           :   262.298 us, 0.258 TB/s
torch.topk     :  2135.962 us, 0.032 TB/s  (speedup 8.14x)
================
[   108/   147, 73%] Running on TestParam(batch_size=128, vocab_size=1048576, topk=1024, sorted_value=False, sorted_index=False, return_value=False, dtype=torch.bfloat16, out_idx_dtype=torch.int32, enable_end_position=False, enable_output_idx_offset=False, input_distrib=NormalFloatDistribution(), idx_oob_fill_value=-2147483647, value_oob_fill_value=-1234123412341234, seed=107, check_correctness=True, num_runs=10)
topk           :   724.992 us, 0.371 TB/s
torch.topk     :  7740.954 us, 0.035 TB/s  (speedup 10.68x)
================
[   109/   147, 73%] Running on TestParam(batch_size=1, vocab_size=131072, topk=2048, sorted_value=False, sorted_index=False, return_value=False, dtype=torch.bfloat16, out_idx_dtype=torch.int32, enable_end_position=False, enable_output_idx_offset=False, input_distrib=NormalFloatDistribution(), idx_oob_fill_value=-2147483647, value_oob_fill_value=-1234123412341234, seed=108, check_correctness=True, num_runs=10)
topk           :    75.085 us, 0.004 TB/s
torch.topk     :   114.586 us, 0.002 TB/s  (speedup 1.53x)
================
[   110/   147, 74%] Running on TestParam(batch_size=1, vocab_size=262144, topk=2048, sorted_value=False, sorted_index=False, return_value=False, dtype=torch.bfloat16, out_idx_dtype=torch.int32, enable_end_position=False, enable_output_idx_offset=False, input_distrib=NormalFloatDistribution(), idx_oob_fill_value=-2147483647, value_oob_fill_value=-1234123412341234, seed=109, check_correctness=True, num_runs=10)
topk           :   121.830 us, 0.004 TB/s
torch.topk     :   132.326 us, 0.004 TB/s  (speedup 1.09x)
================
[   111/   147, 75%] Running on TestParam(batch_size=1, vocab_size=1048576, topk=2048, sorted_value=False, sorted_index=False, return_value=False, dtype=torch.bfloat16, out_idx_dtype=torch.int32, enable_end_position=False, enable_output_idx_offset=False, input_distrib=NormalFloatDistribution(), idx_oob_fill_value=-2147483647, value_oob_fill_value=-1234123412341234, seed=110, check_correctness=True, num_runs=10)
topk           :   304.538 us, 0.007 TB/s
torch.topk     :   195.994 us, 0.011 TB/s  (speedup 0.64x)
================
[   112/   147, 76%] Running on TestParam(batch_size=64, vocab_size=131072, topk=2048, sorted_value=False, sorted_index=False, return_value=False, dtype=torch.bfloat16, out_idx_dtype=torch.int32, enable_end_position=False, enable_output_idx_offset=False, input_distrib=NormalFloatDistribution(), idx_oob_fill_value=-2147483647, value_oob_fill_value=-1234123412341234, seed=111, check_correctness=True, num_runs=10)
topk           :   123.802 us, 0.140 TB/s
torch.topk     :   717.952 us, 0.024 TB/s  (speedup 5.80x)
================
[   113/   147, 76%] Running on TestParam(batch_size=64, vocab_size=262144, topk=2048, sorted_value=False, sorted_index=False, return_value=False, dtype=torch.bfloat16, out_idx_dtype=torch.int32, enable_end_position=False, enable_output_idx_offset=False, input_distrib=NormalFloatDistribution(), idx_oob_fill_value=-2147483647, value_oob_fill_value=-1234123412341234, seed=112, check_correctness=True, num_runs=10)
topk           :   217.088 us, 0.157 TB/s
torch.topk     :  1184.154 us, 0.029 TB/s  (speedup 5.45x)
================
[   114/   147, 77%] Running on TestParam(batch_size=64, vocab_size=1048576, topk=2048, sorted_value=False, sorted_index=False, return_value=False, dtype=torch.bfloat16, out_idx_dtype=torch.int32, enable_end_position=False, enable_output_idx_offset=False, input_distrib=NormalFloatDistribution(), idx_oob_fill_value=-2147483647, value_oob_fill_value=-1234123412341234, seed=113, check_correctness=True, num_runs=10)
topk           :   567.808 us, 0.237 TB/s
torch.topk     :  3917.901 us, 0.034 TB/s  (speedup 6.90x)
================
[   115/   147, 78%] Running on TestParam(batch_size=128, vocab_size=131072, topk=2048, sorted_value=False, sorted_index=False, return_value=False, dtype=torch.bfloat16, out_idx_dtype=torch.int32, enable_end_position=False, enable_output_idx_offset=False, input_distrib=NormalFloatDistribution(), idx_oob_fill_value=-2147483647, value_oob_fill_value=-1234123412341234, seed=114, check_correctness=True, num_runs=10)
topk           :   197.325 us, 0.175 TB/s
torch.topk     :  1223.398 us, 0.028 TB/s  (speedup 6.20x)
================
[   116/   147, 78%] Running on TestParam(batch_size=128, vocab_size=262144, topk=2048, sorted_value=False, sorted_index=False, return_value=False, dtype=torch.bfloat16, out_idx_dtype=torch.int32, enable_end_position=False, enable_output_idx_offset=False, input_distrib=NormalFloatDistribution(), idx_oob_fill_value=-2147483647, value_oob_fill_value=-1234123412341234, seed=115, check_correctness=True, num_runs=10)
topk           :   329.190 us, 0.207 TB/s
torch.topk     :  2183.885 us, 0.031 TB/s  (speedup 6.63x)
================
[   117/   147, 79%] Running on TestParam(batch_size=128, vocab_size=1048576, topk=2048, sorted_value=False, sorted_index=False, return_value=False, dtype=torch.bfloat16, out_idx_dtype=torch.int32, enable_end_position=False, enable_output_idx_offset=False, input_distrib=NormalFloatDistribution(), idx_oob_fill_value=-2147483647, value_oob_fill_value=-1234123412341234, seed=116, check_correctness=True, num_runs=10)
topk           :   859.213 us, 0.314 TB/s
torch.topk     :  7818.291 us, 0.034 TB/s  (speedup 9.10x)
================
[   118/   147, 80%] Running on TestParam(batch_size=6, vocab_size=129280, topk=512, sorted_value=True, sorted_index=False, return_value=True, dtype=torch.float32, out_idx_dtype=torch.int64, enable_end_position=False, enable_output_idx_offset=False, input_distrib=NormalFloatDistribution(), idx_oob_fill_value=-2147483647, value_oob_fill_value=-1234123412341234, seed=117, check_correctness=True, num_runs=10)
topk           :    72.141 us, 0.044 TB/s
torch.topk     :   260.378 us, 0.012 TB/s  (speedup 3.61x)
================
[   119/   147, 80%] Running on TestParam(batch_size=256, vocab_size=129280, topk=512, sorted_value=True, sorted_index=False, return_value=True, dtype=torch.float32, out_idx_dtype=torch.int64, enable_end_position=False, enable_output_idx_offset=False, input_distrib=NormalFloatDistribution(), idx_oob_fill_value=-2147483647, value_oob_fill_value=-1234123412341234, seed=118, check_correctness=True, num_runs=10)
topk           :   452.173 us, 0.296 TB/s
torch.topk     :  2918.963 us, 0.046 TB/s  (speedup 6.46x)
================
[   120/   147, 81%] Running on TestParam(batch_size=512, vocab_size=129280, topk=512, sorted_value=True, sorted_index=False, return_value=True, dtype=torch.float32, out_idx_dtype=torch.int64, enable_end_position=False, enable_output_idx_offset=False, input_distrib=NormalFloatDistribution(), idx_oob_fill_value=-2147483647, value_oob_fill_value=-1234123412341234, seed=119, check_correctness=True, num_runs=10)
topk           :   821.427 us, 0.326 TB/s
torch.topk     :  5607.194 us, 0.048 TB/s  (speedup 6.83x)
================
[   121/   147, 82%] Running on TestParam(batch_size=768, vocab_size=129280, topk=512, sorted_value=True, sorted_index=False, return_value=True, dtype=torch.float32, out_idx_dtype=torch.int64, enable_end_position=False, enable_output_idx_offset=False, input_distrib=NormalFloatDistribution(), idx_oob_fill_value=-2147483647, value_oob_fill_value=-1234123412341234, seed=120, check_correctness=True, num_runs=10)
topk           :  1191.117 us, 0.337 TB/s
torch.topk     :  8206.106 us, 0.049 TB/s  (speedup 6.89x)
================
[   122/   147, 82%] Running on TestParam(batch_size=4096, vocab_size=129280, topk=512, sorted_value=True, sorted_index=False, return_value=True, dtype=torch.float32, out_idx_dtype=torch.int64, enable_end_position=False, enable_output_idx_offset=False, input_distrib=NormalFloatDistribution(), idx_oob_fill_value=-2147483647, value_oob_fill_value=-1234123412341234, seed=121, check_correctness=True, num_runs=10)
topk           :  6017.664 us, 0.356 TB/s
torch.topk     : 42784.000 us, 0.050 TB/s  (speedup 7.11x)
================
[   123/   147, 83%] Running on TestParam(batch_size=1, vocab_size=66551, topk=2048, sorted_value=False, sorted_index=False, return_value=False, dtype=torch.float32, out_idx_dtype=torch.int32, enable_end_position=False, enable_output_idx_offset=False, input_distrib=NormalFloatDistribution(), idx_oob_fill_value=-2147483647, value_oob_fill_value=-1234123412341234, seed=122, check_correctness=True, num_runs=10)
topk           :    58.317 us, 0.005 TB/s
torch.topk     :   174.003 us, 0.002 TB/s  (speedup 2.98x)
================
[   124/   147, 84%] Running on TestParam(batch_size=16, vocab_size=66551, topk=2048, sorted_value=False, sorted_index=False, return_value=False, dtype=torch.float32, out_idx_dtype=torch.int32, enable_end_position=False, enable_output_idx_offset=False, input_distrib=NormalFloatDistribution(), idx_oob_fill_value=-2147483647, value_oob_fill_value=-1234123412341234, seed=123, check_correctness=True, num_runs=10)
topk           :    59.597 us, 0.074 TB/s
torch.topk     :   292.531 us, 0.015 TB/s  (speedup 4.91x)
================
[   125/   147, 84%] Running on TestParam(batch_size=132, vocab_size=66551, topk=2048, sorted_value=False, sorted_index=False, return_value=False, dtype=torch.float32, out_idx_dtype=torch.int32, enable_end_position=False, enable_output_idx_offset=False, input_distrib=NormalFloatDistribution(), idx_oob_fill_value=-2147483647, value_oob_fill_value=-1234123412341234, seed=124, check_correctness=True, num_runs=10)
topk           :   144.410 us, 0.251 TB/s
torch.topk     :   993.613 us, 0.036 TB/s  (speedup 6.88x)
================
[   126/   147, 85%] Running on TestParam(batch_size=512, vocab_size=66551, topk=2048, sorted_value=False, sorted_index=False, return_value=False, dtype=torch.float32, out_idx_dtype=torch.int32, enable_end_position=False, enable_output_idx_offset=False, input_distrib=NormalFloatDistribution(), idx_oob_fill_value=-2147483647, value_oob_fill_value=-1234123412341234, seed=125, check_correctness=True, num_runs=10)
topk           :   470.170 us, 0.299 TB/s
torch.topk     :  3018.214 us, 0.047 TB/s  (speedup 6.42x)
================
[   127/   147, 86%] Running on TestParam(batch_size=1, vocab_size=131072, topk=2048, sorted_value=False, sorted_index=False, return_value=False, dtype=torch.float32, out_idx_dtype=torch.int32, enable_end_position=False, enable_output_idx_offset=False, input_distrib=NormalFloatDistribution(), idx_oob_fill_value=-2147483647, value_oob_fill_value=-1234123412341234, seed=126, check_correctness=True, num_runs=10)
topk           :    95.565 us, 0.006 TB/s
torch.topk     :   181.658 us, 0.003 TB/s  (speedup 1.90x)
================
[   128/   147, 86%] Running on TestParam(batch_size=1, vocab_size=131072, topk=2048, sorted_value=False, sorted_index=False, return_value=False, dtype=torch.float32, out_idx_dtype=torch.int32, enable_end_position=False, enable_output_idx_offset=False, input_distrib=NormalFloatDistribution(), idx_oob_fill_value=-2147483647, value_oob_fill_value=-1234123412341234, seed=127, check_correctness=True, num_runs=10)
topk           :    95.514 us, 0.006 TB/s
torch.topk     :   184.986 us, 0.003 TB/s  (speedup 1.94x)
================
[   129/   147, 87%] Running on TestParam(batch_size=1, vocab_size=131072, topk=2048, sorted_value=False, sorted_index=False, return_value=False, dtype=torch.float32, out_idx_dtype=torch.int32, enable_end_position=False, enable_output_idx_offset=False, input_distrib=NormalFloatDistribution(), idx_oob_fill_value=-2147483647, value_oob_fill_value=-1234123412341234, seed=128, check_correctness=True, num_runs=10)
topk           :    96.589 us, 0.006 TB/s
torch.topk     :   181.990 us, 0.003 TB/s  (speedup 1.88x)
================
[   130/   147, 88%] Running on TestParam(batch_size=1, vocab_size=131072, topk=2048, sorted_value=False, sorted_index=False, return_value=False, dtype=torch.float32, out_idx_dtype=torch.int32, enable_end_position=False, enable_output_idx_offset=False, input_distrib=NormalFloatDistribution(), idx_oob_fill_value=-2147483647, value_oob_fill_value=-1234123412341234, seed=129, check_correctness=True, num_runs=10)
topk           :   102.682 us, 0.005 TB/s
torch.topk     :   181.734 us, 0.003 TB/s  (speedup 1.77x)
================
[   131/   147, 88%] Running on TestParam(batch_size=132, vocab_size=131072, topk=2048, sorted_value=False, sorted_index=False, return_value=False, dtype=torch.float32, out_idx_dtype=torch.int32, enable_end_position=False, enable_output_idx_offset=False, input_distrib=NormalFloatDistribution(), idx_oob_fill_value=-2147483647, value_oob_fill_value=-1234123412341234, seed=130, check_correctness=True, num_runs=10)
topk           :   256.230 us, 0.274 TB/s
torch.topk     :  1657.242 us, 0.042 TB/s  (speedup 6.47x)
================
[   132/   147, 89%] Running on TestParam(batch_size=132, vocab_size=131072, topk=2048, sorted_value=False, sorted_index=False, return_value=False, dtype=torch.float32, out_idx_dtype=torch.int32, enable_end_position=False, enable_output_idx_offset=False, input_distrib=NormalFloatDistribution(), idx_oob_fill_value=-2147483647, value_oob_fill_value=-1234123412341234, seed=131, check_correctness=True, num_runs=10)
topk           :   255.795 us, 0.275 TB/s
torch.topk     :  1653.299 us, 0.043 TB/s  (speedup 6.46x)
================
[   133/   147, 90%] Running on TestParam(batch_size=132, vocab_size=131072, topk=2048, sorted_value=False, sorted_index=False, return_value=False, dtype=torch.float32, out_idx_dtype=torch.int32, enable_end_position=False, enable_output_idx_offset=False, input_distrib=NormalFloatDistribution(), idx_oob_fill_value=-2147483647, value_oob_fill_value=-1234123412341234, seed=132, check_correctness=True, num_runs=10)
topk           :   255.718 us, 0.275 TB/s
torch.topk     :  1675.443 us, 0.042 TB/s  (speedup 6.55x)
================
[   134/   147, 90%] Running on TestParam(batch_size=132, vocab_size=131072, topk=2048, sorted_value=False, sorted_index=False, return_value=False, dtype=torch.float32, out_idx_dtype=torch.int32, enable_end_position=False, enable_output_idx_offset=False, input_distrib=NormalFloatDistribution(), idx_oob_fill_value=-2147483647, value_oob_fill_value=-1234123412341234, seed=133, check_correctness=True, num_runs=10)
topk           :   256.282 us, 0.274 TB/s
torch.topk     :  1678.362 us, 0.042 TB/s  (speedup 6.55x)
================
[   135/   147, 91%] Running on TestParam(batch_size=256, vocab_size=131072, topk=2048, sorted_value=False, sorted_index=False, return_value=False, dtype=torch.float32, out_idx_dtype=torch.int32, enable_end_position=False, enable_output_idx_offset=False, input_distrib=NormalFloatDistribution(), idx_oob_fill_value=-2147483647, value_oob_fill_value=-1234123412341234, seed=134, check_correctness=True, num_runs=10)
topk           :   467.226 us, 0.292 TB/s
torch.topk     :  3011.021 us, 0.045 TB/s  (speedup 6.44x)
================
[   136/   147, 92%] Running on TestParam(batch_size=256, vocab_size=131072, topk=2048, sorted_value=False, sorted_index=False, return_value=False, dtype=torch.float32, out_idx_dtype=torch.int32, enable_end_position=False, enable_output_idx_offset=False, input_distrib=NormalFloatDistribution(), idx_oob_fill_value=-2147483647, value_oob_fill_value=-1234123412341234, seed=135, check_correctness=True, num_runs=10)
topk           :   467.354 us, 0.292 TB/s
torch.topk     :  2956.621 us, 0.046 TB/s  (speedup 6.33x)
================
[   137/   147, 93%] Running on TestParam(batch_size=256, vocab_size=131072, topk=2048, sorted_value=False, sorted_index=False, return_value=False, dtype=torch.float32, out_idx_dtype=torch.int32, enable_end_position=False, enable_output_idx_offset=False, input_distrib=NormalFloatDistribution(), idx_oob_fill_value=-2147483647, value_oob_fill_value=-1234123412341234, seed=136, check_correctness=True, num_runs=10)
topk           :   466.022 us, 0.293 TB/s
torch.topk     :  2997.094 us, 0.045 TB/s  (speedup 6.43x)
================
[   138/   147, 93%] Running on TestParam(batch_size=256, vocab_size=131072, topk=2048, sorted_value=False, sorted_index=False, return_value=False, dtype=torch.float32, out_idx_dtype=torch.int32, enable_end_position=False, enable_output_idx_offset=False, input_distrib=NormalFloatDistribution(), idx_oob_fill_value=-2147483647, value_oob_fill_value=-1234123412341234, seed=137, check_correctness=True, num_runs=10)
topk           :   465.766 us, 0.293 TB/s
torch.topk     :  2982.528 us, 0.046 TB/s  (speedup 6.40x)
================
[   139/   147, 94%] Running on TestParam(batch_size=4096, vocab_size=131072, topk=2048, sorted_value=False, sorted_index=False, return_value=False, dtype=torch.float32, out_idx_dtype=torch.int32, enable_end_position=False, enable_output_idx_offset=False, input_distrib=NormalFloatDistribution(), idx_oob_fill_value=-2147483647, value_oob_fill_value=-1234123412341234, seed=138, check_correctness=True, num_runs=10)
topk           :  6143.206 us, 0.355 TB/s
torch.topk     : 43574.579 us, 0.050 TB/s  (speedup 7.09x)
================
[   140/   147, 95%] Running on TestParam(batch_size=4096, vocab_size=131072, topk=2048, sorted_value=False, sorted_index=False, return_value=False, dtype=torch.float32, out_idx_dtype=torch.int32, enable_end_position=False, enable_output_idx_offset=False, input_distrib=NormalFloatDistribution(), idx_oob_fill_value=-2147483647, value_oob_fill_value=-1234123412341234, seed=139, check_correctness=True, num_runs=10)
topk           :  6167.117 us, 0.354 TB/s
torch.topk     : 43538.739 us, 0.050 TB/s  (speedup 7.06x)
================
[   141/   147, 95%] Running on TestParam(batch_size=4096, vocab_size=131072, topk=2048, sorted_value=False, sorted_index=False, return_value=False, dtype=torch.float32, out_idx_dtype=torch.int32, enable_end_position=False, enable_output_idx_offset=False, input_distrib=NormalFloatDistribution(), idx_oob_fill_value=-2147483647, value_oob_fill_value=-1234123412341234, seed=140, check_correctness=True, num_runs=10)
topk           :  6156.928 us, 0.354 TB/s
torch.topk     : 43532.339 us, 0.050 TB/s  (speedup 7.07x)
================
[   142/   147, 96%] Running on TestParam(batch_size=4096, vocab_size=131072, topk=2048, sorted_value=False, sorted_index=False, return_value=False, dtype=torch.float32, out_idx_dtype=torch.int32, enable_end_position=False, enable_output_idx_offset=False, input_distrib=NormalFloatDistribution(), idx_oob_fill_value=-2147483647, value_oob_fill_value=-1234123412341234, seed=141, check_correctness=True, num_runs=10)
topk           :  6163.610 us, 0.354 TB/s
torch.topk     : 43572.992 us, 0.050 TB/s  (speedup 7.07x)
================
[   143/   147, 97%] Running on TestParam(batch_size=1, vocab_size=107520, topk=2048, sorted_value=False, sorted_index=False, return_value=False, dtype=torch.float32, out_idx_dtype=torch.int32, enable_end_position=False, enable_output_idx_offset=False, input_distrib=NormalFloatDistribution(), idx_oob_fill_value=-2147483647, value_oob_fill_value=-1234123412341234, seed=142, check_correctness=True, num_runs=10)
topk           :   111.974 us, 0.004 TB/s
torch.topk     :   182.579 us, 0.002 TB/s  (speedup 1.63x)
================
[   144/   147, 97%] Running on TestParam(batch_size=16, vocab_size=66551, topk=2048, sorted_value=False, sorted_index=False, return_value=False, dtype=torch.float32, out_idx_dtype=torch.int32, enable_end_position=False, enable_output_idx_offset=False, input_distrib=NormalFloatDistribution(), idx_oob_fill_value=-2147483647, value_oob_fill_value=-1234123412341234, seed=143, check_correctness=True, num_runs=10)
topk           :    59.622 us, 0.074 TB/s
torch.topk     :   293.018 us, 0.015 TB/s  (speedup 4.91x)
================
[   145/   147, 98%] Running on TestParam(batch_size=132, vocab_size=107520, topk=2048, sorted_value=False, sorted_index=False, return_value=False, dtype=torch.float32, out_idx_dtype=torch.int32, enable_end_position=False, enable_output_idx_offset=False, input_distrib=NormalFloatDistribution(), idx_oob_fill_value=-2147483647, value_oob_fill_value=-1234123412341234, seed=144, check_correctness=True, num_runs=10)
topk           :   216.269 us, 0.268 TB/s
torch.topk     :  1406.976 us, 0.041 TB/s  (speedup 6.51x)
================
[   146/   147, 99%] Running on TestParam(batch_size=256, vocab_size=107520, topk=2048, sorted_value=False, sorted_index=False, return_value=False, dtype=torch.float32, out_idx_dtype=torch.int32, enable_end_position=False, enable_output_idx_offset=False, input_distrib=NormalFloatDistribution(), idx_oob_fill_value=-2147483647, value_oob_fill_value=-1234123412341234, seed=145, check_correctness=True, num_runs=10)
topk           :   392.371 us, 0.286 TB/s
torch.topk     :  2470.810 us, 0.045 TB/s  (speedup 6.30x)
================
[   147/   147, 99%] Running on TestParam(batch_size=4096, vocab_size=107520, topk=2048, sorted_value=False, sorted_index=False, return_value=False, dtype=torch.float32, out_idx_dtype=torch.int32, enable_end_position=False, enable_output_idx_offset=False, input_distrib=NormalFloatDistribution(), idx_oob_fill_value=-2147483647, value_oob_fill_value=-1234123412341234, seed=146, check_correctness=True, num_runs=10)
topk           :  5192.934 us, 0.346 TB/s
torch.topk     : 34645.197 us, 0.052 TB/s  (speedup 6.67x)

================================================================
  pass             147
  check_fail         0
  crash              0
  skip               0
  unsupported        0
[32m[1mAll 147 cases passed![0m
# exit 0
