/home/compiler_gfx/tilelang/mcDeepGEMM/third-party/DeepSelect/tests/test.py:9: UserWarning: Could not find flash_attn package installed. Please try to install flash_attn whl pacakge using pip command and make sure it can be imported properly
  import torch
================
[     1/    30,  0%] Running on TestParam(batch_size=6, vocab_size=129280, topk=512, sorted_value=True, sorted_index=False, return_value=True, dtype=torch.float32, out_idx_dtype=torch.int64, enable_end_position=False, enable_output_idx_offset=False, input_distrib=NormalFloatDistribution(), idx_oob_fill_value=-2147483647, value_oob_fill_value=-1234123412341234, seed=0, check_correctness=True, num_runs=10)
topk           :    98.586 us, 0.032 TB/s
torch.topk     :   350.720 us, 0.009 TB/s  (speedup 3.56x)
================
[     2/    30,  3%] Running on TestParam(batch_size=256, vocab_size=129280, topk=512, sorted_value=True, sorted_index=False, return_value=True, dtype=torch.float32, out_idx_dtype=torch.int64, enable_end_position=False, enable_output_idx_offset=False, input_distrib=NormalFloatDistribution(), idx_oob_fill_value=-2147483647, value_oob_fill_value=-1234123412341234, seed=1, check_correctness=True, num_runs=10)
topk           :   287.693 us, 0.466 TB/s
torch.topk     :  1595.827 us, 0.084 TB/s  (speedup 5.55x)
================
[     3/    30,  7%] Running on TestParam(batch_size=512, vocab_size=129280, topk=512, sorted_value=True, sorted_index=False, return_value=True, dtype=torch.float32, out_idx_dtype=torch.int64, enable_end_position=False, enable_output_idx_offset=False, input_distrib=NormalFloatDistribution(), idx_oob_fill_value=-2147483647, value_oob_fill_value=-1234123412341234, seed=2, check_correctness=True, num_runs=10)
topk           :   501.811 us, 0.534 TB/s
torch.topk     :  2808.858 us, 0.095 TB/s  (speedup 5.60x)
================
[     4/    30, 10%] Running on TestParam(batch_size=768, vocab_size=129280, topk=512, sorted_value=True, sorted_index=False, return_value=True, dtype=torch.float32, out_idx_dtype=torch.int64, enable_end_position=False, enable_output_idx_offset=False, input_distrib=NormalFloatDistribution(), idx_oob_fill_value=-2147483647, value_oob_fill_value=-1234123412341234, seed=3, check_correctness=True, num_runs=10)
topk           :   747.341 us, 0.538 TB/s
torch.topk     :  4040.909 us, 0.099 TB/s  (speedup 5.41x)
================
[     5/    30, 13%] Running on TestParam(batch_size=4096, vocab_size=129280, topk=512, sorted_value=True, sorted_index=False, return_value=True, dtype=torch.float32, out_idx_dtype=torch.int64, enable_end_position=False, enable_output_idx_offset=False, input_distrib=NormalFloatDistribution(), idx_oob_fill_value=-2147483647, value_oob_fill_value=-1234123412341234, seed=4, check_correctness=True, num_runs=10)
topk           :  4271.565 us, 0.502 TB/s
torch.topk     : 20180.582 us, 0.106 TB/s  (speedup 4.72x)
================
[     6/    30, 17%] Running on TestParam(batch_size=1, vocab_size=66551, topk=2048, sorted_value=False, sorted_index=False, return_value=False, dtype=torch.float32, out_idx_dtype=torch.int32, enable_end_position=False, enable_output_idx_offset=False, input_distrib=NormalFloatDistribution(), idx_oob_fill_value=-2147483647, value_oob_fill_value=-1234123412341234, seed=5, check_correctness=True, num_runs=10)
topk           :    91.443 us, 0.003 TB/s
torch.topk     :   221.082 us, 0.001 TB/s  (speedup 2.42x)
================
[     7/    30, 20%] Running on TestParam(batch_size=16, vocab_size=66551, topk=2048, sorted_value=False, sorted_index=False, return_value=False, dtype=torch.float32, out_idx_dtype=torch.int32, enable_end_position=False, enable_output_idx_offset=False, input_distrib=NormalFloatDistribution(), idx_oob_fill_value=-2147483647, value_oob_fill_value=-1234123412341234, seed=6, check_correctness=True, num_runs=10)
topk           :    87.680 us, 0.050 TB/s
torch.topk     :   349.261 us, 0.013 TB/s  (speedup 3.98x)
================
[     8/    30, 23%] Running on TestParam(batch_size=132, vocab_size=66551, topk=2048, sorted_value=False, sorted_index=False, return_value=False, dtype=torch.float32, out_idx_dtype=torch.int32, enable_end_position=False, enable_output_idx_offset=False, input_distrib=NormalFloatDistribution(), idx_oob_fill_value=-2147483647, value_oob_fill_value=-1234123412341234, seed=7, check_correctness=True, num_runs=10)
topk           :   133.837 us, 0.271 TB/s
torch.topk     :   652.826 us, 0.055 TB/s  (speedup 4.88x)
================
[     9/    30, 27%] Running on TestParam(batch_size=512, vocab_size=66551, topk=2048, sorted_value=False, sorted_index=False, return_value=False, dtype=torch.float32, out_idx_dtype=torch.int32, enable_end_position=False, enable_output_idx_offset=False, input_distrib=NormalFloatDistribution(), idx_oob_fill_value=-2147483647, value_oob_fill_value=-1234123412341234, seed=8, check_correctness=True, num_runs=10)
topk           :   277.197 us, 0.507 TB/s
torch.topk     :  1600.563 us, 0.088 TB/s  (speedup 5.77x)
================
[    10/    30, 30%] Running on TestParam(batch_size=1, vocab_size=131072, topk=2048, sorted_value=False, sorted_index=False, return_value=False, dtype=torch.float32, out_idx_dtype=torch.int32, enable_end_position=False, enable_output_idx_offset=False, input_distrib=NormalFloatDistribution(), idx_oob_fill_value=-2147483647, value_oob_fill_value=-1234123412341234, seed=9, check_correctness=True, num_runs=10)
topk           :   150.682 us, 0.004 TB/s
torch.topk     :   262.707 us, 0.002 TB/s  (speedup 1.74x)
================
[    11/    30, 33%] Running on TestParam(batch_size=1, vocab_size=131072, topk=2048, sorted_value=False, sorted_index=False, return_value=False, dtype=torch.float32, out_idx_dtype=torch.int32, enable_end_position=False, enable_output_idx_offset=False, input_distrib=NormalFloatDistribution(), idx_oob_fill_value=-2147483647, value_oob_fill_value=-1234123412341234, seed=10, check_correctness=True, num_runs=10)
topk           :   150.989 us, 0.004 TB/s
torch.topk     :   260.659 us, 0.002 TB/s  (speedup 1.73x)
================
[    12/    30, 37%] Running on TestParam(batch_size=1, vocab_size=131072, topk=2048, sorted_value=False, sorted_index=False, return_value=False, dtype=torch.float32, out_idx_dtype=torch.int32, enable_end_position=False, enable_output_idx_offset=False, input_distrib=NormalFloatDistribution(), idx_oob_fill_value=-2147483647, value_oob_fill_value=-1234123412341234, seed=11, check_correctness=True, num_runs=10)
topk           :   153.037 us, 0.003 TB/s
torch.topk     :   263.322 us, 0.002 TB/s  (speedup 1.72x)
================
[    13/    30, 40%] Running on TestParam(batch_size=1, vocab_size=131072, topk=2048, sorted_value=False, sorted_index=False, return_value=False, dtype=torch.float32, out_idx_dtype=torch.int32, enable_end_position=False, enable_output_idx_offset=False, input_distrib=NormalFloatDistribution(), idx_oob_fill_value=-2147483647, value_oob_fill_value=-1234123412341234, seed=12, check_correctness=True, num_runs=10)
topk           :   167.834 us, 0.003 TB/s
torch.topk     :   263.475 us, 0.002 TB/s  (speedup 1.57x)
================
[    14/    30, 43%] Running on TestParam(batch_size=132, vocab_size=131072, topk=2048, sorted_value=False, sorted_index=False, return_value=False, dtype=torch.float32, out_idx_dtype=torch.int32, enable_end_position=False, enable_output_idx_offset=False, input_distrib=NormalFloatDistribution(), idx_oob_fill_value=-2147483647, value_oob_fill_value=-1234123412341234, seed=13, check_correctness=True, num_runs=10)
topk           :   205.261 us, 0.342 TB/s
torch.topk     :  1015.347 us, 0.069 TB/s  (speedup 4.95x)
================
[    15/    30, 47%] Running on TestParam(batch_size=132, vocab_size=131072, topk=2048, sorted_value=False, sorted_index=False, return_value=False, dtype=torch.float32, out_idx_dtype=torch.int32, enable_end_position=False, enable_output_idx_offset=False, input_distrib=NormalFloatDistribution(), idx_oob_fill_value=-2147483647, value_oob_fill_value=-1234123412341234, seed=14, check_correctness=True, num_runs=10)
topk           :   206.029 us, 0.341 TB/s
torch.topk     :  1019.085 us, 0.069 TB/s  (speedup 4.95x)
================
[    16/    30, 50%] Running on TestParam(batch_size=132, vocab_size=131072, topk=2048, sorted_value=False, sorted_index=False, return_value=False, dtype=torch.float32, out_idx_dtype=torch.int32, enable_end_position=False, enable_output_idx_offset=False, input_distrib=NormalFloatDistribution(), idx_oob_fill_value=-2147483647, value_oob_fill_value=-1234123412341234, seed=15, check_correctness=True, num_runs=10)
topk           :   205.363 us, 0.342 TB/s
torch.topk     :  1015.603 us, 0.069 TB/s  (speedup 4.95x)
================
[    17/    30, 53%] Running on TestParam(batch_size=132, vocab_size=131072, topk=2048, sorted_value=False, sorted_index=False, return_value=False, dtype=torch.float32, out_idx_dtype=torch.int32, enable_end_position=False, enable_output_idx_offset=False, input_distrib=NormalFloatDistribution(), idx_oob_fill_value=-2147483647, value_oob_fill_value=-1234123412341234, seed=16, check_correctness=True, num_runs=10)
topk           :   205.389 us, 0.342 TB/s
torch.topk     :  1008.666 us, 0.070 TB/s  (speedup 4.91x)
================
[    18/    30, 57%] Running on TestParam(batch_size=256, vocab_size=131072, topk=2048, sorted_value=False, sorted_index=False, return_value=False, dtype=torch.float32, out_idx_dtype=torch.int32, enable_end_position=False, enable_output_idx_offset=False, input_distrib=NormalFloatDistribution(), idx_oob_fill_value=-2147483647, value_oob_fill_value=-1234123412341234, seed=17, check_correctness=True, num_runs=10)
topk           :   276.096 us, 0.494 TB/s
torch.topk     :  1603.840 us, 0.085 TB/s  (speedup 5.81x)
================
[    19/    30, 60%] Running on TestParam(batch_size=256, vocab_size=131072, topk=2048, sorted_value=False, sorted_index=False, return_value=False, dtype=torch.float32, out_idx_dtype=torch.int32, enable_end_position=False, enable_output_idx_offset=False, input_distrib=NormalFloatDistribution(), idx_oob_fill_value=-2147483647, value_oob_fill_value=-1234123412341234, seed=18, check_correctness=True, num_runs=10)
topk           :   276.890 us, 0.492 TB/s
torch.topk     :  1611.853 us, 0.085 TB/s  (speedup 5.82x)
================
[    20/    30, 63%] Running on TestParam(batch_size=256, vocab_size=131072, topk=2048, sorted_value=False, sorted_index=False, return_value=False, dtype=torch.float32, out_idx_dtype=torch.int32, enable_end_position=False, enable_output_idx_offset=False, input_distrib=NormalFloatDistribution(), idx_oob_fill_value=-2147483647, value_oob_fill_value=-1234123412341234, seed=19, check_correctness=True, num_runs=10)
topk           :   276.557 us, 0.493 TB/s
torch.topk     :  1616.384 us, 0.084 TB/s  (speedup 5.84x)
================
[    21/    30, 67%] Running on TestParam(batch_size=256, vocab_size=131072, topk=2048, sorted_value=False, sorted_index=False, return_value=False, dtype=torch.float32, out_idx_dtype=torch.int32, enable_end_position=False, enable_output_idx_offset=False, input_distrib=NormalFloatDistribution(), idx_oob_fill_value=-2147483647, value_oob_fill_value=-1234123412341234, seed=20, check_correctness=True, num_runs=10)
topk           :   275.942 us, 0.494 TB/s
torch.topk     :  1610.957 us, 0.085 TB/s  (speedup 5.84x)
================
[    22/    30, 70%] Running on TestParam(batch_size=4096, vocab_size=131072, topk=2048, sorted_value=False, sorted_index=False, return_value=False, dtype=torch.float32, out_idx_dtype=torch.int32, enable_end_position=False, enable_output_idx_offset=False, input_distrib=NormalFloatDistribution(), idx_oob_fill_value=-2147483647, value_oob_fill_value=-1234123412341234, seed=21, check_correctness=True, num_runs=10)
topk           :  3412.326 us, 0.639 TB/s
torch.topk     : 20537.165 us, 0.106 TB/s  (speedup 6.02x)
================
[    23/    30, 73%] Running on TestParam(batch_size=4096, vocab_size=131072, topk=2048, sorted_value=False, sorted_index=False, return_value=False, dtype=torch.float32, out_idx_dtype=torch.int32, enable_end_position=False, enable_output_idx_offset=False, input_distrib=NormalFloatDistribution(), idx_oob_fill_value=-2147483647, value_oob_fill_value=-1234123412341234, seed=22, check_correctness=True, num_runs=10)
topk           :  3411.072 us, 0.639 TB/s
torch.topk     : 20550.835 us, 0.106 TB/s  (speedup 6.02x)
================
[    24/    30, 77%] Running on TestParam(batch_size=4096, vocab_size=131072, topk=2048, sorted_value=False, sorted_index=False, return_value=False, dtype=torch.float32, out_idx_dtype=torch.int32, enable_end_position=False, enable_output_idx_offset=False, input_distrib=NormalFloatDistribution(), idx_oob_fill_value=-2147483647, value_oob_fill_value=-1234123412341234, seed=23, check_correctness=True, num_runs=10)
topk           :  3413.069 us, 0.639 TB/s
torch.topk     : 20501.837 us, 0.106 TB/s  (speedup 6.01x)
================
[    25/    30, 80%] Running on TestParam(batch_size=4096, vocab_size=131072, topk=2048, sorted_value=False, sorted_index=False, return_value=False, dtype=torch.float32, out_idx_dtype=torch.int32, enable_end_position=False, enable_output_idx_offset=False, input_distrib=NormalFloatDistribution(), idx_oob_fill_value=-2147483647, value_oob_fill_value=-1234123412341234, seed=24, check_correctness=True, num_runs=10)
topk           :  3413.453 us, 0.639 TB/s
torch.topk     : 20522.650 us, 0.106 TB/s  (speedup 6.01x)
================
[    26/    30, 83%] Running on TestParam(batch_size=1, vocab_size=107520, topk=2048, sorted_value=False, sorted_index=False, return_value=False, dtype=torch.float32, out_idx_dtype=torch.int32, enable_end_position=False, enable_output_idx_offset=False, input_distrib=NormalFloatDistribution(), idx_oob_fill_value=-2147483647, value_oob_fill_value=-1234123412341234, seed=25, check_correctness=True, num_runs=10)
topk           :   173.594 us, 0.003 TB/s
torch.topk     :   253.594 us, 0.002 TB/s  (speedup 1.46x)
================
[    27/    30, 87%] Running on TestParam(batch_size=16, vocab_size=66551, topk=2048, sorted_value=False, sorted_index=False, return_value=False, dtype=torch.float32, out_idx_dtype=torch.int32, enable_end_position=False, enable_output_idx_offset=False, input_distrib=NormalFloatDistribution(), idx_oob_fill_value=-2147483647, value_oob_fill_value=-1234123412341234, seed=26, check_correctness=True, num_runs=10)
topk           :    87.424 us, 0.050 TB/s
torch.topk     :   336.486 us, 0.013 TB/s  (speedup 3.85x)
================
[    28/    30, 90%] Running on TestParam(batch_size=132, vocab_size=107520, topk=2048, sorted_value=False, sorted_index=False, return_value=False, dtype=torch.float32, out_idx_dtype=torch.int32, enable_end_position=False, enable_output_idx_offset=False, input_distrib=NormalFloatDistribution(), idx_oob_fill_value=-2147483647, value_oob_fill_value=-1234123412341234, seed=27, check_correctness=True, num_runs=10)
topk           :   174.592 us, 0.331 TB/s
torch.topk     :   871.322 us, 0.066 TB/s  (speedup 4.99x)
================
[    29/    30, 93%] Running on TestParam(batch_size=256, vocab_size=107520, topk=2048, sorted_value=False, sorted_index=False, return_value=False, dtype=torch.float32, out_idx_dtype=torch.int32, enable_end_position=False, enable_output_idx_offset=False, input_distrib=NormalFloatDistribution(), idx_oob_fill_value=-2147483647, value_oob_fill_value=-1234123412341234, seed=28, check_correctness=True, num_runs=10)
topk           :   233.062 us, 0.481 TB/s
torch.topk     :  1355.264 us, 0.083 TB/s  (speedup 5.82x)
================
[    30/    30, 97%] Running on TestParam(batch_size=4096, vocab_size=107520, topk=2048, sorted_value=False, sorted_index=False, return_value=False, dtype=torch.float32, out_idx_dtype=torch.int32, enable_end_position=False, enable_output_idx_offset=False, input_distrib=NormalFloatDistribution(), idx_oob_fill_value=-2147483647, value_oob_fill_value=-1234123412341234, seed=29, check_correctness=True, num_runs=10)
topk           :  2849.280 us, 0.630 TB/s
torch.topk     : 15748.685 us, 0.114 TB/s  (speedup 5.53x)

================================================================
  pass              30
  check_fail         0
  crash              0
  skip               0
  unsupported        0
[32m[1mAll 30 cases passed![0m
# exit 0
