/home/compiler_gfx/tilelang/mcDeepGEMM/third-party/DeepSelect/scripts/perf_snapshot.py:55: UserWarning: Could not find flash_attn package installed. Please try to install flash_attn whl pacakge using pip command and make sure it can be imported properly
  import torch  # noqa: E402
chip metax_xcore1000  device MetaX C500  sm 104  backends ['maca_c', 'torch', 'deep_gemm']  cases 120  rows 360
case                                        backend   status                 us      GB/s
offic/lightn bfloat16 b6-v256-k512          maca_c    pass                3.533     4.348
offic/lightn bfloat16 b6-v256-k512          torch     pass                                 [not timed: no kernel name contains "to]
offic/lightn bfloat16 b6-v256-k512          deep_gemm unsupported                          [backend 'deep_gemm' ranks float32 scor]
  ... 1/120 cases (0.8s)
offic/lightn bfloat16 b6-v1024-k512         maca_c    pass               16.461     1.493
offic/lightn bfloat16 b6-v1024-k512         torch     pass                                 [not timed: no kernel name contains "to]
offic/lightn bfloat16 b6-v1024-k512         deep_gemm unsupported                          [backend 'deep_gemm' ranks float32 scor]
offic/lightn bfloat16 b6-v4096-k512         maca_c    pass               18.534     3.315
offic/lightn bfloat16 b6-v4096-k512         torch     pass                                 [not timed: no kernel name contains "to]
offic/lightn bfloat16 b6-v4096-k512         deep_gemm unsupported                          [backend 'deep_gemm' ranks float32 scor]
offic/lightn bfloat16 b6-v16384-k512        maca_c    pass               29.466     7.089
offic/lightn bfloat16 b6-v16384-k512        torch     pass                                 [not timed: no kernel name contains "to]
offic/lightn bfloat16 b6-v16384-k512        deep_gemm unsupported                          [backend 'deep_gemm' ranks float32 scor]
offic/lightn bfloat16 b6-v65536-k512        maca_c    pass               54.093    14.766
offic/lightn bfloat16 b6-v65536-k512        torch     pass              172.544     4.629
offic/lightn bfloat16 b6-v65536-k512        deep_gemm unsupported                          [backend 'deep_gemm' ranks float32 scor]
offic/lightn bfloat16 b6-v131072-k512       maca_c    pass               84.454    18.769
offic/lightn bfloat16 b6-v131072-k512       torch     pass               219.75     7.213
offic/lightn bfloat16 b6-v131072-k512       deep_gemm unsupported                          [backend 'deep_gemm' ranks float32 scor]
offic/lightn bfloat16 b6-v262144-k512       maca_c    pass                82.15    38.442
offic/lightn bfloat16 b6-v262144-k512       torch     pass              261.427     12.08
offic/lightn bfloat16 b6-v262144-k512       deep_gemm unsupported                          [backend 'deep_gemm' ranks float32 scor]
offic/lightn bfloat16 b6-v524288-k512       maca_c    pass               81.203    77.629
offic/lightn bfloat16 b6-v524288-k512       torch     pass              297.446    21.193
offic/lightn bfloat16 b6-v524288-k512       deep_gemm unsupported                          [backend 'deep_gemm' ranks float32 scor]
offic/lightn bfloat16 b6-v1048576-k512      maca_c    pass              110.003   114.498
offic/lightn bfloat16 b6-v1048576-k512      torch     pass              373.786    33.696
offic/lightn bfloat16 b6-v1048576-k512      deep_gemm unsupported                          [backend 'deep_gemm' ranks float32 scor]
offic/lightn bfloat16 b256-v256-k512        maca_c    pass                6.426   101.992
offic/lightn bfloat16 b256-v256-k512        torch     pass                                 [not timed: no kernel name contains "to]
offic/lightn bfloat16 b256-v256-k512        deep_gemm unsupported                          [backend 'deep_gemm' ranks float32 scor]
  ... 10/120 cases (0.3s)
offic/lightn bfloat16 b256-v1024-k512       maca_c    pass               32.102    32.663
offic/lightn bfloat16 b256-v1024-k512       torch     pass                                 [not timed: no kernel name contains "to]
offic/lightn bfloat16 b256-v1024-k512       deep_gemm unsupported                          [backend 'deep_gemm' ranks float32 scor]
offic/lightn bfloat16 b256-v4096-k512       maca_c    pass               41.651    62.938
offic/lightn bfloat16 b256-v4096-k512       torch     pass              203.213      12.9
offic/lightn bfloat16 b256-v4096-k512       deep_gemm unsupported                          [backend 'deep_gemm' ranks float32 scor]
offic/lightn bfloat16 b256-v16384-k512      maca_c    pass               69.888   127.531
offic/lightn bfloat16 b256-v16384-k512      torch     pass              313.421    28.437
offic/lightn bfloat16 b256-v16384-k512      deep_gemm unsupported                          [backend 'deep_gemm' ranks float32 scor]
offic/lightn bfloat16 b256-v65536-k512      maca_c    pass              174.592   195.191
offic/lightn bfloat16 b256-v65536-k512      torch     pass              701.158    48.603
offic/lightn bfloat16 b256-v65536-k512      deep_gemm unsupported                          [backend 'deep_gemm' ranks float32 scor]
offic/lightn bfloat16 b256-v131072-k512     maca_c    pass              281.882   239.935
offic/lightn bfloat16 b256-v131072-k512     torch     pass             1197.414    56.483
offic/lightn bfloat16 b256-v131072-k512     deep_gemm unsupported                          [backend 'deep_gemm' ranks float32 scor]
offic/lightn bfloat16 b256-v262144-k512     maca_c    pass              490.547   274.677
offic/lightn bfloat16 b256-v262144-k512     torch     pass             2040.141    66.045
offic/lightn bfloat16 b256-v262144-k512     deep_gemm unsupported                          [backend 'deep_gemm' ranks float32 scor]
offic/lightn bfloat16 b256-v524288-k512     maca_c    pass               899.43   299.033
offic/lightn bfloat16 b256-v524288-k512     torch     pass             3690.112    72.887
offic/lightn bfloat16 b256-v524288-k512     deep_gemm unsupported                          [backend 'deep_gemm' ranks float32 scor]
offic/lightn bfloat16 b256-v1048576-k512    maca_c    pass             1716.915     313.0
offic/lightn bfloat16 b256-v1048576-k512    torch     pass             6967.475    77.129
offic/lightn bfloat16 b256-v1048576-k512    deep_gemm unsupported                          [backend 'deep_gemm' ranks float32 scor]
offic/lightn bfloat16 b512-v256-k512        maca_c    pass                7.091   184.838
offic/lightn bfloat16 b512-v256-k512        torch     pass                                 [not timed: no kernel name contains "to]
offic/lightn bfloat16 b512-v256-k512        deep_gemm unsupported                          [backend 'deep_gemm' ranks float32 scor]
offic/lightn bfloat16 b512-v1024-k512       maca_c    pass               45.645    45.945
offic/lightn bfloat16 b512-v1024-k512       torch     pass                                 [not timed: no kernel name contains "to]
offic/lightn bfloat16 b512-v1024-k512       deep_gemm unsupported                          [backend 'deep_gemm' ranks float32 scor]
  ... 20/120 cases (0.3s)
offic/lightn bfloat16 b512-v4096-k512       maca_c    pass               56.294    93.133
offic/lightn bfloat16 b512-v4096-k512       torch     pass              247.142    21.214
offic/lightn bfloat16 b512-v4096-k512       deep_gemm unsupported                          [backend 'deep_gemm' ranks float32 scor]
offic/lightn bfloat16 b512-v16384-k512      maca_c    pass              100.557   177.271
offic/lightn bfloat16 b512-v16384-k512      torch     pass               459.52    38.792
offic/lightn bfloat16 b512-v16384-k512      deep_gemm unsupported                          [backend 'deep_gemm' ranks float32 scor]
offic/lightn bfloat16 b512-v65536-k512      maca_c    pass              286.003    238.31
offic/lightn bfloat16 b512-v65536-k512      torch     pass             1201.562    56.724
offic/lightn bfloat16 b512-v65536-k512      deep_gemm unsupported                          [backend 'deep_gemm' ranks float32 scor]
offic/lightn bfloat16 b512-v131072-k512     maca_c    pass              468.582   288.671
offic/lightn bfloat16 b512-v131072-k512     torch     pass             2144.717     63.07
offic/lightn bfloat16 b512-v131072-k512     deep_gemm unsupported                          [backend 'deep_gemm' ranks float32 scor]
offic/lightn bfloat16 b512-v262144-k512     maca_c    pass              820.838   328.303
offic/lightn bfloat16 b512-v262144-k512     torch     pass             3790.669    71.091
offic/lightn bfloat16 b512-v262144-k512     deep_gemm unsupported                          [backend 'deep_gemm' ranks float32 scor]
offic/lightn bfloat16 b512-v524288-k512     maca_c    pass             1520.589   353.757
offic/lightn bfloat16 b512-v524288-k512     torch     pass             7066.906    76.118
offic/lightn bfloat16 b512-v524288-k512     deep_gemm unsupported                          [backend 'deep_gemm' ranks float32 scor]
offic/lightn bfloat16 b512-v1048576-k512    maca_c    pass              2904.55   370.037
offic/lightn bfloat16 b512-v1048576-k512    torch     pass            13642.317    78.784
offic/lightn bfloat16 b512-v1048576-k512    deep_gemm unsupported                          [backend 'deep_gemm' ranks float32 scor]
offic/lightn bfloat16 b768-v256-k512        maca_c    pass                8.704   225.882
offic/lightn bfloat16 b768-v256-k512        torch     pass                                 [not timed: no kernel name contains "to]
offic/lightn bfloat16 b768-v256-k512        deep_gemm unsupported                          [backend 'deep_gemm' ranks float32 scor]
offic/lightn bfloat16 b768-v1024-k512       maca_c    pass                58.24    54.013
offic/lightn bfloat16 b768-v1024-k512       torch     pass                                 [not timed: no kernel name contains "to]
offic/lightn bfloat16 b768-v1024-k512       deep_gemm unsupported                          [backend 'deep_gemm' ranks float32 scor]
offic/lightn bfloat16 b768-v4096-k512       maca_c    pass               75.085   104.739
offic/lightn bfloat16 b768-v4096-k512       torch     pass              301.978    26.043
offic/lightn bfloat16 b768-v4096-k512       deep_gemm unsupported                          [backend 'deep_gemm' ranks float32 scor]
  ... 30/120 cases (0.3s)
offic/lightn bfloat16 b768-v16384-k512      maca_c    pass              137.984   193.781
offic/lightn bfloat16 b768-v16384-k512      torch     pass               676.48    39.526
offic/lightn bfloat16 b768-v16384-k512      deep_gemm unsupported                          [backend 'deep_gemm' ranks float32 scor]
offic/lightn bfloat16 b768-v65536-k512      maca_c    pass              441.242   231.701
offic/lightn bfloat16 b768-v65536-k512      torch     pass             1675.392    61.022
offic/lightn bfloat16 b768-v65536-k512      deep_gemm unsupported                          [backend 'deep_gemm' ranks float32 scor]
offic/lightn bfloat16 b768-v131072-k512     maca_c    pass              731.187   277.493
offic/lightn bfloat16 b768-v131072-k512     torch     pass             3086.899    65.729
offic/lightn bfloat16 b768-v131072-k512     deep_gemm unsupported                          [backend 'deep_gemm' ranks float32 scor]
offic/lightn bfloat16 b768-v262144-k512     maca_c    pass             1287.859   313.874
offic/lightn bfloat16 b768-v262144-k512     torch     pass             5565.594    72.629
offic/lightn bfloat16 b768-v262144-k512     deep_gemm unsupported                          [backend 'deep_gemm' ranks float32 scor]
offic/lightn bfloat16 b768-v524288-k512     maca_c    pass             2390.656   337.514
offic/lightn bfloat16 b768-v524288-k512     torch     pass            10405.427    77.544
offic/lightn bfloat16 b768-v524288-k512     deep_gemm unsupported                          [backend 'deep_gemm' ranks float32 scor]
offic/lightn bfloat16 b768-v1048576-k512    maca_c    pass             4585.728   351.566
offic/lightn bfloat16 b768-v1048576-k512    torch     pass            20130.586    80.086
offic/lightn bfloat16 b768-v1048576-k512    deep_gemm unsupported                          [backend 'deep_gemm' ranks float32 scor]
offic/lightn bfloat16 b4096-v256-k512       maca_c    pass               31.923   328.468
offic/lightn bfloat16 b4096-v256-k512       torch     pass                                 [not timed: no kernel name contains "to]
offic/lightn bfloat16 b4096-v256-k512       deep_gemm unsupported                          [backend 'deep_gemm' ranks float32 scor]
offic/lightn bfloat16 b4096-v1024-k512      maca_c    pass              220.749    76.001
offic/lightn bfloat16 b4096-v1024-k512      torch     pass              377.446    44.449
offic/lightn bfloat16 b4096-v1024-k512      deep_gemm unsupported                          [backend 'deep_gemm' ranks float32 scor]
offic/lightn bfloat16 b4096-v4096-k512      maca_c    pass              319.437   131.303
offic/lightn bfloat16 b4096-v4096-k512      torch     pass              701.619     59.78
offic/lightn bfloat16 b4096-v4096-k512      deep_gemm unsupported                          [backend 'deep_gemm' ranks float32 scor]
offic/lightn bfloat16 b4096-v16384-k512     maca_c    pass              619.162   230.322
offic/lightn bfloat16 b4096-v16384-k512     torch     pass             2007.834    71.025
offic/lightn bfloat16 b4096-v16384-k512     deep_gemm unsupported                          [backend 'deep_gemm' ranks float32 scor]
  ... 40/120 cases (0.4s)
offic/lightn bfloat16 b4096-v65536-k512     maca_c    pass             2148.582   253.776
offic/lightn bfloat16 b4096-v65536-k512     torch     pass             7802.803     69.88
offic/lightn bfloat16 b4096-v65536-k512     deep_gemm unsupported                          [backend 'deep_gemm' ranks float32 scor]
offic/lightn bfloat16 b4096-v131072-k512    maca_c    pass             3590.093   301.421
offic/lightn bfloat16 b4096-v131072-k512    torch     pass            15401.677    70.261
offic/lightn bfloat16 b4096-v131072-k512    deep_gemm unsupported                          [backend 'deep_gemm' ranks float32 scor]
offic/lightn bfloat16 b4096-v262144-k512    maca_c    pass             6396.314   337.049
offic/lightn bfloat16 b4096-v262144-k512    torch     pass             29512.32     73.05
offic/lightn bfloat16 b4096-v262144-k512    deep_gemm unsupported                          [backend 'deep_gemm' ranks float32 scor]
offic/lightn bfloat16 b4096-v524288-k512    maca_c    pass            11889.638   361.942
offic/lightn bfloat16 b4096-v524288-k512    torch     pass            57716.506     74.56
offic/lightn bfloat16 b4096-v524288-k512    deep_gemm unsupported                          [backend 'deep_gemm' ranks float32 scor]
offic/lightn bfloat16 b4096-v1048576-k512   maca_c    pass            22931.302    374.96
offic/lightn bfloat16 b4096-v1048576-k512   torch     pass           111907.866    76.834
offic/lightn bfloat16 b4096-v1048576-k512   deep_gemm unsupported                          [backend 'deep_gemm' ranks float32 scor]
offic/lightn bfloat16 b6-v256-k1024         maca_c    pass                3.558      7.77
offic/lightn bfloat16 b6-v256-k1024         torch     pass                                 [not timed: no kernel name contains "to]
offic/lightn bfloat16 b6-v256-k1024         deep_gemm unsupported                          [backend 'deep_gemm' ranks float32 scor]
offic/lightn bfloat16 b6-v1024-k1024        maca_c    pass                3.533    10.435
offic/lightn bfloat16 b6-v1024-k1024        torch     pass                                 [not timed: no kernel name contains "to]
offic/lightn bfloat16 b6-v1024-k1024        deep_gemm unsupported                          [backend 'deep_gemm' ranks float32 scor]
offic/lightn bfloat16 b6-v4096-k1024        maca_c    pass                 19.2      3.84
offic/lightn bfloat16 b6-v4096-k1024        torch     pass                                 [not timed: no kernel name contains "to]
offic/lightn bfloat16 b6-v4096-k1024        deep_gemm unsupported                          [backend 'deep_gemm' ranks float32 scor]
offic/lightn bfloat16 b6-v16384-k1024       maca_c    pass               31.053     7.123
offic/lightn bfloat16 b6-v16384-k1024       torch     pass                                 [not timed: no kernel name contains "to]
offic/lightn bfloat16 b6-v16384-k1024       deep_gemm unsupported                          [backend 'deep_gemm' ranks float32 scor]
offic/lightn bfloat16 b6-v65536-k1024       maca_c    pass               57.984    13.987
offic/lightn bfloat16 b6-v65536-k1024       torch     pass              172.621     4.698
offic/lightn bfloat16 b6-v65536-k1024       deep_gemm unsupported                          [backend 'deep_gemm' ranks float32 scor]
  ... 50/120 cases (0.3s)
offic/lightn bfloat16 b6-v131072-k1024      maca_c    pass               90.573    17.637
offic/lightn bfloat16 b6-v131072-k1024      torch     pass              220.954      7.23
offic/lightn bfloat16 b6-v131072-k1024      deep_gemm unsupported                          [backend 'deep_gemm' ranks float32 scor]
offic/lightn bfloat16 b6-v262144-k1024      maca_c    pass               98.586    32.158
offic/lightn bfloat16 b6-v262144-k1024      torch     pass              261.478    12.125
offic/lightn bfloat16 b6-v262144-k1024      deep_gemm unsupported                          [backend 'deep_gemm' ranks float32 scor]
offic/lightn bfloat16 b6-v524288-k1024      maca_c    pass              141.338    44.688
offic/lightn bfloat16 b6-v524288-k1024      torch     pass              298.291    21.174
offic/lightn bfloat16 b6-v524288-k1024      deep_gemm unsupported                          [backend 'deep_gemm' ranks float32 scor]
offic/lightn bfloat16 b6-v1048576-k1024     maca_c    pass              136.218    92.554
offic/lightn bfloat16 b6-v1048576-k1024     torch     pass              369.075     34.16
offic/lightn bfloat16 b6-v1048576-k1024     deep_gemm unsupported                          [backend 'deep_gemm' ranks float32 scor]
offic/lightn bfloat16 b256-v256-k1024       maca_c    pass                5.171   228.119
offic/lightn bfloat16 b256-v256-k1024       torch     pass                                 [not timed: no kernel name contains "to]
offic/lightn bfloat16 b256-v256-k1024       deep_gemm unsupported                          [backend 'deep_gemm' ranks float32 scor]
offic/lightn bfloat16 b256-v1024-k1024      maca_c    pass                5.094   308.744
offic/lightn bfloat16 b256-v1024-k1024      torch     pass                                 [not timed: no kernel name contains "to]
offic/lightn bfloat16 b256-v1024-k1024      deep_gemm unsupported                          [backend 'deep_gemm' ranks float32 scor]
offic/lightn bfloat16 b256-v4096-k1024      maca_c    pass               46.157    68.153
offic/lightn bfloat16 b256-v4096-k1024      torch     pass              207.155    15.185
offic/lightn bfloat16 b256-v4096-k1024      deep_gemm unsupported                          [backend 'deep_gemm' ranks float32 scor]
offic/lightn bfloat16 b256-v16384-k1024     maca_c    pass                72.96   129.347
offic/lightn bfloat16 b256-v16384-k1024     torch     pass              313.651    30.088
offic/lightn bfloat16 b256-v16384-k1024     deep_gemm unsupported                          [backend 'deep_gemm' ranks float32 scor]
offic/lightn bfloat16 b256-v65536-k1024     maca_c    pass              189.414   182.684
offic/lightn bfloat16 b256-v65536-k1024     torch     pass              716.442    48.298
offic/lightn bfloat16 b256-v65536-k1024     deep_gemm unsupported                          [backend 'deep_gemm' ranks float32 scor]
offic/lightn bfloat16 b256-v131072-k1024    maca_c    pass              304.666   223.712
offic/lightn bfloat16 b256-v131072-k1024    torch     pass             1209.088    56.371
offic/lightn bfloat16 b256-v131072-k1024    deep_gemm unsupported                          [backend 'deep_gemm' ranks float32 scor]
  ... 60/120 cases (0.3s)
offic/lightn bfloat16 b256-v262144-k1024    maca_c    pass              518.246   261.008
offic/lightn bfloat16 b256-v262144-k1024    torch     pass             2040.474    66.292
offic/lightn bfloat16 b256-v262144-k1024    deep_gemm unsupported                          [backend 'deep_gemm' ranks float32 scor]
offic/lightn bfloat16 b256-v524288-k1024    maca_c    pass              930.355   289.657
offic/lightn bfloat16 b256-v524288-k1024    torch     pass             3676.826    73.293
offic/lightn bfloat16 b256-v524288-k1024    deep_gemm unsupported                          [backend 'deep_gemm' ranks float32 scor]
offic/lightn bfloat16 b256-v1048576-k1024   maca_c    pass             1748.147   307.708
offic/lightn bfloat16 b256-v1048576-k1024   torch     pass              6944.64    77.458
offic/lightn bfloat16 b256-v1048576-k1024   deep_gemm unsupported                          [backend 'deep_gemm' ranks float32 scor]
offic/lightn bfloat16 b512-v256-k1024       maca_c    pass                6.861   343.881
offic/lightn bfloat16 b512-v256-k1024       torch     pass                                 [not timed: no kernel name contains "to]
offic/lightn bfloat16 b512-v256-k1024       deep_gemm unsupported                          [backend 'deep_gemm' ranks float32 scor]
offic/lightn bfloat16 b512-v1024-k1024      maca_c    pass                7.834   401.569
offic/lightn bfloat16 b512-v1024-k1024      torch     pass                                 [not timed: no kernel name contains "to]
offic/lightn bfloat16 b512-v1024-k1024      deep_gemm unsupported                          [backend 'deep_gemm' ranks float32 scor]
offic/lightn bfloat16 b512-v4096-k1024      maca_c    pass               61.773   101.848
offic/lightn bfloat16 b512-v4096-k1024      torch     pass              247.885    25.381
offic/lightn bfloat16 b512-v4096-k1024      deep_gemm unsupported                          [backend 'deep_gemm' ranks float32 scor]
offic/lightn bfloat16 b512-v16384-k1024     maca_c    pass              105.779   178.432
offic/lightn bfloat16 b512-v16384-k1024     torch     pass              462.464    40.813
offic/lightn bfloat16 b512-v16384-k1024     deep_gemm unsupported                          [backend 'deep_gemm' ranks float32 scor]
offic/lightn bfloat16 b512-v65536-k1024     maca_c    pass               311.45   222.206
offic/lightn bfloat16 b512-v65536-k1024     torch     pass             1219.866    56.732
offic/lightn bfloat16 b512-v65536-k1024     deep_gemm unsupported                          [backend 'deep_gemm' ranks float32 scor]
offic/lightn bfloat16 b512-v131072-k1024    maca_c    pass              506.266   269.256
offic/lightn bfloat16 b512-v131072-k1024    torch     pass             2170.163    62.813
offic/lightn bfloat16 b512-v131072-k1024    deep_gemm unsupported                          [backend 'deep_gemm' ranks float32 scor]
offic/lightn bfloat16 b512-v262144-k1024    maca_c    pass              867.635   311.805
offic/lightn bfloat16 b512-v262144-k1024    torch     pass             3852.211    70.228
offic/lightn bfloat16 b512-v262144-k1024    deep_gemm unsupported                          [backend 'deep_gemm' ranks float32 scor]
  ... 70/120 cases (0.5s)
offic/lightn bfloat16 b512-v524288-k1024    maca_c    pass             1571.226   343.024
offic/lightn bfloat16 b512-v524288-k1024    torch     pass             7136.768     75.52
offic/lightn bfloat16 b512-v524288-k1024    deep_gemm unsupported                          [backend 'deep_gemm' ranks float32 scor]
offic/lightn bfloat16 b512-v1048576-k1024   maca_c    pass             2955.187   364.051
offic/lightn bfloat16 b512-v1048576-k1024   torch     pass            13627.213    78.948
offic/lightn bfloat16 b512-v1048576-k1024   deep_gemm unsupported                          [backend 'deep_gemm' ranks float32 scor]
offic/lightn bfloat16 b768-v256-k1024       maca_c    pass                 8.32   425.354
offic/lightn bfloat16 b768-v256-k1024       torch     pass                                 [not timed: no kernel name contains "to]
offic/lightn bfloat16 b768-v256-k1024       deep_gemm unsupported                          [backend 'deep_gemm' ranks float32 scor]
offic/lightn bfloat16 b768-v1024-k1024      maca_c    pass                8.499   555.181
offic/lightn bfloat16 b768-v1024-k1024      torch     pass                                 [not timed: no kernel name contains "to]
offic/lightn bfloat16 b768-v1024-k1024      deep_gemm unsupported                          [backend 'deep_gemm' ranks float32 scor]
offic/lightn bfloat16 b768-v4096-k1024      maca_c    pass                79.13   119.262
offic/lightn bfloat16 b768-v4096-k1024      torch     pass              304.435    30.999
offic/lightn bfloat16 b768-v4096-k1024      deep_gemm unsupported                          [backend 'deep_gemm' ranks float32 scor]
offic/lightn bfloat16 b768-v16384-k1024     maca_c    pass               147.84   191.501
offic/lightn bfloat16 b768-v16384-k1024     torch     pass              674.355    41.983
offic/lightn bfloat16 b768-v16384-k1024     deep_gemm unsupported                          [backend 'deep_gemm' ranks float32 scor]
offic/lightn bfloat16 b768-v65536-k1024     maca_c    pass              479.283   216.592
offic/lightn bfloat16 b768-v65536-k1024     torch     pass             1701.376    61.015
offic/lightn bfloat16 b768-v65536-k1024     deep_gemm unsupported                          [backend 'deep_gemm' ranks float32 scor]
offic/lightn bfloat16 b768-v131072-k1024    maca_c    pass              790.963   258.511
offic/lightn bfloat16 b768-v131072-k1024    torch     pass              3116.39    65.612
offic/lightn bfloat16 b768-v131072-k1024    deep_gemm unsupported                          [backend 'deep_gemm' ranks float32 scor]
offic/lightn bfloat16 b768-v262144-k1024    maca_c    pass             1362.995   297.726
offic/lightn bfloat16 b768-v262144-k1024    torch     pass             5606.221    72.384
offic/lightn bfloat16 b768-v262144-k1024    deep_gemm unsupported                          [backend 'deep_gemm' ranks float32 scor]
offic/lightn bfloat16 b768-v524288-k1024    maca_c    pass             2472.294   327.005
offic/lightn bfloat16 b768-v524288-k1024    torch     pass            10482.611    77.123
offic/lightn bfloat16 b768-v524288-k1024    deep_gemm unsupported                          [backend 'deep_gemm' ranks float32 scor]
  ... 80/120 cases (0.8s)
offic/lightn bfloat16 b768-v1048576-k1024   maca_c    pass             4672.896   345.344
offic/lightn bfloat16 b768-v1048576-k1024   torch     pass            20278.861    79.578
offic/lightn bfloat16 b768-v1048576-k1024   deep_gemm unsupported                          [backend 'deep_gemm' ranks float32 scor]
offic/lightn bfloat16 b4096-v256-k1024      maca_c    pass               32.307   584.216
offic/lightn bfloat16 b4096-v256-k1024      torch     pass                                 [not timed: no kernel name contains "to]
offic/lightn bfloat16 b4096-v256-k1024      deep_gemm unsupported                          [backend 'deep_gemm' ranks float32 scor]
offic/lightn bfloat16 b4096-v1024-k1024     maca_c    pass               31.667   794.697
offic/lightn bfloat16 b4096-v1024-k1024     torch     pass              379.366    66.336
offic/lightn bfloat16 b4096-v1024-k1024     deep_gemm unsupported                          [backend 'deep_gemm' ranks float32 scor]
offic/lightn bfloat16 b4096-v4096-k1024     maca_c    pass                339.2   148.383
offic/lightn bfloat16 b4096-v4096-k1024     torch     pass              705.664    71.325
offic/lightn bfloat16 b4096-v4096-k1024     deep_gemm unsupported                          [backend 'deep_gemm' ranks float32 scor]
offic/lightn bfloat16 b4096-v16384-k1024    maca_c    pass              663.859    227.45
offic/lightn bfloat16 b4096-v16384-k1024    torch     pass             2021.632     74.69
offic/lightn bfloat16 b4096-v16384-k1024    deep_gemm unsupported                          [backend 'deep_gemm' ranks float32 scor]
offic/lightn bfloat16 b4096-v65536-k1024    maca_c    pass             2332.928   237.319
offic/lightn bfloat16 b4096-v65536-k1024    torch     pass             7899.955    70.082
offic/lightn bfloat16 b4096-v65536-k1024    deep_gemm unsupported                          [backend 'deep_gemm' ranks float32 scor]
offic/lightn bfloat16 b4096-v131072-k1024   maca_c    pass             3878.579   281.165
offic/lightn bfloat16 b4096-v131072-k1024   torch     pass            15579.853    69.995
offic/lightn bfloat16 b4096-v131072-k1024   deep_gemm unsupported                          [backend 'deep_gemm' ranks float32 scor]
offic/lightn bfloat16 b4096-v262144-k1024   maca_c    pass             6769.331   319.716
offic/lightn bfloat16 b4096-v262144-k1024   torch     pass             29687.91      72.9
offic/lightn bfloat16 b4096-v262144-k1024   deep_gemm unsupported                          [backend 'deep_gemm' ranks float32 scor]
offic/lightn bfloat16 b4096-v524288-k1024   maca_c    pass            12339.482   349.427
offic/lightn bfloat16 b4096-v524288-k1024   torch     pass            58259.789    74.009
offic/lightn bfloat16 b4096-v524288-k1024   deep_gemm unsupported                          [backend 'deep_gemm' ranks float32 scor]
offic/lightn bfloat16 b4096-v1048576-k1024  maca_c    pass            23391.078   367.948
offic/lightn bfloat16 b4096-v1048576-k1024  torch     pass           112102.758    76.775
offic/lightn bfloat16 b4096-v1048576-k1024  deep_gemm unsupported                          [backend 'deep_gemm' ranks float32 scor]
  ... 90/120 cases (6.1s)
offic/sample fp32  b6-v129280-k512          maca_c    pass               93.952    33.417
offic/sample fp32  b6-v129280-k512          torch     pass              341.606     9.191
offic/sample fp32  b6-v129280-k512          deep_gemm unsupported                          [backend 'deep_gemm' returns an unorder]
offic/sample fp32  b256-v129280-k512        maca_c    pass              424.243   315.752
offic/sample fp32  b256-v129280-k512        torch     pass             1580.877    84.735
offic/sample fp32  b256-v129280-k512        deep_gemm unsupported                          [backend 'deep_gemm' returns an unorder]
offic/sample fp32  b512-v129280-k512        maca_c    pass              773.888   346.189
offic/sample fp32  b512-v129280-k512        torch     pass             2808.832    95.382
offic/sample fp32  b512-v129280-k512        deep_gemm unsupported                          [backend 'deep_gemm' returns an unorder]
offic/sample fp32  b768-v129280-k512        maca_c    pass             1102.208   364.602
offic/sample fp32  b768-v129280-k512        torch     pass              4051.43    99.191
offic/sample fp32  b768-v129280-k512        deep_gemm unsupported                          [backend 'deep_gemm' returns an unorder]
offic/sample fp32  b4096-v129280-k512       maca_c    pass             6192.947   346.086
offic/sample fp32  b4096-v129280-k512       torch     pass            20170.982   106.256
offic/sample fp32  b4096-v129280-k512       deep_gemm unsupported                          [backend 'deep_gemm' returns an unorder]
deep_/lightn fp32  b1-v66551-k2048          maca_c    pass              128.691     2.132
deep_/lightn fp32  b1-v66551-k2048          torch     pass               214.17     1.281
deep_/lightn fp32  b1-v66551-k2048          deep_gemm pass               52.454     5.231
deep_/lightn fp32  b16-v66551-k2048         maca_c    pass              143.283    30.641
deep_/lightn fp32  b16-v66551-k2048         torch     pass              336.845    13.034
deep_/lightn fp32  b16-v66551-k2048         deep_gemm pass               53.939    81.394
deep_/lightn fp32  b132-v66551-k2048        maca_c    pass              197.862   183.058
deep_/lightn fp32  b132-v66551-k2048        torch     pass              648.192    55.879
/home/compiler_gfx/miniconda3/lib/python3.10/site-packages/torch/_inductor/compile_worker/__main__.py:7: UserWarning: Could not find flash_attn package installed. Please try to install flash_attn whl pacakge using pip command and make sure it can be imported properly
  from torch._inductor.async_compile import pre_fork_setup
deep_/lightn fp32  b132-v66551-k2048        deep_gemm pass              105.651   342.829
deep_/lightn fp32  b512-v66551-k2048        maca_c    pass              547.994   256.373
deep_/lightn fp32  b512-v66551-k2048        torch     pass             1597.542    87.942
deep_/lightn fp32  b512-v66551-k2048        deep_gemm pass              247.373   567.931
deep_/lightn fp32  b1-v131072-k2048         maca_c    pass              807.936     0.659
deep_/lightn fp32  b1-v131072-k2048         torch     pass              251.008     2.121
deep_/lightn fp32  b1-v131072-k2048         deep_gemm pass               62.362     8.539
  ... 100/120 cases (0.4s)
deep_/lightn fp32  b1-v131072-k2048         maca_c    pass             1013.581     0.525
deep_/lightn fp32  b1-v131072-k2048         torch     pass               248.73     2.141
deep_/lightn fp32  b1-v131072-k2048         deep_gemm pass               62.362     8.539
deep_/lightn fp32  b1-v131072-k2048         maca_c    pass              804.429     0.662
deep_/lightn fp32  b1-v131072-k2048         torch     pass              247.757     2.149
deep_/lightn fp32  b1-v131072-k2048         deep_gemm pass               62.157     8.567
deep_/lightn fp32  b1-v131072-k2048         maca_c    pass              810.803     0.657
deep_/lightn fp32  b1-v131072-k2048         torch     pass              251.059     2.121
deep_/lightn fp32  b1-v131072-k2048         deep_gemm pass               61.978     8.591
deep_/lightn fp32  b132-v131072-k2048       maca_c    pass             1661.696    42.299
deep_/lightn fp32  b132-v131072-k2048       torch     pass             1008.282     69.71
deep_/lightn fp32  b132-v131072-k2048       deep_gemm pass              172.006   408.632
deep_/lightn fp32  b132-v131072-k2048       maca_c    pass             1682.432    41.777
deep_/lightn fp32  b132-v131072-k2048       torch     pass             1010.637    69.548
deep_/lightn fp32  b132-v131072-k2048       deep_gemm pass              172.442   407.601
deep_/lightn fp32  b132-v131072-k2048       maca_c    pass             1704.704    41.231
deep_/lightn fp32  b132-v131072-k2048       torch     pass             1007.539    69.761
deep_/lightn fp32  b132-v131072-k2048       deep_gemm pass              172.442   407.601
deep_/lightn fp32  b132-v131072-k2048       maca_c    pass             1684.173    41.734
deep_/lightn fp32  b132-v131072-k2048       torch     pass             1007.334    69.776
deep_/lightn fp32  b132-v131072-k2048       deep_gemm pass              172.416   407.661
deep_/lightn fp32  b256-v131072-k2048       maca_c    pass             2793.446    48.798
deep_/lightn fp32  b256-v131072-k2048       torch     pass             1610.931    84.619
deep_/lightn fp32  b256-v131072-k2048       deep_gemm pass              241.843    563.65
deep_/lightn fp32  b256-v131072-k2048       maca_c    pass             2781.542    49.007
deep_/lightn fp32  b256-v131072-k2048       torch     pass             1607.578    84.795
deep_/lightn fp32  b256-v131072-k2048       deep_gemm pass              241.664   564.068
deep_/lightn fp32  b256-v131072-k2048       maca_c    pass             2783.002    48.981
deep_/lightn fp32  b256-v131072-k2048       torch     pass             1606.707    84.841
deep_/lightn fp32  b256-v131072-k2048       deep_gemm pass              241.766   563.829
  ... 110/120 cases (0.5s)
deep_/lightn fp32  b256-v131072-k2048       maca_c    pass             2810.163    48.508
deep_/lightn fp32  b256-v131072-k2048       torch     pass             1617.869    84.256
deep_/lightn fp32  b256-v131072-k2048       deep_gemm pass              241.203   565.145
deep_/lightn fp32  b4096-v131072-k2048      maca_c    pass            29547.392    73.815
deep_/lightn fp32  b4096-v131072-k2048      torch     pass            20507.955   106.351
deep_/lightn fp32  b4096-v131072-k2048      deep_gemm pass             3267.866    667.42
deep_/lightn fp32  b4096-v131072-k2048      maca_c    pass            29546.726    73.817
deep_/lightn fp32  b4096-v131072-k2048      torch     pass            20507.341   106.354
deep_/lightn fp32  b4096-v131072-k2048      deep_gemm pass             3265.741   667.854
deep_/lightn fp32  b4096-v131072-k2048      maca_c    pass            29656.653    73.543
deep_/lightn fp32  b4096-v131072-k2048      torch     pass            20538.547   106.192
deep_/lightn fp32  b4096-v131072-k2048      deep_gemm pass             3265.152   667.974
deep_/lightn fp32  b4096-v131072-k2048      maca_c    pass            29575.782    73.744
deep_/lightn fp32  b4096-v131072-k2048      torch     pass            20497.894   106.403
deep_/lightn fp32  b4096-v131072-k2048      deep_gemm pass              3268.48   667.294
deep_/lightn fp32  b1-v107520-k2048         maca_c    pass              669.926     0.654
deep_/lightn fp32  b1-v107520-k2048         torch     pass              252.672     1.735
deep_/lightn fp32  b1-v107520-k2048         deep_gemm pass               59.878     7.319
deep_/lightn fp32  b16-v107520-k2048        maca_c    pass              845.952     8.289
deep_/lightn fp32  b16-v107520-k2048        torch     pass              361.062    19.421
deep_/lightn fp32  b16-v107520-k2048        deep_gemm pass               61.978   113.143
deep_/lightn fp32  b132-v107520-k2048       maca_c    pass             1344.486    43.029
deep_/lightn fp32  b132-v107520-k2048       torch     pass              868.122     66.64
deep_/lightn fp32  b132-v107520-k2048       deep_gemm pass              144.179    401.25
deep_/lightn fp32  b256-v107520-k2048       maca_c    pass             1885.389    59.509
deep_/lightn fp32  b256-v107520-k2048       torch     pass             1357.645    82.641
deep_/lightn fp32  b256-v107520-k2048       deep_gemm pass              200.986   558.237
deep_/lightn fp32  b4096-v107520-k2048      maca_c    pass            19238.502    93.311
deep_/lightn fp32  b4096-v107520-k2048      torch     pass            15718.707   114.205
deep_/lightn fp32  b4096-v107520-k2048      deep_gemm pass             2707.968   662.919
  ... 120/120 cases (1.8s)

wrote perf_data/metax_xcore1000/20260914_223526_full/deepselect_perf.csv  (360 rows, 120 cases)
  deep_gemm  pass         25
  deep_gemm  unsupported  95
  maca_c     pass         120
  torch      pass         120
# exit 0
