/home/compiler_gfx/tilelang/mcDeepGEMM/third-party/DeepSelect/tests/test.py:9: UserWarning: Could not find flash_attn package installed. Please try to install flash_attn whl pacakge using pip command and make sure it can be imported properly
  import torch
================
[     1/    30,  0%] Running on TestParam(batch_size=6, vocab_size=129280, topk=512, sorted_value=True, sorted_index=False, return_value=True, dtype=torch.float32, out_idx_dtype=torch.int64, enable_end_position=False, enable_output_idx_offset=False, input_distrib=NormalFloatDistribution(), idx_oob_fill_value=-2147483647, value_oob_fill_value=-1234123412341234, seed=0, check_correctness=True, num_runs=10)
topk           :    98.125 us, 0.032 TB/s
torch.topk     :   352.179 us, 0.009 TB/s  (speedup 3.59x)
================
[     2/    30,  3%] Running on TestParam(batch_size=256, vocab_size=129280, topk=512, sorted_value=True, sorted_index=False, return_value=True, dtype=torch.float32, out_idx_dtype=torch.int64, enable_end_position=False, enable_output_idx_offset=False, input_distrib=NormalFloatDistribution(), idx_oob_fill_value=-2147483647, value_oob_fill_value=-1234123412341234, seed=1, check_correctness=True, num_runs=10)
topk           :   287.770 us, 0.465 TB/s
torch.topk     :  1587.200 us, 0.084 TB/s  (speedup 5.52x)
================
[     3/    30,  7%] Running on TestParam(batch_size=512, vocab_size=129280, topk=512, sorted_value=True, sorted_index=False, return_value=True, dtype=torch.float32, out_idx_dtype=torch.int64, enable_end_position=False, enable_output_idx_offset=False, input_distrib=NormalFloatDistribution(), idx_oob_fill_value=-2147483647, value_oob_fill_value=-1234123412341234, seed=2, check_correctness=True, num_runs=10)
topk           :   499.738 us, 0.536 TB/s
torch.topk     :  2802.304 us, 0.096 TB/s  (speedup 5.61x)
================
[     4/    30, 10%] Running on TestParam(batch_size=768, vocab_size=129280, topk=512, sorted_value=True, sorted_index=False, return_value=True, dtype=torch.float32, out_idx_dtype=torch.int64, enable_end_position=False, enable_output_idx_offset=False, input_distrib=NormalFloatDistribution(), idx_oob_fill_value=-2147483647, value_oob_fill_value=-1234123412341234, seed=3, check_correctness=True, num_runs=10)
topk           :   742.528 us, 0.541 TB/s
torch.topk     :  4043.290 us, 0.099 TB/s  (speedup 5.45x)
================
[     5/    30, 13%] Running on TestParam(batch_size=4096, vocab_size=129280, topk=512, sorted_value=True, sorted_index=False, return_value=True, dtype=torch.float32, out_idx_dtype=torch.int64, enable_end_position=False, enable_output_idx_offset=False, input_distrib=NormalFloatDistribution(), idx_oob_fill_value=-2147483647, value_oob_fill_value=-1234123412341234, seed=4, check_correctness=True, num_runs=10)
topk           :  4268.877 us, 0.502 TB/s
torch.topk     : 20169.037 us, 0.106 TB/s  (speedup 4.72x)
================
[     6/    30, 17%] Running on TestParam(batch_size=1, vocab_size=66551, topk=2048, sorted_value=False, sorted_index=False, return_value=False, dtype=torch.float32, out_idx_dtype=torch.int32, enable_end_position=False, enable_output_idx_offset=False, input_distrib=NormalFloatDistribution(), idx_oob_fill_value=-2147483647, value_oob_fill_value=-1234123412341234, seed=5, check_correctness=True, num_runs=10)
topk           :    66.074 us, 0.004 TB/s
torch.topk     :   219.571 us, 0.001 TB/s  (speedup 3.32x)
================
[     7/    30, 20%] Running on TestParam(batch_size=16, vocab_size=66551, topk=2048, sorted_value=False, sorted_index=False, return_value=False, dtype=torch.float32, out_idx_dtype=torch.int32, enable_end_position=False, enable_output_idx_offset=False, input_distrib=NormalFloatDistribution(), idx_oob_fill_value=-2147483647, value_oob_fill_value=-1234123412341234, seed=6, check_correctness=True, num_runs=10)
topk           :    87.578 us, 0.050 TB/s
torch.topk     :   341.478 us, 0.013 TB/s  (speedup 3.90x)
================
[     8/    30, 23%] Running on TestParam(batch_size=132, vocab_size=66551, topk=2048, sorted_value=False, sorted_index=False, return_value=False, dtype=torch.float32, out_idx_dtype=torch.int32, enable_end_position=False, enable_output_idx_offset=False, input_distrib=NormalFloatDistribution(), idx_oob_fill_value=-2147483647, value_oob_fill_value=-1234123412341234, seed=7, check_correctness=True, num_runs=10)
topk           :   132.531 us, 0.273 TB/s
torch.topk     :   649.293 us, 0.056 TB/s  (speedup 4.90x)
================
[     9/    30, 27%] Running on TestParam(batch_size=512, vocab_size=66551, topk=2048, sorted_value=False, sorted_index=False, return_value=False, dtype=torch.float32, out_idx_dtype=torch.int32, enable_end_position=False, enable_output_idx_offset=False, input_distrib=NormalFloatDistribution(), idx_oob_fill_value=-2147483647, value_oob_fill_value=-1234123412341234, seed=8, check_correctness=True, num_runs=10)
topk           :   277.478 us, 0.506 TB/s
torch.topk     :  1600.307 us, 0.088 TB/s  (speedup 5.77x)
================
[    10/    30, 30%] Running on TestParam(batch_size=1, vocab_size=131072, topk=2048, sorted_value=False, sorted_index=False, return_value=False, dtype=torch.float32, out_idx_dtype=torch.int32, enable_end_position=False, enable_output_idx_offset=False, input_distrib=NormalFloatDistribution(), idx_oob_fill_value=-2147483647, value_oob_fill_value=-1234123412341234, seed=9, check_correctness=True, num_runs=10)
topk           :    76.646 us, 0.007 TB/s
torch.topk     :   262.861 us, 0.002 TB/s  (speedup 3.43x)
================
[    11/    30, 33%] Running on TestParam(batch_size=1, vocab_size=131072, topk=2048, sorted_value=False, sorted_index=False, return_value=False, dtype=torch.float32, out_idx_dtype=torch.int32, enable_end_position=False, enable_output_idx_offset=False, input_distrib=NormalFloatDistribution(), idx_oob_fill_value=-2147483647, value_oob_fill_value=-1234123412341234, seed=10, check_correctness=True, num_runs=10)
topk           :    75.648 us, 0.007 TB/s
torch.topk     :   259.994 us, 0.002 TB/s  (speedup 3.44x)
================
[    12/    30, 37%] Running on TestParam(batch_size=1, vocab_size=131072, topk=2048, sorted_value=False, sorted_index=False, return_value=False, dtype=torch.float32, out_idx_dtype=torch.int32, enable_end_position=False, enable_output_idx_offset=False, input_distrib=NormalFloatDistribution(), idx_oob_fill_value=-2147483647, value_oob_fill_value=-1234123412341234, seed=11, check_correctness=True, num_runs=10)
topk           :    76.109 us, 0.007 TB/s
torch.topk     :   260.378 us, 0.002 TB/s  (speedup 3.42x)
================
[    13/    30, 40%] Running on TestParam(batch_size=1, vocab_size=131072, topk=2048, sorted_value=False, sorted_index=False, return_value=False, dtype=torch.float32, out_idx_dtype=torch.int32, enable_end_position=False, enable_output_idx_offset=False, input_distrib=NormalFloatDistribution(), idx_oob_fill_value=-2147483647, value_oob_fill_value=-1234123412341234, seed=12, check_correctness=True, num_runs=10)
topk           :    75.904 us, 0.007 TB/s
torch.topk     :   266.342 us, 0.002 TB/s  (speedup 3.51x)
================
[    14/    30, 43%] Running on TestParam(batch_size=132, vocab_size=131072, topk=2048, sorted_value=False, sorted_index=False, return_value=False, dtype=torch.float32, out_idx_dtype=torch.int32, enable_end_position=False, enable_output_idx_offset=False, input_distrib=NormalFloatDistribution(), idx_oob_fill_value=-2147483647, value_oob_fill_value=-1234123412341234, seed=13, check_correctness=True, num_runs=10)
topk           :   204.723 us, 0.343 TB/s
torch.topk     :  1009.382 us, 0.070 TB/s  (speedup 4.93x)
================
[    15/    30, 47%] Running on TestParam(batch_size=132, vocab_size=131072, topk=2048, sorted_value=False, sorted_index=False, return_value=False, dtype=torch.float32, out_idx_dtype=torch.int32, enable_end_position=False, enable_output_idx_offset=False, input_distrib=NormalFloatDistribution(), idx_oob_fill_value=-2147483647, value_oob_fill_value=-1234123412341234, seed=14, check_correctness=True, num_runs=10)
topk           :   205.926 us, 0.341 TB/s
torch.topk     :  1011.635 us, 0.069 TB/s  (speedup 4.91x)
================
[    16/    30, 50%] Running on TestParam(batch_size=132, vocab_size=131072, topk=2048, sorted_value=False, sorted_index=False, return_value=False, dtype=torch.float32, out_idx_dtype=torch.int32, enable_end_position=False, enable_output_idx_offset=False, input_distrib=NormalFloatDistribution(), idx_oob_fill_value=-2147483647, value_oob_fill_value=-1234123412341234, seed=15, check_correctness=True, num_runs=10)
topk           :   205.005 us, 0.343 TB/s
torch.topk     :  1011.814 us, 0.069 TB/s  (speedup 4.94x)
================
[    17/    30, 53%] Running on TestParam(batch_size=132, vocab_size=131072, topk=2048, sorted_value=False, sorted_index=False, return_value=False, dtype=torch.float32, out_idx_dtype=torch.int32, enable_end_position=False, enable_output_idx_offset=False, input_distrib=NormalFloatDistribution(), idx_oob_fill_value=-2147483647, value_oob_fill_value=-1234123412341234, seed=16, check_correctness=True, num_runs=10)
topk           :   205.235 us, 0.342 TB/s
torch.topk     :  1003.187 us, 0.070 TB/s  (speedup 4.89x)
================
[    18/    30, 57%] Running on TestParam(batch_size=256, vocab_size=131072, topk=2048, sorted_value=False, sorted_index=False, return_value=False, dtype=torch.float32, out_idx_dtype=torch.int32, enable_end_position=False, enable_output_idx_offset=False, input_distrib=NormalFloatDistribution(), idx_oob_fill_value=-2147483647, value_oob_fill_value=-1234123412341234, seed=17, check_correctness=True, num_runs=10)
topk           :   275.942 us, 0.494 TB/s
torch.topk     :  1613.696 us, 0.084 TB/s  (speedup 5.85x)
================
[    19/    30, 60%] Running on TestParam(batch_size=256, vocab_size=131072, topk=2048, sorted_value=False, sorted_index=False, return_value=False, dtype=torch.float32, out_idx_dtype=torch.int32, enable_end_position=False, enable_output_idx_offset=False, input_distrib=NormalFloatDistribution(), idx_oob_fill_value=-2147483647, value_oob_fill_value=-1234123412341234, seed=18, check_correctness=True, num_runs=10)
topk           :   276.301 us, 0.493 TB/s
torch.topk     :  1621.222 us, 0.084 TB/s  (speedup 5.87x)
================
[    20/    30, 63%] Running on TestParam(batch_size=256, vocab_size=131072, topk=2048, sorted_value=False, sorted_index=False, return_value=False, dtype=torch.float32, out_idx_dtype=torch.int32, enable_end_position=False, enable_output_idx_offset=False, input_distrib=NormalFloatDistribution(), idx_oob_fill_value=-2147483647, value_oob_fill_value=-1234123412341234, seed=19, check_correctness=True, num_runs=10)
topk           :   276.096 us, 0.494 TB/s
torch.topk     :  1624.346 us, 0.084 TB/s  (speedup 5.88x)
================
[    21/    30, 67%] Running on TestParam(batch_size=256, vocab_size=131072, topk=2048, sorted_value=False, sorted_index=False, return_value=False, dtype=torch.float32, out_idx_dtype=torch.int32, enable_end_position=False, enable_output_idx_offset=False, input_distrib=NormalFloatDistribution(), idx_oob_fill_value=-2147483647, value_oob_fill_value=-1234123412341234, seed=20, check_correctness=True, num_runs=10)
topk           :   276.224 us, 0.493 TB/s
torch.topk     :  1620.019 us, 0.084 TB/s  (speedup 5.86x)
================
[    22/    30, 70%] Running on TestParam(batch_size=4096, vocab_size=131072, topk=2048, sorted_value=False, sorted_index=False, return_value=False, dtype=torch.float32, out_idx_dtype=torch.int32, enable_end_position=False, enable_output_idx_offset=False, input_distrib=NormalFloatDistribution(), idx_oob_fill_value=-2147483647, value_oob_fill_value=-1234123412341234, seed=21, check_correctness=True, num_runs=10)
topk           :  3411.226 us, 0.639 TB/s
torch.topk     : 20512.512 us, 0.106 TB/s  (speedup 6.01x)
================
[    23/    30, 73%] Running on TestParam(batch_size=4096, vocab_size=131072, topk=2048, sorted_value=False, sorted_index=False, return_value=False, dtype=torch.float32, out_idx_dtype=torch.int32, enable_end_position=False, enable_output_idx_offset=False, input_distrib=NormalFloatDistribution(), idx_oob_fill_value=-2147483647, value_oob_fill_value=-1234123412341234, seed=22, check_correctness=True, num_runs=10)
topk           :  3410.278 us, 0.640 TB/s
torch.topk     : 20522.138 us, 0.106 TB/s  (speedup 6.02x)
================
[    24/    30, 77%] Running on TestParam(batch_size=4096, vocab_size=131072, topk=2048, sorted_value=False, sorted_index=False, return_value=False, dtype=torch.float32, out_idx_dtype=torch.int32, enable_end_position=False, enable_output_idx_offset=False, input_distrib=NormalFloatDistribution(), idx_oob_fill_value=-2147483647, value_oob_fill_value=-1234123412341234, seed=23, check_correctness=True, num_runs=10)
topk           :  3406.694 us, 0.640 TB/s
torch.topk     : 20481.203 us, 0.106 TB/s  (speedup 6.01x)
================
[    25/    30, 80%] Running on TestParam(batch_size=4096, vocab_size=131072, topk=2048, sorted_value=False, sorted_index=False, return_value=False, dtype=torch.float32, out_idx_dtype=torch.int32, enable_end_position=False, enable_output_idx_offset=False, input_distrib=NormalFloatDistribution(), idx_oob_fill_value=-2147483647, value_oob_fill_value=-1234123412341234, seed=24, check_correctness=True, num_runs=10)
topk           :  3409.331 us, 0.640 TB/s
torch.topk     : 20500.070 us, 0.106 TB/s  (speedup 6.01x)
================
[    26/    30, 83%] Running on TestParam(batch_size=1, vocab_size=107520, topk=2048, sorted_value=False, sorted_index=False, return_value=False, dtype=torch.float32, out_idx_dtype=torch.int32, enable_end_position=False, enable_output_idx_offset=False, input_distrib=NormalFloatDistribution(), idx_oob_fill_value=-2147483647, value_oob_fill_value=-1234123412341234, seed=25, check_correctness=True, num_runs=10)
topk           :    73.344 us, 0.006 TB/s
torch.topk     :   262.835 us, 0.002 TB/s  (speedup 3.58x)
================
[    27/    30, 87%] Running on TestParam(batch_size=16, vocab_size=66551, topk=2048, sorted_value=False, sorted_index=False, return_value=False, dtype=torch.float32, out_idx_dtype=torch.int32, enable_end_position=False, enable_output_idx_offset=False, input_distrib=NormalFloatDistribution(), idx_oob_fill_value=-2147483647, value_oob_fill_value=-1234123412341234, seed=26, check_correctness=True, num_runs=10)
topk           :    87.578 us, 0.050 TB/s
torch.topk     :   343.578 us, 0.013 TB/s  (speedup 3.92x)
================
[    28/    30, 90%] Running on TestParam(batch_size=132, vocab_size=107520, topk=2048, sorted_value=False, sorted_index=False, return_value=False, dtype=torch.float32, out_idx_dtype=torch.int32, enable_end_position=False, enable_output_idx_offset=False, input_distrib=NormalFloatDistribution(), idx_oob_fill_value=-2147483647, value_oob_fill_value=-1234123412341234, seed=27, check_correctness=True, num_runs=10)
topk           :   174.157 us, 0.332 TB/s
torch.topk     :   874.291 us, 0.066 TB/s  (speedup 5.02x)
================
[    29/    30, 93%] Running on TestParam(batch_size=256, vocab_size=107520, topk=2048, sorted_value=False, sorted_index=False, return_value=False, dtype=torch.float32, out_idx_dtype=torch.int32, enable_end_position=False, enable_output_idx_offset=False, input_distrib=NormalFloatDistribution(), idx_oob_fill_value=-2147483647, value_oob_fill_value=-1234123412341234, seed=28, check_correctness=True, num_runs=10)
topk           :   233.267 us, 0.481 TB/s
torch.topk     :  1362.534 us, 0.082 TB/s  (speedup 5.84x)
================
[    30/    30, 97%] Running on TestParam(batch_size=4096, vocab_size=107520, topk=2048, sorted_value=False, sorted_index=False, return_value=False, dtype=torch.float32, out_idx_dtype=torch.int32, enable_end_position=False, enable_output_idx_offset=False, input_distrib=NormalFloatDistribution(), idx_oob_fill_value=-2147483647, value_oob_fill_value=-1234123412341234, seed=29, check_correctness=True, num_runs=10)
topk           :  2846.490 us, 0.631 TB/s
torch.topk     : 15717.120 us, 0.114 TB/s  (speedup 5.52x)

================================================================
  pass              30
  check_fail         0
  crash              0
  skip               0
  unsupported        0
[32m[1mAll 30 cases passed![0m
# exit 0
