/home/compiler_gfx/tilelang/mcDeepGEMM/third-party/DeepSelect/tests/test.py:9: UserWarning: Could not find flash_attn package installed. Please try to install flash_attn whl pacakge using pip command and make sure it can be imported properly
  import torch
================
[     1/   147,  0%] Running on TestParam(batch_size=6, vocab_size=256, topk=512, sorted_value=False, sorted_index=False, return_value=False, dtype=torch.bfloat16, out_idx_dtype=torch.int32, enable_end_position=False, enable_output_idx_offset=False, input_distrib=NormalFloatDistribution(), idx_oob_fill_value=-2147483647, value_oob_fill_value=-1234123412341234, seed=0, check_correctness=True, num_runs=10)
topk           :     3.661 us, 0.004 TB/s
================
[     2/   147,  1%] Running on TestParam(batch_size=6, vocab_size=1024, topk=512, sorted_value=False, sorted_index=False, return_value=False, dtype=torch.bfloat16, out_idx_dtype=torch.int32, enable_end_position=False, enable_output_idx_offset=False, input_distrib=NormalFloatDistribution(), idx_oob_fill_value=-2147483647, value_oob_fill_value=-1234123412341234, seed=1, check_correctness=True, num_runs=10)
topk           :    15.206 us, 0.002 TB/s
torch.topk     :    26.112 us, 0.001 TB/s  (speedup 1.72x)
================
[     3/   147,  1%] Running on TestParam(batch_size=6, vocab_size=4096, topk=512, sorted_value=False, sorted_index=False, return_value=False, dtype=torch.bfloat16, out_idx_dtype=torch.int32, enable_end_position=False, enable_output_idx_offset=False, input_distrib=NormalFloatDistribution(), idx_oob_fill_value=-2147483647, value_oob_fill_value=-1234123412341234, seed=2, check_correctness=True, num_runs=10)
topk           :    16.947 us, 0.004 TB/s
torch.topk     :    50.842 us, 0.001 TB/s  (speedup 3.00x)
================
[     4/   147,  2%] Running on TestParam(batch_size=6, vocab_size=16384, topk=512, sorted_value=False, sorted_index=False, return_value=False, dtype=torch.bfloat16, out_idx_dtype=torch.int32, enable_end_position=False, enable_output_idx_offset=False, input_distrib=NormalFloatDistribution(), idx_oob_fill_value=-2147483647, value_oob_fill_value=-1234123412341234, seed=3, check_correctness=True, num_runs=10)
topk           :    26.240 us, 0.008 TB/s
torch.topk     :   139.776 us, 0.001 TB/s  (speedup 5.33x)
================
[     5/   147,  3%] Running on TestParam(batch_size=6, vocab_size=65536, topk=512, sorted_value=False, sorted_index=False, return_value=False, dtype=torch.bfloat16, out_idx_dtype=torch.int32, enable_end_position=False, enable_output_idx_offset=False, input_distrib=NormalFloatDistribution(), idx_oob_fill_value=-2147483647, value_oob_fill_value=-1234123412341234, seed=4, check_correctness=True, num_runs=10)
topk           :    46.438 us, 0.017 TB/s
torch.topk     :   178.381 us, 0.004 TB/s  (speedup 3.84x)
================
[     6/   147,  3%] Running on TestParam(batch_size=6, vocab_size=131072, topk=512, sorted_value=False, sorted_index=False, return_value=False, dtype=torch.bfloat16, out_idx_dtype=torch.int32, enable_end_position=False, enable_output_idx_offset=False, input_distrib=NormalFloatDistribution(), idx_oob_fill_value=-2147483647, value_oob_fill_value=-1234123412341234, seed=5, check_correctness=True, num_runs=10)
topk           :    71.424 us, 0.022 TB/s
torch.topk     :   219.546 us, 0.007 TB/s  (speedup 3.07x)
================
[     7/   147,  4%] Running on TestParam(batch_size=6, vocab_size=262144, topk=512, sorted_value=False, sorted_index=False, return_value=False, dtype=torch.bfloat16, out_idx_dtype=torch.int32, enable_end_position=False, enable_output_idx_offset=False, input_distrib=NormalFloatDistribution(), idx_oob_fill_value=-2147483647, value_oob_fill_value=-1234123412341234, seed=6, check_correctness=True, num_runs=10)
topk           :    82.739 us, 0.038 TB/s
torch.topk     :   263.654 us, 0.012 TB/s  (speedup 3.19x)
================
[     8/   147,  5%] Running on TestParam(batch_size=6, vocab_size=524288, topk=512, sorted_value=False, sorted_index=False, return_value=False, dtype=torch.bfloat16, out_idx_dtype=torch.int32, enable_end_position=False, enable_output_idx_offset=False, input_distrib=NormalFloatDistribution(), idx_oob_fill_value=-2147483647, value_oob_fill_value=-1234123412341234, seed=7, check_correctness=True, num_runs=10)
topk           :    81.766 us, 0.077 TB/s
torch.topk     :   298.317 us, 0.021 TB/s  (speedup 3.65x)
================
[     9/   147,  5%] Running on TestParam(batch_size=6, vocab_size=1048576, topk=512, sorted_value=False, sorted_index=False, return_value=False, dtype=torch.bfloat16, out_idx_dtype=torch.int32, enable_end_position=False, enable_output_idx_offset=False, input_distrib=NormalFloatDistribution(), idx_oob_fill_value=-2147483647, value_oob_fill_value=-1234123412341234, seed=8, check_correctness=True, num_runs=10)
topk           :   110.848 us, 0.114 TB/s
torch.topk     :   373.299 us, 0.034 TB/s  (speedup 3.37x)
================
[    10/   147,  6%] Running on TestParam(batch_size=256, vocab_size=256, topk=512, sorted_value=False, sorted_index=False, return_value=False, dtype=torch.bfloat16, out_idx_dtype=torch.int32, enable_end_position=False, enable_output_idx_offset=False, input_distrib=NormalFloatDistribution(), idx_oob_fill_value=-2147483647, value_oob_fill_value=-1234123412341234, seed=9, check_correctness=True, num_runs=10)
topk           :     6.477 us, 0.101 TB/s
================
[    11/   147,  7%] Running on TestParam(batch_size=256, vocab_size=1024, topk=512, sorted_value=False, sorted_index=False, return_value=False, dtype=torch.bfloat16, out_idx_dtype=torch.int32, enable_end_position=False, enable_output_idx_offset=False, input_distrib=NormalFloatDistribution(), idx_oob_fill_value=-2147483647, value_oob_fill_value=-1234123412341234, seed=10, check_correctness=True, num_runs=10)
topk           :    25.779 us, 0.041 TB/s
torch.topk     :    60.749 us, 0.017 TB/s  (speedup 2.36x)
================
[    12/   147,  7%] Running on TestParam(batch_size=256, vocab_size=4096, topk=512, sorted_value=False, sorted_index=False, return_value=False, dtype=torch.bfloat16, out_idx_dtype=torch.int32, enable_end_position=False, enable_output_idx_offset=False, input_distrib=NormalFloatDistribution(), idx_oob_fill_value=-2147483647, value_oob_fill_value=-1234123412341234, seed=11, check_correctness=True, num_runs=10)
topk           :    35.610 us, 0.074 TB/s
torch.topk     :   212.531 us, 0.012 TB/s  (speedup 5.97x)
================
[    13/   147,  8%] Running on TestParam(batch_size=256, vocab_size=16384, topk=512, sorted_value=False, sorted_index=False, return_value=False, dtype=torch.bfloat16, out_idx_dtype=torch.int32, enable_end_position=False, enable_output_idx_offset=False, input_distrib=NormalFloatDistribution(), idx_oob_fill_value=-2147483647, value_oob_fill_value=-1234123412341234, seed=12, check_correctness=True, num_runs=10)
topk           :    55.654 us, 0.160 TB/s
torch.topk     :   317.568 us, 0.028 TB/s  (speedup 5.71x)
================
[    14/   147,  9%] Running on TestParam(batch_size=256, vocab_size=65536, topk=512, sorted_value=False, sorted_index=False, return_value=False, dtype=torch.bfloat16, out_idx_dtype=torch.int32, enable_end_position=False, enable_output_idx_offset=False, input_distrib=NormalFloatDistribution(), idx_oob_fill_value=-2147483647, value_oob_fill_value=-1234123412341234, seed=13, check_correctness=True, num_runs=10)
topk           :   142.157 us, 0.240 TB/s
torch.topk     :   707.610 us, 0.048 TB/s  (speedup 4.98x)
================
[    15/   147, 10%] Running on TestParam(batch_size=256, vocab_size=131072, topk=512, sorted_value=False, sorted_index=False, return_value=False, dtype=torch.bfloat16, out_idx_dtype=torch.int32, enable_end_position=False, enable_output_idx_offset=False, input_distrib=NormalFloatDistribution(), idx_oob_fill_value=-2147483647, value_oob_fill_value=-1234123412341234, seed=14, check_correctness=True, num_runs=10)
topk           :   224.896 us, 0.301 TB/s
torch.topk     :  1207.910 us, 0.056 TB/s  (speedup 5.37x)
================
[    16/   147, 10%] Running on TestParam(batch_size=256, vocab_size=262144, topk=512, sorted_value=False, sorted_index=False, return_value=False, dtype=torch.bfloat16, out_idx_dtype=torch.int32, enable_end_position=False, enable_output_idx_offset=False, input_distrib=NormalFloatDistribution(), idx_oob_fill_value=-2147483647, value_oob_fill_value=-1234123412341234, seed=15, check_correctness=True, num_runs=10)
topk           :   383.462 us, 0.351 TB/s
torch.topk     :  2041.062 us, 0.066 TB/s  (speedup 5.32x)
================
[    17/   147, 11%] Running on TestParam(batch_size=256, vocab_size=524288, topk=512, sorted_value=False, sorted_index=False, return_value=False, dtype=torch.bfloat16, out_idx_dtype=torch.int32, enable_end_position=False, enable_output_idx_offset=False, input_distrib=NormalFloatDistribution(), idx_oob_fill_value=-2147483647, value_oob_fill_value=-1234123412341234, seed=16, check_correctness=True, num_runs=10)
topk           :   696.550 us, 0.386 TB/s
torch.topk     :  3692.314 us, 0.073 TB/s  (speedup 5.30x)
================
[    18/   147, 12%] Running on TestParam(batch_size=256, vocab_size=1048576, topk=512, sorted_value=False, sorted_index=False, return_value=False, dtype=torch.bfloat16, out_idx_dtype=torch.int32, enable_end_position=False, enable_output_idx_offset=False, input_distrib=NormalFloatDistribution(), idx_oob_fill_value=-2147483647, value_oob_fill_value=-1234123412341234, seed=17, check_correctness=True, num_runs=10)
topk           :  1322.854 us, 0.406 TB/s
torch.topk     :  6972.826 us, 0.077 TB/s  (speedup 5.27x)
================
[    19/   147, 12%] Running on TestParam(batch_size=512, vocab_size=256, topk=512, sorted_value=False, sorted_index=False, return_value=False, dtype=torch.bfloat16, out_idx_dtype=torch.int32, enable_end_position=False, enable_output_idx_offset=False, input_distrib=NormalFloatDistribution(), idx_oob_fill_value=-2147483647, value_oob_fill_value=-1234123412341234, seed=18, check_correctness=True, num_runs=10)
topk           :     7.194 us, 0.182 TB/s
================
[    20/   147, 13%] Running on TestParam(batch_size=512, vocab_size=1024, topk=512, sorted_value=False, sorted_index=False, return_value=False, dtype=torch.bfloat16, out_idx_dtype=torch.int32, enable_end_position=False, enable_output_idx_offset=False, input_distrib=NormalFloatDistribution(), idx_oob_fill_value=-2147483647, value_oob_fill_value=-1234123412341234, seed=19, check_correctness=True, num_runs=10)
topk           :    37.043 us, 0.057 TB/s
torch.topk     :    92.339 us, 0.023 TB/s  (speedup 2.49x)
================
[    21/   147, 14%] Running on TestParam(batch_size=512, vocab_size=4096, topk=512, sorted_value=False, sorted_index=False, return_value=False, dtype=torch.bfloat16, out_idx_dtype=torch.int32, enable_end_position=False, enable_output_idx_offset=False, input_distrib=NormalFloatDistribution(), idx_oob_fill_value=-2147483647, value_oob_fill_value=-1234123412341234, seed=20, check_correctness=True, num_runs=10)
topk           :    48.640 us, 0.108 TB/s
torch.topk     :   259.046 us, 0.020 TB/s  (speedup 5.33x)
================
[    22/   147, 14%] Running on TestParam(batch_size=512, vocab_size=16384, topk=512, sorted_value=False, sorted_index=False, return_value=False, dtype=torch.bfloat16, out_idx_dtype=torch.int32, enable_end_position=False, enable_output_idx_offset=False, input_distrib=NormalFloatDistribution(), idx_oob_fill_value=-2147483647, value_oob_fill_value=-1234123412341234, seed=21, check_correctness=True, num_runs=10)
topk           :    82.944 us, 0.215 TB/s
torch.topk     :   466.586 us, 0.038 TB/s  (speedup 5.63x)
================
[    23/   147, 15%] Running on TestParam(batch_size=512, vocab_size=65536, topk=512, sorted_value=False, sorted_index=False, return_value=False, dtype=torch.bfloat16, out_idx_dtype=torch.int32, enable_end_position=False, enable_output_idx_offset=False, input_distrib=NormalFloatDistribution(), idx_oob_fill_value=-2147483647, value_oob_fill_value=-1234123412341234, seed=22, check_correctness=True, num_runs=10)
topk           :   235.622 us, 0.289 TB/s
torch.topk     :  1206.374 us, 0.056 TB/s  (speedup 5.12x)
================
[    24/   147, 16%] Running on TestParam(batch_size=512, vocab_size=131072, topk=512, sorted_value=False, sorted_index=False, return_value=False, dtype=torch.bfloat16, out_idx_dtype=torch.int32, enable_end_position=False, enable_output_idx_offset=False, input_distrib=NormalFloatDistribution(), idx_oob_fill_value=-2147483647, value_oob_fill_value=-1234123412341234, seed=23, check_correctness=True, num_runs=10)
topk           :   374.810 us, 0.361 TB/s
torch.topk     :  2148.429 us, 0.063 TB/s  (speedup 5.73x)
================
[    25/   147, 16%] Running on TestParam(batch_size=512, vocab_size=262144, topk=512, sorted_value=False, sorted_index=False, return_value=False, dtype=torch.bfloat16, out_idx_dtype=torch.int32, enable_end_position=False, enable_output_idx_offset=False, input_distrib=NormalFloatDistribution(), idx_oob_fill_value=-2147483647, value_oob_fill_value=-1234123412341234, seed=24, check_correctness=True, num_runs=10)
topk           :   643.738 us, 0.419 TB/s
torch.topk     :  3793.434 us, 0.071 TB/s  (speedup 5.89x)
================
[    26/   147, 17%] Running on TestParam(batch_size=512, vocab_size=524288, topk=512, sorted_value=False, sorted_index=False, return_value=False, dtype=torch.bfloat16, out_idx_dtype=torch.int32, enable_end_position=False, enable_output_idx_offset=False, input_distrib=NormalFloatDistribution(), idx_oob_fill_value=-2147483647, value_oob_fill_value=-1234123412341234, seed=25, check_correctness=True, num_runs=10)
topk           :  1175.066 us, 0.458 TB/s
torch.topk     :  7059.405 us, 0.076 TB/s  (speedup 6.01x)
================
[    27/   147, 18%] Running on TestParam(batch_size=512, vocab_size=1048576, topk=512, sorted_value=False, sorted_index=False, return_value=False, dtype=torch.bfloat16, out_idx_dtype=torch.int32, enable_end_position=False, enable_output_idx_offset=False, input_distrib=NormalFloatDistribution(), idx_oob_fill_value=-2147483647, value_oob_fill_value=-1234123412341234, seed=26, check_correctness=True, num_runs=10)
topk           :  2232.038 us, 0.482 TB/s
torch.topk     : 13637.786 us, 0.079 TB/s  (speedup 6.11x)
================
[    28/   147, 18%] Running on TestParam(batch_size=768, vocab_size=256, topk=512, sorted_value=False, sorted_index=False, return_value=False, dtype=torch.bfloat16, out_idx_dtype=torch.int32, enable_end_position=False, enable_output_idx_offset=False, input_distrib=NormalFloatDistribution(), idx_oob_fill_value=-2147483647, value_oob_fill_value=-1234123412341234, seed=27, check_correctness=True, num_runs=10)
topk           :     9.088 us, 0.216 TB/s
================
[    29/   147, 19%] Running on TestParam(batch_size=768, vocab_size=1024, topk=512, sorted_value=False, sorted_index=False, return_value=False, dtype=torch.bfloat16, out_idx_dtype=torch.int32, enable_end_position=False, enable_output_idx_offset=False, input_distrib=NormalFloatDistribution(), idx_oob_fill_value=-2147483647, value_oob_fill_value=-1234123412341234, seed=28, check_correctness=True, num_runs=10)
topk           :    48.640 us, 0.065 TB/s
torch.topk     :   126.310 us, 0.025 TB/s  (speedup 2.60x)
================
[    30/   147, 20%] Running on TestParam(batch_size=768, vocab_size=4096, topk=512, sorted_value=False, sorted_index=False, return_value=False, dtype=torch.bfloat16, out_idx_dtype=torch.int32, enable_end_position=False, enable_output_idx_offset=False, input_distrib=NormalFloatDistribution(), idx_oob_fill_value=-2147483647, value_oob_fill_value=-1234123412341234, seed=29, check_correctness=True, num_runs=10)
topk           :    65.178 us, 0.121 TB/s
torch.topk     :   310.528 us, 0.025 TB/s  (speedup 4.76x)
================
[    31/   147, 20%] Running on TestParam(batch_size=768, vocab_size=16384, topk=512, sorted_value=False, sorted_index=False, return_value=False, dtype=torch.bfloat16, out_idx_dtype=torch.int32, enable_end_position=False, enable_output_idx_offset=False, input_distrib=NormalFloatDistribution(), idx_oob_fill_value=-2147483647, value_oob_fill_value=-1234123412341234, seed=30, check_correctness=True, num_runs=10)
topk           :   117.376 us, 0.228 TB/s
torch.topk     :   686.592 us, 0.039 TB/s  (speedup 5.85x)
================
[    32/   147, 21%] Running on TestParam(batch_size=768, vocab_size=65536, topk=512, sorted_value=False, sorted_index=False, return_value=False, dtype=torch.bfloat16, out_idx_dtype=torch.int32, enable_end_position=False, enable_output_idx_offset=False, input_distrib=NormalFloatDistribution(), idx_oob_fill_value=-2147483647, value_oob_fill_value=-1234123412341234, seed=31, check_correctness=True, num_runs=10)
topk           :   369.024 us, 0.277 TB/s
torch.topk     :  1679.949 us, 0.061 TB/s  (speedup 4.55x)
================
[    33/   147, 22%] Running on TestParam(batch_size=768, vocab_size=131072, topk=512, sorted_value=False, sorted_index=False, return_value=False, dtype=torch.bfloat16, out_idx_dtype=torch.int32, enable_end_position=False, enable_output_idx_offset=False, input_distrib=NormalFloatDistribution(), idx_oob_fill_value=-2147483647, value_oob_fill_value=-1234123412341234, seed=32, check_correctness=True, num_runs=10)
topk           :   590.541 us, 0.344 TB/s
torch.topk     :  3083.418 us, 0.066 TB/s  (speedup 5.22x)
================
[    34/   147, 22%] Running on TestParam(batch_size=768, vocab_size=262144, topk=512, sorted_value=False, sorted_index=False, return_value=False, dtype=torch.bfloat16, out_idx_dtype=torch.int32, enable_end_position=False, enable_output_idx_offset=False, input_distrib=NormalFloatDistribution(), idx_oob_fill_value=-2147483647, value_oob_fill_value=-1234123412341234, seed=33, check_correctness=True, num_runs=10)
topk           :  1016.013 us, 0.398 TB/s
torch.topk     :  5547.494 us, 0.073 TB/s  (speedup 5.46x)
================
[    35/   147, 23%] Running on TestParam(batch_size=768, vocab_size=524288, topk=512, sorted_value=False, sorted_index=False, return_value=False, dtype=torch.bfloat16, out_idx_dtype=torch.int32, enable_end_position=False, enable_output_idx_offset=False, input_distrib=NormalFloatDistribution(), idx_oob_fill_value=-2147483647, value_oob_fill_value=-1234123412341234, seed=34, check_correctness=True, num_runs=10)
topk           :  1855.667 us, 0.435 TB/s
torch.topk     : 10391.782 us, 0.078 TB/s  (speedup 5.60x)
================
[    36/   147, 24%] Running on TestParam(batch_size=768, vocab_size=1048576, topk=512, sorted_value=False, sorted_index=False, return_value=False, dtype=torch.bfloat16, out_idx_dtype=torch.int32, enable_end_position=False, enable_output_idx_offset=False, input_distrib=NormalFloatDistribution(), idx_oob_fill_value=-2147483647, value_oob_fill_value=-1234123412341234, seed=35, check_correctness=True, num_runs=10)
topk           :  3535.744 us, 0.456 TB/s
torch.topk     : 20118.349 us, 0.080 TB/s  (speedup 5.69x)
================
[    37/   147, 24%] Running on TestParam(batch_size=4096, vocab_size=256, topk=512, sorted_value=False, sorted_index=False, return_value=False, dtype=torch.bfloat16, out_idx_dtype=torch.int32, enable_end_position=False, enable_output_idx_offset=False, input_distrib=NormalFloatDistribution(), idx_oob_fill_value=-2147483647, value_oob_fill_value=-1234123412341234, seed=36, check_correctness=True, num_runs=10)
topk           :    31.078 us, 0.337 TB/s
================
[    38/   147, 25%] Running on TestParam(batch_size=4096, vocab_size=1024, topk=512, sorted_value=False, sorted_index=False, return_value=False, dtype=torch.bfloat16, out_idx_dtype=torch.int32, enable_end_position=False, enable_output_idx_offset=False, input_distrib=NormalFloatDistribution(), idx_oob_fill_value=-2147483647, value_oob_fill_value=-1234123412341234, seed=37, check_correctness=True, num_runs=10)
topk           :   203.699 us, 0.082 TB/s
torch.topk     :   383.693 us, 0.044 TB/s  (speedup 1.88x)
================
[    39/   147, 26%] Running on TestParam(batch_size=4096, vocab_size=4096, topk=512, sorted_value=False, sorted_index=False, return_value=False, dtype=torch.bfloat16, out_idx_dtype=torch.int32, enable_end_position=False, enable_output_idx_offset=False, input_distrib=NormalFloatDistribution(), idx_oob_fill_value=-2147483647, value_oob_fill_value=-1234123412341234, seed=38, check_correctness=True, num_runs=10)
topk           :   295.578 us, 0.142 TB/s
torch.topk     :   708.659 us, 0.059 TB/s  (speedup 2.40x)
================
[    40/   147, 27%] Running on TestParam(batch_size=4096, vocab_size=16384, topk=512, sorted_value=False, sorted_index=False, return_value=False, dtype=torch.bfloat16, out_idx_dtype=torch.int32, enable_end_position=False, enable_output_idx_offset=False, input_distrib=NormalFloatDistribution(), idx_oob_fill_value=-2147483647, value_oob_fill_value=-1234123412341234, seed=39, check_correctness=True, num_runs=10)
topk           :   543.155 us, 0.263 TB/s
torch.topk     :  2012.442 us, 0.071 TB/s  (speedup 3.71x)
================
[    41/   147, 27%] Running on TestParam(batch_size=4096, vocab_size=65536, topk=512, sorted_value=False, sorted_index=False, return_value=False, dtype=torch.bfloat16, out_idx_dtype=torch.int32, enable_end_position=False, enable_output_idx_offset=False, input_distrib=NormalFloatDistribution(), idx_oob_fill_value=-2147483647, value_oob_fill_value=-1234123412341234, seed=40, check_correctness=True, num_runs=10)
topk           :  1823.488 us, 0.299 TB/s
torch.topk     :  7794.637 us, 0.070 TB/s  (speedup 4.27x)
================
[    42/   147, 28%] Running on TestParam(batch_size=4096, vocab_size=131072, topk=512, sorted_value=False, sorted_index=False, return_value=False, dtype=torch.bfloat16, out_idx_dtype=torch.int32, enable_end_position=False, enable_output_idx_offset=False, input_distrib=NormalFloatDistribution(), idx_oob_fill_value=-2147483647, value_oob_fill_value=-1234123412341234, seed=41, check_correctness=True, num_runs=10)
topk           :  2931.021 us, 0.369 TB/s
torch.topk     : 15390.848 us, 0.070 TB/s  (speedup 5.25x)
================
[    43/   147, 29%] Running on TestParam(batch_size=4096, vocab_size=262144, topk=512, sorted_value=False, sorted_index=False, return_value=False, dtype=torch.bfloat16, out_idx_dtype=torch.int32, enable_end_position=False, enable_output_idx_offset=False, input_distrib=NormalFloatDistribution(), idx_oob_fill_value=-2147483647, value_oob_fill_value=-1234123412341234, seed=42, check_correctness=True, num_runs=10)
topk           :  5074.995 us, 0.425 TB/s
torch.topk     : 29496.166 us, 0.073 TB/s  (speedup 5.81x)
================
[    44/   147, 29%] Running on TestParam(batch_size=4096, vocab_size=524288, topk=512, sorted_value=False, sorted_index=False, return_value=False, dtype=torch.bfloat16, out_idx_dtype=torch.int32, enable_end_position=False, enable_output_idx_offset=False, input_distrib=NormalFloatDistribution(), idx_oob_fill_value=-2147483647, value_oob_fill_value=-1234123412341234, seed=43, check_correctness=True, num_runs=10)
topk           :  9301.018 us, 0.463 TB/s
torch.topk     : 57703.782 us, 0.075 TB/s  (speedup 6.20x)
================
[    45/   147, 30%] Running on TestParam(batch_size=4096, vocab_size=1048576, topk=512, sorted_value=False, sorted_index=False, return_value=False, dtype=torch.bfloat16, out_idx_dtype=torch.int32, enable_end_position=False, enable_output_idx_offset=False, input_distrib=NormalFloatDistribution(), idx_oob_fill_value=-2147483647, value_oob_fill_value=-1234123412341234, seed=44, check_correctness=True, num_runs=10)
topk           : 17742.899 us, 0.485 TB/s
torch.topk     : 111901.466 us, 0.077 TB/s  (speedup 6.31x)
================
[    46/   147, 31%] Running on TestParam(batch_size=6, vocab_size=256, topk=1024, sorted_value=False, sorted_index=False, return_value=False, dtype=torch.bfloat16, out_idx_dtype=torch.int32, enable_end_position=False, enable_output_idx_offset=False, input_distrib=NormalFloatDistribution(), idx_oob_fill_value=-2147483647, value_oob_fill_value=-1234123412341234, seed=45, check_correctness=True, num_runs=10)
topk           :     3.405 us, 0.008 TB/s
================
[    47/   147, 31%] Running on TestParam(batch_size=6, vocab_size=1024, topk=1024, sorted_value=False, sorted_index=False, return_value=False, dtype=torch.bfloat16, out_idx_dtype=torch.int32, enable_end_position=False, enable_output_idx_offset=False, input_distrib=NormalFloatDistribution(), idx_oob_fill_value=-2147483647, value_oob_fill_value=-1234123412341234, seed=46, check_correctness=True, num_runs=10)
topk           :     3.507 us, 0.011 TB/s
torch.topk     :    24.806 us, 0.001 TB/s  (speedup 7.07x)
================
[    48/   147, 32%] Running on TestParam(batch_size=6, vocab_size=4096, topk=1024, sorted_value=False, sorted_index=False, return_value=False, dtype=torch.bfloat16, out_idx_dtype=torch.int32, enable_end_position=False, enable_output_idx_offset=False, input_distrib=NormalFloatDistribution(), idx_oob_fill_value=-2147483647, value_oob_fill_value=-1234123412341234, seed=47, check_correctness=True, num_runs=10)
topk           :    17.587 us, 0.004 TB/s
torch.topk     :    50.739 us, 0.001 TB/s  (speedup 2.89x)
================
[    49/   147, 33%] Running on TestParam(batch_size=6, vocab_size=16384, topk=1024, sorted_value=False, sorted_index=False, return_value=False, dtype=torch.bfloat16, out_idx_dtype=torch.int32, enable_end_position=False, enable_output_idx_offset=False, input_distrib=NormalFloatDistribution(), idx_oob_fill_value=-2147483647, value_oob_fill_value=-1234123412341234, seed=48, check_correctness=True, num_runs=10)
topk           :    27.648 us, 0.008 TB/s
torch.topk     :   144.282 us, 0.002 TB/s  (speedup 5.22x)
================
[    50/   147, 33%] Running on TestParam(batch_size=6, vocab_size=65536, topk=1024, sorted_value=False, sorted_index=False, return_value=False, dtype=torch.bfloat16, out_idx_dtype=torch.int32, enable_end_position=False, enable_output_idx_offset=False, input_distrib=NormalFloatDistribution(), idx_oob_fill_value=-2147483647, value_oob_fill_value=-1234123412341234, seed=49, check_correctness=True, num_runs=10)
topk           :    50.432 us, 0.016 TB/s
torch.topk     :   179.200 us, 0.005 TB/s  (speedup 3.55x)
================
[    51/   147, 34%] Running on TestParam(batch_size=6, vocab_size=131072, topk=1024, sorted_value=False, sorted_index=False, return_value=False, dtype=torch.bfloat16, out_idx_dtype=torch.int32, enable_end_position=False, enable_output_idx_offset=False, input_distrib=NormalFloatDistribution(), idx_oob_fill_value=-2147483647, value_oob_fill_value=-1234123412341234, seed=50, check_correctness=True, num_runs=10)
topk           :    77.414 us, 0.021 TB/s
torch.topk     :   219.981 us, 0.007 TB/s  (speedup 2.84x)
================
[    52/   147, 35%] Running on TestParam(batch_size=6, vocab_size=262144, topk=1024, sorted_value=False, sorted_index=False, return_value=False, dtype=torch.bfloat16, out_idx_dtype=torch.int32, enable_end_position=False, enable_output_idx_offset=False, input_distrib=NormalFloatDistribution(), idx_oob_fill_value=-2147483647, value_oob_fill_value=-1234123412341234, seed=51, check_correctness=True, num_runs=10)
topk           :    98.534 us, 0.032 TB/s
torch.topk     :   257.536 us, 0.012 TB/s  (speedup 2.61x)
================
[    53/   147, 35%] Running on TestParam(batch_size=6, vocab_size=524288, topk=1024, sorted_value=False, sorted_index=False, return_value=False, dtype=torch.bfloat16, out_idx_dtype=torch.int32, enable_end_position=False, enable_output_idx_offset=False, input_distrib=NormalFloatDistribution(), idx_oob_fill_value=-2147483647, value_oob_fill_value=-1234123412341234, seed=52, check_correctness=True, num_runs=10)
topk           :   141.978 us, 0.044 TB/s
torch.topk     :   302.822 us, 0.021 TB/s  (speedup 2.13x)
================
[    54/   147, 36%] Running on TestParam(batch_size=6, vocab_size=1048576, topk=1024, sorted_value=False, sorted_index=False, return_value=False, dtype=torch.bfloat16, out_idx_dtype=torch.int32, enable_end_position=False, enable_output_idx_offset=False, input_distrib=NormalFloatDistribution(), idx_oob_fill_value=-2147483647, value_oob_fill_value=-1234123412341234, seed=53, check_correctness=True, num_runs=10)
topk           :   137.754 us, 0.092 TB/s
torch.topk     :   371.302 us, 0.034 TB/s  (speedup 2.70x)
================
[    55/   147, 37%] Running on TestParam(batch_size=256, vocab_size=256, topk=1024, sorted_value=False, sorted_index=False, return_value=False, dtype=torch.bfloat16, out_idx_dtype=torch.int32, enable_end_position=False, enable_output_idx_offset=False, input_distrib=NormalFloatDistribution(), idx_oob_fill_value=-2147483647, value_oob_fill_value=-1234123412341234, seed=54, check_correctness=True, num_runs=10)
topk           :     5.146 us, 0.229 TB/s
================
[    56/   147, 37%] Running on TestParam(batch_size=256, vocab_size=1024, topk=1024, sorted_value=False, sorted_index=False, return_value=False, dtype=torch.bfloat16, out_idx_dtype=torch.int32, enable_end_position=False, enable_output_idx_offset=False, input_distrib=NormalFloatDistribution(), idx_oob_fill_value=-2147483647, value_oob_fill_value=-1234123412341234, seed=55, check_correctness=True, num_runs=10)
topk           :     5.043 us, 0.312 TB/s
torch.topk     :    54.989 us, 0.029 TB/s  (speedup 10.90x)
================
[    57/   147, 38%] Running on TestParam(batch_size=256, vocab_size=4096, topk=1024, sorted_value=False, sorted_index=False, return_value=False, dtype=torch.bfloat16, out_idx_dtype=torch.int32, enable_end_position=False, enable_output_idx_offset=False, input_distrib=NormalFloatDistribution(), idx_oob_fill_value=-2147483647, value_oob_fill_value=-1234123412341234, seed=56, check_correctness=True, num_runs=10)
topk           :    37.069 us, 0.085 TB/s
torch.topk     :   209.485 us, 0.015 TB/s  (speedup 5.65x)
================
[    58/   147, 39%] Running on TestParam(batch_size=256, vocab_size=16384, topk=1024, sorted_value=False, sorted_index=False, return_value=False, dtype=torch.bfloat16, out_idx_dtype=torch.int32, enable_end_position=False, enable_output_idx_offset=False, input_distrib=NormalFloatDistribution(), idx_oob_fill_value=-2147483647, value_oob_fill_value=-1234123412341234, seed=57, check_correctness=True, num_runs=10)
topk           :    59.392 us, 0.159 TB/s
torch.topk     :   316.262 us, 0.030 TB/s  (speedup 5.33x)
================
[    59/   147, 39%] Running on TestParam(batch_size=256, vocab_size=65536, topk=1024, sorted_value=False, sorted_index=False, return_value=False, dtype=torch.bfloat16, out_idx_dtype=torch.int32, enable_end_position=False, enable_output_idx_offset=False, input_distrib=NormalFloatDistribution(), idx_oob_fill_value=-2147483647, value_oob_fill_value=-1234123412341234, seed=58, check_correctness=True, num_runs=10)
topk           :   157.414 us, 0.220 TB/s
torch.topk     :   718.413 us, 0.048 TB/s  (speedup 4.56x)
================
[    60/   147, 40%] Running on TestParam(batch_size=256, vocab_size=131072, topk=1024, sorted_value=False, sorted_index=False, return_value=False, dtype=torch.bfloat16, out_idx_dtype=torch.int32, enable_end_position=False, enable_output_idx_offset=False, input_distrib=NormalFloatDistribution(), idx_oob_fill_value=-2147483647, value_oob_fill_value=-1234123412341234, seed=59, check_correctness=True, num_runs=10)
topk           :   247.936 us, 0.275 TB/s
torch.topk     :  1207.603 us, 0.056 TB/s  (speedup 4.87x)
================
[    61/   147, 41%] Running on TestParam(batch_size=256, vocab_size=262144, topk=1024, sorted_value=False, sorted_index=False, return_value=False, dtype=torch.bfloat16, out_idx_dtype=torch.int32, enable_end_position=False, enable_output_idx_offset=False, input_distrib=NormalFloatDistribution(), idx_oob_fill_value=-2147483647, value_oob_fill_value=-1234123412341234, seed=60, check_correctness=True, num_runs=10)
topk           :   412.902 us, 0.328 TB/s
torch.topk     :  2043.085 us, 0.066 TB/s  (speedup 4.95x)
================
[    62/   147, 41%] Running on TestParam(batch_size=256, vocab_size=524288, topk=1024, sorted_value=False, sorted_index=False, return_value=False, dtype=torch.bfloat16, out_idx_dtype=torch.int32, enable_end_position=False, enable_output_idx_offset=False, input_distrib=NormalFloatDistribution(), idx_oob_fill_value=-2147483647, value_oob_fill_value=-1234123412341234, seed=61, check_correctness=True, num_runs=10)
topk           :   726.477 us, 0.371 TB/s
torch.topk     :  3685.837 us, 0.073 TB/s  (speedup 5.07x)
================
[    63/   147, 42%] Running on TestParam(batch_size=256, vocab_size=1048576, topk=1024, sorted_value=False, sorted_index=False, return_value=False, dtype=torch.bfloat16, out_idx_dtype=torch.int32, enable_end_position=False, enable_output_idx_offset=False, input_distrib=NormalFloatDistribution(), idx_oob_fill_value=-2147483647, value_oob_fill_value=-1234123412341234, seed=62, check_correctness=True, num_runs=10)
topk           :  1353.242 us, 0.398 TB/s
torch.topk     :  6952.448 us, 0.077 TB/s  (speedup 5.14x)
================
[    64/   147, 43%] Running on TestParam(batch_size=512, vocab_size=256, topk=1024, sorted_value=False, sorted_index=False, return_value=False, dtype=torch.bfloat16, out_idx_dtype=torch.int32, enable_end_position=False, enable_output_idx_offset=False, input_distrib=NormalFloatDistribution(), idx_oob_fill_value=-2147483647, value_oob_fill_value=-1234123412341234, seed=63, check_correctness=True, num_runs=10)
topk           :     6.784 us, 0.348 TB/s
================
[    65/   147, 44%] Running on TestParam(batch_size=512, vocab_size=1024, topk=1024, sorted_value=False, sorted_index=False, return_value=False, dtype=torch.bfloat16, out_idx_dtype=torch.int32, enable_end_position=False, enable_output_idx_offset=False, input_distrib=NormalFloatDistribution(), idx_oob_fill_value=-2147483647, value_oob_fill_value=-1234123412341234, seed=64, check_correctness=True, num_runs=10)
topk           :     6.989 us, 0.450 TB/s
torch.topk     :    86.528 us, 0.036 TB/s  (speedup 12.38x)
================
[    66/   147, 44%] Running on TestParam(batch_size=512, vocab_size=4096, topk=1024, sorted_value=False, sorted_index=False, return_value=False, dtype=torch.bfloat16, out_idx_dtype=torch.int32, enable_end_position=False, enable_output_idx_offset=False, input_distrib=NormalFloatDistribution(), idx_oob_fill_value=-2147483647, value_oob_fill_value=-1234123412341234, seed=65, check_correctness=True, num_runs=10)
topk           :    52.224 us, 0.120 TB/s
torch.topk     :   254.899 us, 0.025 TB/s  (speedup 4.88x)
================
[    67/   147, 45%] Running on TestParam(batch_size=512, vocab_size=16384, topk=1024, sorted_value=False, sorted_index=False, return_value=False, dtype=torch.bfloat16, out_idx_dtype=torch.int32, enable_end_position=False, enable_output_idx_offset=False, input_distrib=NormalFloatDistribution(), idx_oob_fill_value=-2147483647, value_oob_fill_value=-1234123412341234, seed=66, check_correctness=True, num_runs=10)
topk           :    89.267 us, 0.211 TB/s
torch.topk     :   466.995 us, 0.040 TB/s  (speedup 5.23x)
================
[    68/   147, 46%] Running on TestParam(batch_size=512, vocab_size=65536, topk=1024, sorted_value=False, sorted_index=False, return_value=False, dtype=torch.bfloat16, out_idx_dtype=torch.int32, enable_end_position=False, enable_output_idx_offset=False, input_distrib=NormalFloatDistribution(), idx_oob_fill_value=-2147483647, value_oob_fill_value=-1234123412341234, seed=67, check_correctness=True, num_runs=10)
topk           :   261.171 us, 0.265 TB/s
torch.topk     :  1223.552 us, 0.057 TB/s  (speedup 4.68x)
================
[    69/   147, 46%] Running on TestParam(batch_size=512, vocab_size=131072, topk=1024, sorted_value=False, sorted_index=False, return_value=False, dtype=torch.bfloat16, out_idx_dtype=torch.int32, enable_end_position=False, enable_output_idx_offset=False, input_distrib=NormalFloatDistribution(), idx_oob_fill_value=-2147483647, value_oob_fill_value=-1234123412341234, seed=68, check_correctness=True, num_runs=10)
topk           :   412.493 us, 0.330 TB/s
torch.topk     :  2168.474 us, 0.063 TB/s  (speedup 5.26x)
================
[    70/   147, 47%] Running on TestParam(batch_size=512, vocab_size=262144, topk=1024, sorted_value=False, sorted_index=False, return_value=False, dtype=torch.bfloat16, out_idx_dtype=torch.int32, enable_end_position=False, enable_output_idx_offset=False, input_distrib=NormalFloatDistribution(), idx_oob_fill_value=-2147483647, value_oob_fill_value=-1234123412341234, seed=69, check_correctness=True, num_runs=10)
topk           :   690.406 us, 0.392 TB/s
torch.topk     :  3854.694 us, 0.070 TB/s  (speedup 5.58x)
================
[    71/   147, 48%] Running on TestParam(batch_size=512, vocab_size=524288, topk=1024, sorted_value=False, sorted_index=False, return_value=False, dtype=torch.bfloat16, out_idx_dtype=torch.int32, enable_end_position=False, enable_output_idx_offset=False, input_distrib=NormalFloatDistribution(), idx_oob_fill_value=-2147483647, value_oob_fill_value=-1234123412341234, seed=70, check_correctness=True, num_runs=10)
topk           :  1222.835 us, 0.441 TB/s
torch.topk     :  7126.221 us, 0.076 TB/s  (speedup 5.83x)
================
[    72/   147, 48%] Running on TestParam(batch_size=512, vocab_size=1048576, topk=1024, sorted_value=False, sorted_index=False, return_value=False, dtype=torch.bfloat16, out_idx_dtype=torch.int32, enable_end_position=False, enable_output_idx_offset=False, input_distrib=NormalFloatDistribution(), idx_oob_fill_value=-2147483647, value_oob_fill_value=-1234123412341234, seed=71, check_correctness=True, num_runs=10)
topk           :  2276.787 us, 0.473 TB/s
torch.topk     : 13620.736 us, 0.079 TB/s  (speedup 5.98x)
================
[    73/   147, 49%] Running on TestParam(batch_size=768, vocab_size=256, topk=1024, sorted_value=False, sorted_index=False, return_value=False, dtype=torch.bfloat16, out_idx_dtype=torch.int32, enable_end_position=False, enable_output_idx_offset=False, input_distrib=NormalFloatDistribution(), idx_oob_fill_value=-2147483647, value_oob_fill_value=-1234123412341234, seed=72, check_correctness=True, num_runs=10)
topk           :     8.371 us, 0.423 TB/s
================
[    74/   147, 50%] Running on TestParam(batch_size=768, vocab_size=1024, topk=1024, sorted_value=False, sorted_index=False, return_value=False, dtype=torch.bfloat16, out_idx_dtype=torch.int32, enable_end_position=False, enable_output_idx_offset=False, input_distrib=NormalFloatDistribution(), idx_oob_fill_value=-2147483647, value_oob_fill_value=-1234123412341234, seed=73, check_correctness=True, num_runs=10)
topk           :     8.371 us, 0.564 TB/s
torch.topk     :   117.299 us, 0.040 TB/s  (speedup 14.01x)
================
[    75/   147, 50%] Running on TestParam(batch_size=768, vocab_size=4096, topk=1024, sorted_value=False, sorted_index=False, return_value=False, dtype=torch.bfloat16, out_idx_dtype=torch.int32, enable_end_position=False, enable_output_idx_offset=False, input_distrib=NormalFloatDistribution(), idx_oob_fill_value=-2147483647, value_oob_fill_value=-1234123412341234, seed=74, check_correctness=True, num_runs=10)
topk           :    68.915 us, 0.137 TB/s
torch.topk     :   312.090 us, 0.030 TB/s  (speedup 4.53x)
================
[    76/   147, 51%] Running on TestParam(batch_size=768, vocab_size=16384, topk=1024, sorted_value=False, sorted_index=False, return_value=False, dtype=torch.bfloat16, out_idx_dtype=torch.int32, enable_end_position=False, enable_output_idx_offset=False, input_distrib=NormalFloatDistribution(), idx_oob_fill_value=-2147483647, value_oob_fill_value=-1234123412341234, seed=75, check_correctness=True, num_runs=10)
topk           :   126.259 us, 0.224 TB/s
torch.topk     :   672.486 us, 0.042 TB/s  (speedup 5.33x)
================
[    77/   147, 52%] Running on TestParam(batch_size=768, vocab_size=65536, topk=1024, sorted_value=False, sorted_index=False, return_value=False, dtype=torch.bfloat16, out_idx_dtype=torch.int32, enable_end_position=False, enable_output_idx_offset=False, input_distrib=NormalFloatDistribution(), idx_oob_fill_value=-2147483647, value_oob_fill_value=-1234123412341234, seed=76, check_correctness=True, num_runs=10)
topk           :   406.477 us, 0.255 TB/s
torch.topk     :  1701.837 us, 0.061 TB/s  (speedup 4.19x)
================
[    78/   147, 52%] Running on TestParam(batch_size=768, vocab_size=131072, topk=1024, sorted_value=False, sorted_index=False, return_value=False, dtype=torch.bfloat16, out_idx_dtype=torch.int32, enable_end_position=False, enable_output_idx_offset=False, input_distrib=NormalFloatDistribution(), idx_oob_fill_value=-2147483647, value_oob_fill_value=-1234123412341234, seed=77, check_correctness=True, num_runs=10)
topk           :   647.834 us, 0.316 TB/s
torch.topk     :  3120.358 us, 0.066 TB/s  (speedup 4.82x)
================
[    79/   147, 53%] Running on TestParam(batch_size=768, vocab_size=262144, topk=1024, sorted_value=False, sorted_index=False, return_value=False, dtype=torch.bfloat16, out_idx_dtype=torch.int32, enable_end_position=False, enable_output_idx_offset=False, input_distrib=NormalFloatDistribution(), idx_oob_fill_value=-2147483647, value_oob_fill_value=-1234123412341234, seed=78, check_correctness=True, num_runs=10)
topk           :  1088.282 us, 0.373 TB/s
torch.topk     :  5600.717 us, 0.072 TB/s  (speedup 5.15x)
================
[    80/   147, 54%] Running on TestParam(batch_size=768, vocab_size=524288, topk=1024, sorted_value=False, sorted_index=False, return_value=False, dtype=torch.bfloat16, out_idx_dtype=torch.int32, enable_end_position=False, enable_output_idx_offset=False, input_distrib=NormalFloatDistribution(), idx_oob_fill_value=-2147483647, value_oob_fill_value=-1234123412341234, seed=79, check_correctness=True, num_runs=10)
topk           :  1933.261 us, 0.418 TB/s
torch.topk     : 10472.013 us, 0.077 TB/s  (speedup 5.42x)
================
[    81/   147, 54%] Running on TestParam(batch_size=768, vocab_size=1048576, topk=1024, sorted_value=False, sorted_index=False, return_value=False, dtype=torch.bfloat16, out_idx_dtype=torch.int32, enable_end_position=False, enable_output_idx_offset=False, input_distrib=NormalFloatDistribution(), idx_oob_fill_value=-2147483647, value_oob_fill_value=-1234123412341234, seed=80, check_correctness=True, num_runs=10)
topk           :  3613.594 us, 0.447 TB/s
torch.topk     : 20266.163 us, 0.080 TB/s  (speedup 5.61x)
================
[    82/   147, 55%] Running on TestParam(batch_size=4096, vocab_size=256, topk=1024, sorted_value=False, sorted_index=False, return_value=False, dtype=torch.bfloat16, out_idx_dtype=torch.int32, enable_end_position=False, enable_output_idx_offset=False, input_distrib=NormalFloatDistribution(), idx_oob_fill_value=-2147483647, value_oob_fill_value=-1234123412341234, seed=81, check_correctness=True, num_runs=10)
topk           :    31.104 us, 0.607 TB/s
================
[    83/   147, 56%] Running on TestParam(batch_size=4096, vocab_size=1024, topk=1024, sorted_value=False, sorted_index=False, return_value=False, dtype=torch.bfloat16, out_idx_dtype=torch.int32, enable_end_position=False, enable_output_idx_offset=False, input_distrib=NormalFloatDistribution(), idx_oob_fill_value=-2147483647, value_oob_fill_value=-1234123412341234, seed=82, check_correctness=True, num_runs=10)
topk           :    31.334 us, 0.803 TB/s
torch.topk     :   385.024 us, 0.065 TB/s  (speedup 12.29x)
================
[    84/   147, 56%] Running on TestParam(batch_size=4096, vocab_size=4096, topk=1024, sorted_value=False, sorted_index=False, return_value=False, dtype=torch.bfloat16, out_idx_dtype=torch.int32, enable_end_position=False, enable_output_idx_offset=False, input_distrib=NormalFloatDistribution(), idx_oob_fill_value=-2147483647, value_oob_fill_value=-1234123412341234, seed=83, check_correctness=True, num_runs=10)
topk           :   316.518 us, 0.159 TB/s
torch.topk     :   708.045 us, 0.071 TB/s  (speedup 2.24x)
================
[    85/   147, 57%] Running on TestParam(batch_size=4096, vocab_size=16384, topk=1024, sorted_value=False, sorted_index=False, return_value=False, dtype=torch.bfloat16, out_idx_dtype=torch.int32, enable_end_position=False, enable_output_idx_offset=False, input_distrib=NormalFloatDistribution(), idx_oob_fill_value=-2147483647, value_oob_fill_value=-1234123412341234, seed=84, check_correctness=True, num_runs=10)
topk           :   586.650 us, 0.257 TB/s
torch.topk     :  2025.626 us, 0.075 TB/s  (speedup 3.45x)
================
[    86/   147, 58%] Running on TestParam(batch_size=4096, vocab_size=65536, topk=1024, sorted_value=False, sorted_index=False, return_value=False, dtype=torch.bfloat16, out_idx_dtype=torch.int32, enable_end_position=False, enable_output_idx_offset=False, input_distrib=NormalFloatDistribution(), idx_oob_fill_value=-2147483647, value_oob_fill_value=-1234123412341234, seed=85, check_correctness=True, num_runs=10)
topk           :  2007.757 us, 0.276 TB/s
torch.topk     :  7889.408 us, 0.070 TB/s  (speedup 3.93x)
================
[    87/   147, 59%] Running on TestParam(batch_size=4096, vocab_size=131072, topk=1024, sorted_value=False, sorted_index=False, return_value=False, dtype=torch.bfloat16, out_idx_dtype=torch.int32, enable_end_position=False, enable_output_idx_offset=False, input_distrib=NormalFloatDistribution(), idx_oob_fill_value=-2147483647, value_oob_fill_value=-1234123412341234, seed=86, check_correctness=True, num_runs=10)
topk           :  3210.880 us, 0.340 TB/s
torch.topk     : 15568.563 us, 0.070 TB/s  (speedup 4.85x)
================
[    88/   147, 59%] Running on TestParam(batch_size=4096, vocab_size=262144, topk=1024, sorted_value=False, sorted_index=False, return_value=False, dtype=torch.bfloat16, out_idx_dtype=torch.int32, enable_end_position=False, enable_output_idx_offset=False, input_distrib=NormalFloatDistribution(), idx_oob_fill_value=-2147483647, value_oob_fill_value=-1234123412341234, seed=87, check_correctness=True, num_runs=10)
topk           :  5421.619 us, 0.399 TB/s
torch.topk     : 29704.294 us, 0.073 TB/s  (speedup 5.48x)
================
[    89/   147, 60%] Running on TestParam(batch_size=4096, vocab_size=524288, topk=1024, sorted_value=False, sorted_index=False, return_value=False, dtype=torch.bfloat16, out_idx_dtype=torch.int32, enable_end_position=False, enable_output_idx_offset=False, input_distrib=NormalFloatDistribution(), idx_oob_fill_value=-2147483647, value_oob_fill_value=-1234123412341234, seed=88, check_correctness=True, num_runs=10)
topk           :  9686.246 us, 0.445 TB/s
torch.topk     : 58258.022 us, 0.074 TB/s  (speedup 6.01x)
================
[    90/   147, 61%] Running on TestParam(batch_size=4096, vocab_size=1048576, topk=1024, sorted_value=False, sorted_index=False, return_value=False, dtype=torch.bfloat16, out_idx_dtype=torch.int32, enable_end_position=False, enable_output_idx_offset=False, input_distrib=NormalFloatDistribution(), idx_oob_fill_value=-2147483647, value_oob_fill_value=-1234123412341234, seed=89, check_correctness=True, num_runs=10)
topk           : 18125.030 us, 0.475 TB/s
torch.topk     : 112069.427 us, 0.077 TB/s  (speedup 6.18x)
================
[    91/   147, 61%] Running on TestParam(batch_size=1, vocab_size=131072, topk=512, sorted_value=False, sorted_index=False, return_value=False, dtype=torch.bfloat16, out_idx_dtype=torch.int32, enable_end_position=False, enable_output_idx_offset=False, input_distrib=NormalFloatDistribution(), idx_oob_fill_value=-2147483647, value_oob_fill_value=-1234123412341234, seed=90, check_correctness=True, num_runs=10)
topk           :    70.170 us, 0.004 TB/s
torch.topk     :   170.573 us, 0.002 TB/s  (speedup 2.43x)
================
[    92/   147, 62%] Running on TestParam(batch_size=1, vocab_size=262144, topk=512, sorted_value=False, sorted_index=False, return_value=False, dtype=torch.bfloat16, out_idx_dtype=torch.int32, enable_end_position=False, enable_output_idx_offset=False, input_distrib=NormalFloatDistribution(), idx_oob_fill_value=-2147483647, value_oob_fill_value=-1234123412341234, seed=91, check_correctness=True, num_runs=10)
topk           :    82.150 us, 0.006 TB/s
torch.topk     :   187.699 us, 0.003 TB/s  (speedup 2.28x)
================
[    93/   147, 63%] Running on TestParam(batch_size=1, vocab_size=1048576, topk=512, sorted_value=False, sorted_index=False, return_value=False, dtype=torch.bfloat16, out_idx_dtype=torch.int32, enable_end_position=False, enable_output_idx_offset=False, input_distrib=NormalFloatDistribution(), idx_oob_fill_value=-2147483647, value_oob_fill_value=-1234123412341234, seed=92, check_correctness=True, num_runs=10)
topk           :   106.445 us, 0.020 TB/s
torch.topk     :   298.778 us, 0.007 TB/s  (speedup 2.81x)
================
[    94/   147, 63%] Running on TestParam(batch_size=64, vocab_size=131072, topk=512, sorted_value=False, sorted_index=False, return_value=False, dtype=torch.bfloat16, out_idx_dtype=torch.int32, enable_end_position=False, enable_output_idx_offset=False, input_distrib=NormalFloatDistribution(), idx_oob_fill_value=-2147483647, value_oob_fill_value=-1234123412341234, seed=93, check_correctness=True, num_runs=10)
topk           :    78.643 us, 0.215 TB/s
torch.topk     :   439.219 us, 0.038 TB/s  (speedup 5.58x)
================
[    95/   147, 64%] Running on TestParam(batch_size=64, vocab_size=262144, topk=512, sorted_value=False, sorted_index=False, return_value=False, dtype=torch.bfloat16, out_idx_dtype=torch.int32, enable_end_position=False, enable_output_idx_offset=False, input_distrib=NormalFloatDistribution(), idx_oob_fill_value=-2147483647, value_oob_fill_value=-1234123412341234, seed=94, check_correctness=True, num_runs=10)
topk           :   131.558 us, 0.256 TB/s
torch.topk     :   701.312 us, 0.048 TB/s  (speedup 5.33x)
================
[    96/   147, 65%] Running on TestParam(batch_size=64, vocab_size=1048576, topk=512, sorted_value=False, sorted_index=False, return_value=False, dtype=torch.bfloat16, out_idx_dtype=torch.int32, enable_end_position=False, enable_output_idx_offset=False, input_distrib=NormalFloatDistribution(), idx_oob_fill_value=-2147483647, value_oob_fill_value=-1234123412341234, seed=95, check_correctness=True, num_runs=10)
topk           :   444.032 us, 0.303 TB/s
torch.topk     :  1978.112 us, 0.068 TB/s  (speedup 4.45x)
================
[    97/   147, 65%] Running on TestParam(batch_size=128, vocab_size=131072, topk=512, sorted_value=False, sorted_index=False, return_value=False, dtype=torch.bfloat16, out_idx_dtype=torch.int32, enable_end_position=False, enable_output_idx_offset=False, input_distrib=NormalFloatDistribution(), idx_oob_fill_value=-2147483647, value_oob_fill_value=-1234123412341234, seed=96, check_correctness=True, num_runs=10)
topk           :   149.837 us, 0.226 TB/s
torch.topk     :   699.290 us, 0.048 TB/s  (speedup 4.67x)
================
[    98/   147, 66%] Running on TestParam(batch_size=128, vocab_size=262144, topk=512, sorted_value=False, sorted_index=False, return_value=False, dtype=torch.bfloat16, out_idx_dtype=torch.int32, enable_end_position=False, enable_output_idx_offset=False, input_distrib=NormalFloatDistribution(), idx_oob_fill_value=-2147483647, value_oob_fill_value=-1234123412341234, seed=97, check_correctness=True, num_runs=10)
topk           :   253.798 us, 0.265 TB/s
torch.topk     :  1146.317 us, 0.059 TB/s  (speedup 4.52x)
================
[    99/   147, 67%] Running on TestParam(batch_size=128, vocab_size=1048576, topk=512, sorted_value=False, sorted_index=False, return_value=False, dtype=torch.bfloat16, out_idx_dtype=torch.int32, enable_end_position=False, enable_output_idx_offset=False, input_distrib=NormalFloatDistribution(), idx_oob_fill_value=-2147483647, value_oob_fill_value=-1234123412341234, seed=98, check_correctness=True, num_runs=10)
topk           :   869.862 us, 0.309 TB/s
torch.topk     :  3549.056 us, 0.076 TB/s  (speedup 4.08x)
================
[   100/   147, 67%] Running on TestParam(batch_size=1, vocab_size=131072, topk=1024, sorted_value=False, sorted_index=False, return_value=False, dtype=torch.bfloat16, out_idx_dtype=torch.int32, enable_end_position=False, enable_output_idx_offset=False, input_distrib=NormalFloatDistribution(), idx_oob_fill_value=-2147483647, value_oob_fill_value=-1234123412341234, seed=99, check_correctness=True, num_runs=10)
topk           :    78.387 us, 0.003 TB/s
torch.topk     :   169.651 us, 0.002 TB/s  (speedup 2.16x)
================
[   101/   147, 68%] Running on TestParam(batch_size=1, vocab_size=262144, topk=1024, sorted_value=False, sorted_index=False, return_value=False, dtype=torch.bfloat16, out_idx_dtype=torch.int32, enable_end_position=False, enable_output_idx_offset=False, input_distrib=NormalFloatDistribution(), idx_oob_fill_value=-2147483647, value_oob_fill_value=-1234123412341234, seed=100, check_correctness=True, num_runs=10)
topk           :    97.459 us, 0.005 TB/s
torch.topk     :   187.238 us, 0.003 TB/s  (speedup 1.92x)
================
[   102/   147, 69%] Running on TestParam(batch_size=1, vocab_size=1048576, topk=1024, sorted_value=False, sorted_index=False, return_value=False, dtype=torch.bfloat16, out_idx_dtype=torch.int32, enable_end_position=False, enable_output_idx_offset=False, input_distrib=NormalFloatDistribution(), idx_oob_fill_value=-2147483647, value_oob_fill_value=-1234123412341234, seed=101, check_correctness=True, num_runs=10)
topk           :   130.304 us, 0.016 TB/s
torch.topk     :   296.371 us, 0.007 TB/s  (speedup 2.27x)
================
[   103/   147, 69%] Running on TestParam(batch_size=64, vocab_size=131072, topk=1024, sorted_value=False, sorted_index=False, return_value=False, dtype=torch.bfloat16, out_idx_dtype=torch.int32, enable_end_position=False, enable_output_idx_offset=False, input_distrib=NormalFloatDistribution(), idx_oob_fill_value=-2147483647, value_oob_fill_value=-1234123412341234, seed=102, check_correctness=True, num_runs=10)
topk           :    85.888 us, 0.198 TB/s
torch.topk     :   442.061 us, 0.039 TB/s  (speedup 5.15x)
================
[   104/   147, 70%] Running on TestParam(batch_size=64, vocab_size=262144, topk=1024, sorted_value=False, sorted_index=False, return_value=False, dtype=torch.bfloat16, out_idx_dtype=torch.int32, enable_end_position=False, enable_output_idx_offset=False, input_distrib=NormalFloatDistribution(), idx_oob_fill_value=-2147483647, value_oob_fill_value=-1234123412341234, seed=103, check_correctness=True, num_runs=10)
topk           :   140.109 us, 0.241 TB/s
torch.topk     :   723.328 us, 0.047 TB/s  (speedup 5.16x)
================
[   105/   147, 71%] Running on TestParam(batch_size=64, vocab_size=1048576, topk=1024, sorted_value=False, sorted_index=False, return_value=False, dtype=torch.bfloat16, out_idx_dtype=torch.int32, enable_end_position=False, enable_output_idx_offset=False, input_distrib=NormalFloatDistribution(), idx_oob_fill_value=-2147483647, value_oob_fill_value=-1234123412341234, seed=104, check_correctness=True, num_runs=10)
topk           :   453.197 us, 0.297 TB/s
torch.topk     :  1980.877 us, 0.068 TB/s  (speedup 4.37x)
================
[   106/   147, 71%] Running on TestParam(batch_size=128, vocab_size=131072, topk=1024, sorted_value=False, sorted_index=False, return_value=False, dtype=torch.bfloat16, out_idx_dtype=torch.int32, enable_end_position=False, enable_output_idx_offset=False, input_distrib=NormalFloatDistribution(), idx_oob_fill_value=-2147483647, value_oob_fill_value=-1234123412341234, seed=105, check_correctness=True, num_runs=10)
topk           :   164.634 us, 0.207 TB/s
torch.topk     :   708.634 us, 0.048 TB/s  (speedup 4.30x)
================
[   107/   147, 72%] Running on TestParam(batch_size=128, vocab_size=262144, topk=1024, sorted_value=False, sorted_index=False, return_value=False, dtype=torch.bfloat16, out_idx_dtype=torch.int32, enable_end_position=False, enable_output_idx_offset=False, input_distrib=NormalFloatDistribution(), idx_oob_fill_value=-2147483647, value_oob_fill_value=-1234123412341234, seed=106, check_correctness=True, num_runs=10)
topk           :   272.410 us, 0.248 TB/s
torch.topk     :  1144.525 us, 0.059 TB/s  (speedup 4.20x)
================
[   108/   147, 73%] Running on TestParam(batch_size=128, vocab_size=1048576, topk=1024, sorted_value=False, sorted_index=False, return_value=False, dtype=torch.bfloat16, out_idx_dtype=torch.int32, enable_end_position=False, enable_output_idx_offset=False, input_distrib=NormalFloatDistribution(), idx_oob_fill_value=-2147483647, value_oob_fill_value=-1234123412341234, seed=107, check_correctness=True, num_runs=10)
topk           :   890.675 us, 0.302 TB/s
torch.topk     :  3605.350 us, 0.075 TB/s  (speedup 4.05x)
================
[   109/   147, 73%] Running on TestParam(batch_size=1, vocab_size=131072, topk=2048, sorted_value=False, sorted_index=False, return_value=False, dtype=torch.bfloat16, out_idx_dtype=torch.int32, enable_end_position=False, enable_output_idx_offset=False, input_distrib=NormalFloatDistribution(), idx_oob_fill_value=-2147483647, value_oob_fill_value=-1234123412341234, seed=108, check_correctness=True, num_runs=10)
topk           :   120.115 us, 0.002 TB/s
torch.topk     :   170.675 us, 0.002 TB/s  (speedup 1.42x)
================
[   110/   147, 74%] Running on TestParam(batch_size=1, vocab_size=262144, topk=2048, sorted_value=False, sorted_index=False, return_value=False, dtype=torch.bfloat16, out_idx_dtype=torch.int32, enable_end_position=False, enable_output_idx_offset=False, input_distrib=NormalFloatDistribution(), idx_oob_fill_value=-2147483647, value_oob_fill_value=-1234123412341234, seed=109, check_correctness=True, num_runs=10)
topk           :   202.342 us, 0.003 TB/s
torch.topk     :   186.957 us, 0.003 TB/s  (speedup 0.92x)
================
[   111/   147, 75%] Running on TestParam(batch_size=1, vocab_size=1048576, topk=2048, sorted_value=False, sorted_index=False, return_value=False, dtype=torch.bfloat16, out_idx_dtype=torch.int32, enable_end_position=False, enable_output_idx_offset=False, input_distrib=NormalFloatDistribution(), idx_oob_fill_value=-2147483647, value_oob_fill_value=-1234123412341234, seed=110, check_correctness=True, num_runs=10)
topk           :   649.651 us, 0.003 TB/s
torch.topk     :   291.942 us, 0.007 TB/s  (speedup 0.45x)
================
[   112/   147, 76%] Running on TestParam(batch_size=64, vocab_size=131072, topk=2048, sorted_value=False, sorted_index=False, return_value=False, dtype=torch.bfloat16, out_idx_dtype=torch.int32, enable_end_position=False, enable_output_idx_offset=False, input_distrib=NormalFloatDistribution(), idx_oob_fill_value=-2147483647, value_oob_fill_value=-1234123412341234, seed=111, check_correctness=True, num_runs=10)
topk           :   136.704 us, 0.127 TB/s
torch.topk     :   446.413 us, 0.039 TB/s  (speedup 3.27x)
================
[   113/   147, 76%] Running on TestParam(batch_size=64, vocab_size=262144, topk=2048, sorted_value=False, sorted_index=False, return_value=False, dtype=torch.bfloat16, out_idx_dtype=torch.int32, enable_end_position=False, enable_output_idx_offset=False, input_distrib=NormalFloatDistribution(), idx_oob_fill_value=-2147483647, value_oob_fill_value=-1234123412341234, seed=112, check_correctness=True, num_runs=10)
topk           :   229.197 us, 0.149 TB/s
torch.topk     :   723.046 us, 0.047 TB/s  (speedup 3.15x)
================
[   114/   147, 77%] Running on TestParam(batch_size=64, vocab_size=1048576, topk=2048, sorted_value=False, sorted_index=False, return_value=False, dtype=torch.bfloat16, out_idx_dtype=torch.int32, enable_end_position=False, enable_output_idx_offset=False, input_distrib=NormalFloatDistribution(), idx_oob_fill_value=-2147483647, value_oob_fill_value=-1234123412341234, seed=113, check_correctness=True, num_runs=10)
topk           :   732.672 us, 0.184 TB/s
torch.topk     :  1980.544 us, 0.068 TB/s  (speedup 2.70x)
================
[   115/   147, 78%] Running on TestParam(batch_size=128, vocab_size=131072, topk=2048, sorted_value=False, sorted_index=False, return_value=False, dtype=torch.bfloat16, out_idx_dtype=torch.int32, enable_end_position=False, enable_output_idx_offset=False, input_distrib=NormalFloatDistribution(), idx_oob_fill_value=-2147483647, value_oob_fill_value=-1234123412341234, seed=114, check_correctness=True, num_runs=10)
topk           :   170.112 us, 0.203 TB/s
torch.topk     :   732.339 us, 0.047 TB/s  (speedup 4.31x)
================
[   116/   147, 78%] Running on TestParam(batch_size=128, vocab_size=262144, topk=2048, sorted_value=False, sorted_index=False, return_value=False, dtype=torch.bfloat16, out_idx_dtype=torch.int32, enable_end_position=False, enable_output_idx_offset=False, input_distrib=NormalFloatDistribution(), idx_oob_fill_value=-2147483647, value_oob_fill_value=-1234123412341234, seed=115, check_correctness=True, num_runs=10)
topk           :   286.080 us, 0.238 TB/s
torch.topk     :  1162.829 us, 0.059 TB/s  (speedup 4.06x)
================
[   117/   147, 79%] Running on TestParam(batch_size=128, vocab_size=1048576, topk=2048, sorted_value=False, sorted_index=False, return_value=False, dtype=torch.bfloat16, out_idx_dtype=torch.int32, enable_end_position=False, enable_output_idx_offset=False, input_distrib=NormalFloatDistribution(), idx_oob_fill_value=-2147483647, value_oob_fill_value=-1234123412341234, seed=116, check_correctness=True, num_runs=10)
topk           :   926.131 us, 0.291 TB/s
torch.topk     :  3634.970 us, 0.074 TB/s  (speedup 3.92x)
================
[   118/   147, 80%] Running on TestParam(batch_size=6, vocab_size=129280, topk=512, sorted_value=True, sorted_index=False, return_value=True, dtype=torch.float32, out_idx_dtype=torch.int64, enable_end_position=False, enable_output_idx_offset=False, input_distrib=NormalFloatDistribution(), idx_oob_fill_value=-2147483647, value_oob_fill_value=-1234123412341234, seed=117, check_correctness=True, num_runs=10)
topk           :   100.224 us, 0.031 TB/s
torch.topk     :   355.891 us, 0.009 TB/s  (speedup 3.55x)
================
[   119/   147, 80%] Running on TestParam(batch_size=256, vocab_size=129280, topk=512, sorted_value=True, sorted_index=False, return_value=True, dtype=torch.float32, out_idx_dtype=torch.int64, enable_end_position=False, enable_output_idx_offset=False, input_distrib=NormalFloatDistribution(), idx_oob_fill_value=-2147483647, value_oob_fill_value=-1234123412341234, seed=118, check_correctness=True, num_runs=10)
topk           :   287.795 us, 0.465 TB/s
torch.topk     :  1597.722 us, 0.084 TB/s  (speedup 5.55x)
================
[   120/   147, 81%] Running on TestParam(batch_size=512, vocab_size=129280, topk=512, sorted_value=True, sorted_index=False, return_value=True, dtype=torch.float32, out_idx_dtype=torch.int64, enable_end_position=False, enable_output_idx_offset=False, input_distrib=NormalFloatDistribution(), idx_oob_fill_value=-2147483647, value_oob_fill_value=-1234123412341234, seed=119, check_correctness=True, num_runs=10)
topk           :   498.586 us, 0.537 TB/s
torch.topk     :  2805.274 us, 0.096 TB/s  (speedup 5.63x)
================
[   121/   147, 82%] Running on TestParam(batch_size=768, vocab_size=129280, topk=512, sorted_value=True, sorted_index=False, return_value=True, dtype=torch.float32, out_idx_dtype=torch.int64, enable_end_position=False, enable_output_idx_offset=False, input_distrib=NormalFloatDistribution(), idx_oob_fill_value=-2147483647, value_oob_fill_value=-1234123412341234, seed=120, check_correctness=True, num_runs=10)
topk           :   749.056 us, 0.536 TB/s
torch.topk     :  4049.894 us, 0.099 TB/s  (speedup 5.41x)
================
[   122/   147, 82%] Running on TestParam(batch_size=4096, vocab_size=129280, topk=512, sorted_value=True, sorted_index=False, return_value=True, dtype=torch.float32, out_idx_dtype=torch.int64, enable_end_position=False, enable_output_idx_offset=False, input_distrib=NormalFloatDistribution(), idx_oob_fill_value=-2147483647, value_oob_fill_value=-1234123412341234, seed=121, check_correctness=True, num_runs=10)
topk           :  4276.070 us, 0.501 TB/s
torch.topk     : 20177.997 us, 0.106 TB/s  (speedup 4.72x)
================
[   123/   147, 83%] Running on TestParam(batch_size=1, vocab_size=66551, topk=2048, sorted_value=False, sorted_index=False, return_value=False, dtype=torch.float32, out_idx_dtype=torch.int32, enable_end_position=False, enable_output_idx_offset=False, input_distrib=NormalFloatDistribution(), idx_oob_fill_value=-2147483647, value_oob_fill_value=-1234123412341234, seed=122, check_correctness=True, num_runs=10)
topk           :    67.123 us, 0.004 TB/s
torch.topk     :   217.037 us, 0.001 TB/s  (speedup 3.23x)
================
[   124/   147, 84%] Running on TestParam(batch_size=16, vocab_size=66551, topk=2048, sorted_value=False, sorted_index=False, return_value=False, dtype=torch.float32, out_idx_dtype=torch.int32, enable_end_position=False, enable_output_idx_offset=False, input_distrib=NormalFloatDistribution(), idx_oob_fill_value=-2147483647, value_oob_fill_value=-1234123412341234, seed=123, check_correctness=True, num_runs=10)
topk           :    87.731 us, 0.050 TB/s
torch.topk     :   345.037 us, 0.013 TB/s  (speedup 3.93x)
================
[   125/   147, 84%] Running on TestParam(batch_size=132, vocab_size=66551, topk=2048, sorted_value=False, sorted_index=False, return_value=False, dtype=torch.float32, out_idx_dtype=torch.int32, enable_end_position=False, enable_output_idx_offset=False, input_distrib=NormalFloatDistribution(), idx_oob_fill_value=-2147483647, value_oob_fill_value=-1234123412341234, seed=124, check_correctness=True, num_runs=10)
topk           :   121.190 us, 0.299 TB/s
torch.topk     :   645.914 us, 0.056 TB/s  (speedup 5.33x)
================
[   126/   147, 85%] Running on TestParam(batch_size=512, vocab_size=66551, topk=2048, sorted_value=False, sorted_index=False, return_value=False, dtype=torch.float32, out_idx_dtype=torch.int32, enable_end_position=False, enable_output_idx_offset=False, input_distrib=NormalFloatDistribution(), idx_oob_fill_value=-2147483647, value_oob_fill_value=-1234123412341234, seed=125, check_correctness=True, num_runs=10)
topk           :   277.094 us, 0.507 TB/s
torch.topk     :  1589.709 us, 0.088 TB/s  (speedup 5.74x)
================
[   127/   147, 86%] Running on TestParam(batch_size=1, vocab_size=131072, topk=2048, sorted_value=False, sorted_index=False, return_value=False, dtype=torch.float32, out_idx_dtype=torch.int32, enable_end_position=False, enable_output_idx_offset=False, input_distrib=NormalFloatDistribution(), idx_oob_fill_value=-2147483647, value_oob_fill_value=-1234123412341234, seed=126, check_correctness=True, num_runs=10)
topk           :    78.003 us, 0.007 TB/s
torch.topk     :   257.485 us, 0.002 TB/s  (speedup 3.30x)
================
[   128/   147, 86%] Running on TestParam(batch_size=1, vocab_size=131072, topk=2048, sorted_value=False, sorted_index=False, return_value=False, dtype=torch.float32, out_idx_dtype=torch.int32, enable_end_position=False, enable_output_idx_offset=False, input_distrib=NormalFloatDistribution(), idx_oob_fill_value=-2147483647, value_oob_fill_value=-1234123412341234, seed=127, check_correctness=True, num_runs=10)
topk           :    77.798 us, 0.007 TB/s
torch.topk     :   259.763 us, 0.002 TB/s  (speedup 3.34x)
================
[   129/   147, 87%] Running on TestParam(batch_size=1, vocab_size=131072, topk=2048, sorted_value=False, sorted_index=False, return_value=False, dtype=torch.float32, out_idx_dtype=torch.int32, enable_end_position=False, enable_output_idx_offset=False, input_distrib=NormalFloatDistribution(), idx_oob_fill_value=-2147483647, value_oob_fill_value=-1234123412341234, seed=128, check_correctness=True, num_runs=10)
topk           :    78.515 us, 0.007 TB/s
torch.topk     :   261.837 us, 0.002 TB/s  (speedup 3.33x)
================
[   130/   147, 88%] Running on TestParam(batch_size=1, vocab_size=131072, topk=2048, sorted_value=False, sorted_index=False, return_value=False, dtype=torch.float32, out_idx_dtype=torch.int32, enable_end_position=False, enable_output_idx_offset=False, input_distrib=NormalFloatDistribution(), idx_oob_fill_value=-2147483647, value_oob_fill_value=-1234123412341234, seed=129, check_correctness=True, num_runs=10)
topk           :    78.234 us, 0.007 TB/s
torch.topk     :   257.459 us, 0.002 TB/s  (speedup 3.29x)
================
[   131/   147, 88%] Running on TestParam(batch_size=132, vocab_size=131072, topk=2048, sorted_value=False, sorted_index=False, return_value=False, dtype=torch.float32, out_idx_dtype=torch.int32, enable_end_position=False, enable_output_idx_offset=False, input_distrib=NormalFloatDistribution(), idx_oob_fill_value=-2147483647, value_oob_fill_value=-1234123412341234, seed=130, check_correctness=True, num_runs=10)
topk           :   205.005 us, 0.343 TB/s
torch.topk     :  1002.035 us, 0.070 TB/s  (speedup 4.89x)
================
[   132/   147, 89%] Running on TestParam(batch_size=132, vocab_size=131072, topk=2048, sorted_value=False, sorted_index=False, return_value=False, dtype=torch.float32, out_idx_dtype=torch.int32, enable_end_position=False, enable_output_idx_offset=False, input_distrib=NormalFloatDistribution(), idx_oob_fill_value=-2147483647, value_oob_fill_value=-1234123412341234, seed=131, check_correctness=True, num_runs=10)
topk           :   205.773 us, 0.342 TB/s
torch.topk     :   994.125 us, 0.071 TB/s  (speedup 4.83x)
================
[   133/   147, 90%] Running on TestParam(batch_size=132, vocab_size=131072, topk=2048, sorted_value=False, sorted_index=False, return_value=False, dtype=torch.float32, out_idx_dtype=torch.int32, enable_end_position=False, enable_output_idx_offset=False, input_distrib=NormalFloatDistribution(), idx_oob_fill_value=-2147483647, value_oob_fill_value=-1234123412341234, seed=132, check_correctness=True, num_runs=10)
topk           :   205.568 us, 0.342 TB/s
torch.topk     :  1017.702 us, 0.069 TB/s  (speedup 4.95x)
================
[   134/   147, 90%] Running on TestParam(batch_size=132, vocab_size=131072, topk=2048, sorted_value=False, sorted_index=False, return_value=False, dtype=torch.float32, out_idx_dtype=torch.int32, enable_end_position=False, enable_output_idx_offset=False, input_distrib=NormalFloatDistribution(), idx_oob_fill_value=-2147483647, value_oob_fill_value=-1234123412341234, seed=133, check_correctness=True, num_runs=10)
topk           :   205.261 us, 0.342 TB/s
torch.topk     :  1013.606 us, 0.069 TB/s  (speedup 4.94x)
================
[   135/   147, 91%] Running on TestParam(batch_size=256, vocab_size=131072, topk=2048, sorted_value=False, sorted_index=False, return_value=False, dtype=torch.float32, out_idx_dtype=torch.int32, enable_end_position=False, enable_output_idx_offset=False, input_distrib=NormalFloatDistribution(), idx_oob_fill_value=-2147483647, value_oob_fill_value=-1234123412341234, seed=134, check_correctness=True, num_runs=10)
topk           :   276.890 us, 0.492 TB/s
torch.topk     :  1607.578 us, 0.085 TB/s  (speedup 5.81x)
================
[   136/   147, 92%] Running on TestParam(batch_size=256, vocab_size=131072, topk=2048, sorted_value=False, sorted_index=False, return_value=False, dtype=torch.float32, out_idx_dtype=torch.int32, enable_end_position=False, enable_output_idx_offset=False, input_distrib=NormalFloatDistribution(), idx_oob_fill_value=-2147483647, value_oob_fill_value=-1234123412341234, seed=135, check_correctness=True, num_runs=10)
topk           :   276.915 us, 0.492 TB/s
torch.topk     :  1610.675 us, 0.085 TB/s  (speedup 5.82x)
================
[   137/   147, 93%] Running on TestParam(batch_size=256, vocab_size=131072, topk=2048, sorted_value=False, sorted_index=False, return_value=False, dtype=torch.float32, out_idx_dtype=torch.int32, enable_end_position=False, enable_output_idx_offset=False, input_distrib=NormalFloatDistribution(), idx_oob_fill_value=-2147483647, value_oob_fill_value=-1234123412341234, seed=136, check_correctness=True, num_runs=10)
topk           :   276.198 us, 0.494 TB/s
torch.topk     :  1607.910 us, 0.085 TB/s  (speedup 5.82x)
================
[   138/   147, 93%] Running on TestParam(batch_size=256, vocab_size=131072, topk=2048, sorted_value=False, sorted_index=False, return_value=False, dtype=torch.float32, out_idx_dtype=torch.int32, enable_end_position=False, enable_output_idx_offset=False, input_distrib=NormalFloatDistribution(), idx_oob_fill_value=-2147483647, value_oob_fill_value=-1234123412341234, seed=137, check_correctness=True, num_runs=10)
topk           :   276.531 us, 0.493 TB/s
torch.topk     :  1621.811 us, 0.084 TB/s  (speedup 5.86x)
================
[   139/   147, 94%] Running on TestParam(batch_size=4096, vocab_size=131072, topk=2048, sorted_value=False, sorted_index=False, return_value=False, dtype=torch.float32, out_idx_dtype=torch.int32, enable_end_position=False, enable_output_idx_offset=False, input_distrib=NormalFloatDistribution(), idx_oob_fill_value=-2147483647, value_oob_fill_value=-1234123412341234, seed=138, check_correctness=True, num_runs=10)
topk           :  3413.222 us, 0.639 TB/s
torch.topk     : 20487.322 us, 0.106 TB/s  (speedup 6.00x)
================
[   140/   147, 95%] Running on TestParam(batch_size=4096, vocab_size=131072, topk=2048, sorted_value=False, sorted_index=False, return_value=False, dtype=torch.float32, out_idx_dtype=torch.int32, enable_end_position=False, enable_output_idx_offset=False, input_distrib=NormalFloatDistribution(), idx_oob_fill_value=-2147483647, value_oob_fill_value=-1234123412341234, seed=139, check_correctness=True, num_runs=10)
topk           :  3415.987 us, 0.638 TB/s
torch.topk     : 20482.330 us, 0.106 TB/s  (speedup 6.00x)
================
[   141/   147, 95%] Running on TestParam(batch_size=4096, vocab_size=131072, topk=2048, sorted_value=False, sorted_index=False, return_value=False, dtype=torch.float32, out_idx_dtype=torch.int32, enable_end_position=False, enable_output_idx_offset=False, input_distrib=NormalFloatDistribution(), idx_oob_fill_value=-2147483647, value_oob_fill_value=-1234123412341234, seed=140, check_correctness=True, num_runs=10)
topk           :  3411.584 us, 0.639 TB/s
torch.topk     : 20486.758 us, 0.106 TB/s  (speedup 6.01x)
================
[   142/   147, 96%] Running on TestParam(batch_size=4096, vocab_size=131072, topk=2048, sorted_value=False, sorted_index=False, return_value=False, dtype=torch.float32, out_idx_dtype=torch.int32, enable_end_position=False, enable_output_idx_offset=False, input_distrib=NormalFloatDistribution(), idx_oob_fill_value=-2147483647, value_oob_fill_value=-1234123412341234, seed=141, check_correctness=True, num_runs=10)
topk           :  3416.858 us, 0.638 TB/s
torch.topk     : 20475.315 us, 0.107 TB/s  (speedup 5.99x)
================
[   143/   147, 97%] Running on TestParam(batch_size=1, vocab_size=107520, topk=2048, sorted_value=False, sorted_index=False, return_value=False, dtype=torch.float32, out_idx_dtype=torch.int32, enable_end_position=False, enable_output_idx_offset=False, input_distrib=NormalFloatDistribution(), idx_oob_fill_value=-2147483647, value_oob_fill_value=-1234123412341234, seed=142, check_correctness=True, num_runs=10)
topk           :    74.880 us, 0.006 TB/s
torch.topk     :   263.117 us, 0.002 TB/s  (speedup 3.51x)
================
[   144/   147, 97%] Running on TestParam(batch_size=16, vocab_size=66551, topk=2048, sorted_value=False, sorted_index=False, return_value=False, dtype=torch.float32, out_idx_dtype=torch.int32, enable_end_position=False, enable_output_idx_offset=False, input_distrib=NormalFloatDistribution(), idx_oob_fill_value=-2147483647, value_oob_fill_value=-1234123412341234, seed=143, check_correctness=True, num_runs=10)
topk           :    88.320 us, 0.050 TB/s
torch.topk     :   343.475 us, 0.013 TB/s  (speedup 3.89x)
================
[   145/   147, 98%] Running on TestParam(batch_size=132, vocab_size=107520, topk=2048, sorted_value=False, sorted_index=False, return_value=False, dtype=torch.float32, out_idx_dtype=torch.int32, enable_end_position=False, enable_output_idx_offset=False, input_distrib=NormalFloatDistribution(), idx_oob_fill_value=-2147483647, value_oob_fill_value=-1234123412341234, seed=144, check_correctness=True, num_runs=10)
topk           :   174.285 us, 0.332 TB/s
torch.topk     :   876.186 us, 0.066 TB/s  (speedup 5.03x)
================
[   146/   147, 99%] Running on TestParam(batch_size=256, vocab_size=107520, topk=2048, sorted_value=False, sorted_index=False, return_value=False, dtype=torch.float32, out_idx_dtype=torch.int32, enable_end_position=False, enable_output_idx_offset=False, input_distrib=NormalFloatDistribution(), idx_oob_fill_value=-2147483647, value_oob_fill_value=-1234123412341234, seed=145, check_correctness=True, num_runs=10)
topk           :   233.395 us, 0.481 TB/s
torch.topk     :  1356.928 us, 0.083 TB/s  (speedup 5.81x)
================
[   147/   147, 99%] Running on TestParam(batch_size=4096, vocab_size=107520, topk=2048, sorted_value=False, sorted_index=False, return_value=False, dtype=torch.float32, out_idx_dtype=torch.int32, enable_end_position=False, enable_output_idx_offset=False, input_distrib=NormalFloatDistribution(), idx_oob_fill_value=-2147483647, value_oob_fill_value=-1234123412341234, seed=146, check_correctness=True, num_runs=10)
topk           :  2845.030 us, 0.631 TB/s
torch.topk     : 15706.547 us, 0.114 TB/s  (speedup 5.52x)

================================================================
  pass             147
  check_fail         0
  crash              0
  skip               0
  unsupported        0
[32m[1mAll 147 cases passed![0m
# exit 0
