/root/DeepSelect/tests/test.py:9: UserWarning: Could not find flash_attn package installed. Please try to install flash_attn whl pacakge using pip command and make sure it can be imported properly
  import torch
================
[     1/    30,  0%] Running on TestParam(batch_size=6, vocab_size=129280, topk=512, sorted_value=True, sorted_index=False, return_value=True, dtype=torch.float32, out_idx_dtype=torch.int64, enable_end_position=False, enable_output_idx_offset=False, input_distrib=NormalFloatDistribution(), idx_oob_fill_value=-2147483647, value_oob_fill_value=-1234123412341234, seed=0, check_correctness=True, num_runs=10)
topk           :    70.656 us, 0.044 TB/s
torch.topk     :   262.656 us, 0.012 TB/s  (speedup 3.72x)
================
[     2/    30,  3%] Running on TestParam(batch_size=256, vocab_size=129280, topk=512, sorted_value=True, sorted_index=False, return_value=True, dtype=torch.float32, out_idx_dtype=torch.int64, enable_end_position=False, enable_output_idx_offset=False, input_distrib=NormalFloatDistribution(), idx_oob_fill_value=-2147483647, value_oob_fill_value=-1234123412341234, seed=1, check_correctness=True, num_runs=10)
topk           :   651.520 us, 0.206 TB/s
torch.topk     :  2958.694 us, 0.045 TB/s  (speedup 4.54x)
================
[     3/    30,  7%] Running on TestParam(batch_size=512, vocab_size=129280, topk=512, sorted_value=True, sorted_index=False, return_value=True, dtype=torch.float32, out_idx_dtype=torch.int64, enable_end_position=False, enable_output_idx_offset=False, input_distrib=NormalFloatDistribution(), idx_oob_fill_value=-2147483647, value_oob_fill_value=-1234123412341234, seed=2, check_correctness=True, num_runs=10)
topk           :  1217.178 us, 0.220 TB/s
torch.topk     :  5587.507 us, 0.048 TB/s  (speedup 4.59x)
================
[     4/    30, 10%] Running on TestParam(batch_size=768, vocab_size=129280, topk=512, sorted_value=True, sorted_index=False, return_value=True, dtype=torch.float32, out_idx_dtype=torch.int64, enable_end_position=False, enable_output_idx_offset=False, input_distrib=NormalFloatDistribution(), idx_oob_fill_value=-2147483647, value_oob_fill_value=-1234123412341234, seed=3, check_correctness=True, num_runs=10)
topk           :  1782.630 us, 0.225 TB/s
torch.topk     :  8190.720 us, 0.049 TB/s  (speedup 4.59x)
================
[     5/    30, 13%] Running on TestParam(batch_size=4096, vocab_size=129280, topk=512, sorted_value=True, sorted_index=False, return_value=True, dtype=torch.float32, out_idx_dtype=torch.int64, enable_end_position=False, enable_output_idx_offset=False, input_distrib=NormalFloatDistribution(), idx_oob_fill_value=-2147483647, value_oob_fill_value=-1234123412341234, seed=4, check_correctness=True, num_runs=10)
topk           :  9213.030 us, 0.233 TB/s
torch.topk     : 42532.787 us, 0.050 TB/s  (speedup 4.62x)
================
[     6/    30, 17%] Running on TestParam(batch_size=1, vocab_size=66551, topk=2048, sorted_value=False, sorted_index=False, return_value=False, dtype=torch.float32, out_idx_dtype=torch.int32, enable_end_position=False, enable_output_idx_offset=False, input_distrib=NormalFloatDistribution(), idx_oob_fill_value=-2147483647, value_oob_fill_value=-1234123412341234, seed=5, check_correctness=True, num_runs=10)
topk           :    61.722 us, 0.004 TB/s
torch.topk     :   178.688 us, 0.002 TB/s  (speedup 2.90x)
================
[     7/    30, 20%] Running on TestParam(batch_size=16, vocab_size=66551, topk=2048, sorted_value=False, sorted_index=False, return_value=False, dtype=torch.float32, out_idx_dtype=torch.int32, enable_end_position=False, enable_output_idx_offset=False, input_distrib=NormalFloatDistribution(), idx_oob_fill_value=-2147483647, value_oob_fill_value=-1234123412341234, seed=6, check_correctness=True, num_runs=10)
topk           :    76.365 us, 0.057 TB/s
torch.topk     :   298.854 us, 0.015 TB/s  (speedup 3.91x)
================
[     8/    30, 23%] Running on TestParam(batch_size=132, vocab_size=66551, topk=2048, sorted_value=False, sorted_index=False, return_value=False, dtype=torch.float32, out_idx_dtype=torch.int32, enable_end_position=False, enable_output_idx_offset=False, input_distrib=NormalFloatDistribution(), idx_oob_fill_value=-2147483647, value_oob_fill_value=-1234123412341234, seed=7, check_correctness=True, num_runs=10)
topk           :   266.214 us, 0.136 TB/s
torch.topk     :  1011.866 us, 0.036 TB/s  (speedup 3.80x)
================
[     9/    30, 27%] Running on TestParam(batch_size=512, vocab_size=66551, topk=2048, sorted_value=False, sorted_index=False, return_value=False, dtype=torch.float32, out_idx_dtype=torch.int32, enable_end_position=False, enable_output_idx_offset=False, input_distrib=NormalFloatDistribution(), idx_oob_fill_value=-2147483647, value_oob_fill_value=-1234123412341234, seed=8, check_correctness=True, num_runs=10)
topk           :   838.374 us, 0.168 TB/s
torch.topk     :  2999.066 us, 0.047 TB/s  (speedup 3.58x)
================
[    10/    30, 30%] Running on TestParam(batch_size=1, vocab_size=131072, topk=2048, sorted_value=False, sorted_index=False, return_value=False, dtype=torch.float32, out_idx_dtype=torch.int32, enable_end_position=False, enable_output_idx_offset=False, input_distrib=NormalFloatDistribution(), idx_oob_fill_value=-2147483647, value_oob_fill_value=-1234123412341234, seed=9, check_correctness=True, num_runs=10)
topk           :   164.582 us, 0.003 TB/s
torch.topk     :   186.778 us, 0.003 TB/s  (speedup 1.13x)
================
[    11/    30, 33%] Running on TestParam(batch_size=1, vocab_size=131072, topk=2048, sorted_value=False, sorted_index=False, return_value=False, dtype=torch.float32, out_idx_dtype=torch.int32, enable_end_position=False, enable_output_idx_offset=False, input_distrib=NormalFloatDistribution(), idx_oob_fill_value=-2147483647, value_oob_fill_value=-1234123412341234, seed=10, check_correctness=True, num_runs=10)
topk           :   162.637 us, 0.003 TB/s
torch.topk     :   187.648 us, 0.003 TB/s  (speedup 1.15x)
================
[    12/    30, 37%] Running on TestParam(batch_size=1, vocab_size=131072, topk=2048, sorted_value=False, sorted_index=False, return_value=False, dtype=torch.float32, out_idx_dtype=torch.int32, enable_end_position=False, enable_output_idx_offset=False, input_distrib=NormalFloatDistribution(), idx_oob_fill_value=-2147483647, value_oob_fill_value=-1234123412341234, seed=11, check_correctness=True, num_runs=10)
topk           :   198.093 us, 0.003 TB/s
torch.topk     :   187.366 us, 0.003 TB/s  (speedup 0.95x)
================
[    13/    30, 40%] Running on TestParam(batch_size=1, vocab_size=131072, topk=2048, sorted_value=False, sorted_index=False, return_value=False, dtype=torch.float32, out_idx_dtype=torch.int32, enable_end_position=False, enable_output_idx_offset=False, input_distrib=NormalFloatDistribution(), idx_oob_fill_value=-2147483647, value_oob_fill_value=-1234123412341234, seed=12, check_correctness=True, num_runs=10)
topk           :   163.200 us, 0.003 TB/s
torch.topk     :   185.882 us, 0.003 TB/s  (speedup 1.14x)
================
[    14/    30, 43%] Running on TestParam(batch_size=132, vocab_size=131072, topk=2048, sorted_value=False, sorted_index=False, return_value=False, dtype=torch.float32, out_idx_dtype=torch.int32, enable_end_position=False, enable_output_idx_offset=False, input_distrib=NormalFloatDistribution(), idx_oob_fill_value=-2147483647, value_oob_fill_value=-1234123412341234, seed=13, check_correctness=True, num_runs=10)
topk           :   420.506 us, 0.167 TB/s
torch.topk     :  1666.074 us, 0.042 TB/s  (speedup 3.96x)
================
[    15/    30, 47%] Running on TestParam(batch_size=132, vocab_size=131072, topk=2048, sorted_value=False, sorted_index=False, return_value=False, dtype=torch.float32, out_idx_dtype=torch.int32, enable_end_position=False, enable_output_idx_offset=False, input_distrib=NormalFloatDistribution(), idx_oob_fill_value=-2147483647, value_oob_fill_value=-1234123412341234, seed=14, check_correctness=True, num_runs=10)
topk           :   418.150 us, 0.168 TB/s
torch.topk     :  1657.754 us, 0.042 TB/s  (speedup 3.96x)
================
[    16/    30, 50%] Running on TestParam(batch_size=132, vocab_size=131072, topk=2048, sorted_value=False, sorted_index=False, return_value=False, dtype=torch.float32, out_idx_dtype=torch.int32, enable_end_position=False, enable_output_idx_offset=False, input_distrib=NormalFloatDistribution(), idx_oob_fill_value=-2147483647, value_oob_fill_value=-1234123412341234, seed=15, check_correctness=True, num_runs=10)
topk           :   419.635 us, 0.167 TB/s
torch.topk     :  1661.235 us, 0.042 TB/s  (speedup 3.96x)
================
[    17/    30, 53%] Running on TestParam(batch_size=132, vocab_size=131072, topk=2048, sorted_value=False, sorted_index=False, return_value=False, dtype=torch.float32, out_idx_dtype=torch.int32, enable_end_position=False, enable_output_idx_offset=False, input_distrib=NormalFloatDistribution(), idx_oob_fill_value=-2147483647, value_oob_fill_value=-1234123412341234, seed=16, check_correctness=True, num_runs=10)
topk           :   422.630 us, 0.166 TB/s
torch.topk     :  1682.534 us, 0.042 TB/s  (speedup 3.98x)
================
[    18/    30, 57%] Running on TestParam(batch_size=256, vocab_size=131072, topk=2048, sorted_value=False, sorted_index=False, return_value=False, dtype=torch.float32, out_idx_dtype=torch.int32, enable_end_position=False, enable_output_idx_offset=False, input_distrib=NormalFloatDistribution(), idx_oob_fill_value=-2147483647, value_oob_fill_value=-1234123412341234, seed=17, check_correctness=True, num_runs=10)
topk           :   725.299 us, 0.188 TB/s
torch.topk     :  2973.466 us, 0.046 TB/s  (speedup 4.10x)
================
[    19/    30, 60%] Running on TestParam(batch_size=256, vocab_size=131072, topk=2048, sorted_value=False, sorted_index=False, return_value=False, dtype=torch.float32, out_idx_dtype=torch.int32, enable_end_position=False, enable_output_idx_offset=False, input_distrib=NormalFloatDistribution(), idx_oob_fill_value=-2147483647, value_oob_fill_value=-1234123412341234, seed=18, check_correctness=True, num_runs=10)
topk           :   727.501 us, 0.187 TB/s
torch.topk     :  2981.709 us, 0.046 TB/s  (speedup 4.10x)
================
[    20/    30, 63%] Running on TestParam(batch_size=256, vocab_size=131072, topk=2048, sorted_value=False, sorted_index=False, return_value=False, dtype=torch.float32, out_idx_dtype=torch.int32, enable_end_position=False, enable_output_idx_offset=False, input_distrib=NormalFloatDistribution(), idx_oob_fill_value=-2147483647, value_oob_fill_value=-1234123412341234, seed=19, check_correctness=True, num_runs=10)
topk           :   727.142 us, 0.187 TB/s
torch.topk     :  2976.794 us, 0.046 TB/s  (speedup 4.09x)
================
[    21/    30, 67%] Running on TestParam(batch_size=256, vocab_size=131072, topk=2048, sorted_value=False, sorted_index=False, return_value=False, dtype=torch.float32, out_idx_dtype=torch.int32, enable_end_position=False, enable_output_idx_offset=False, input_distrib=NormalFloatDistribution(), idx_oob_fill_value=-2147483647, value_oob_fill_value=-1234123412341234, seed=20, check_correctness=True, num_runs=10)
topk           :   724.454 us, 0.188 TB/s
torch.topk     :  2999.936 us, 0.045 TB/s  (speedup 4.14x)
================
[    22/    30, 70%] Running on TestParam(batch_size=4096, vocab_size=131072, topk=2048, sorted_value=False, sorted_index=False, return_value=False, dtype=torch.float32, out_idx_dtype=torch.int32, enable_end_position=False, enable_output_idx_offset=False, input_distrib=NormalFloatDistribution(), idx_oob_fill_value=-2147483647, value_oob_fill_value=-1234123412341234, seed=21, check_correctness=True, num_runs=10)
topk           : 10160.154 us, 0.215 TB/s
torch.topk     : 43421.594 us, 0.050 TB/s  (speedup 4.27x)
================
[    23/    30, 73%] Running on TestParam(batch_size=4096, vocab_size=131072, topk=2048, sorted_value=False, sorted_index=False, return_value=False, dtype=torch.float32, out_idx_dtype=torch.int32, enable_end_position=False, enable_output_idx_offset=False, input_distrib=NormalFloatDistribution(), idx_oob_fill_value=-2147483647, value_oob_fill_value=-1234123412341234, seed=22, check_correctness=True, num_runs=10)
topk           : 10144.922 us, 0.215 TB/s
torch.topk     : 43296.666 us, 0.050 TB/s  (speedup 4.27x)
================
[    24/    30, 77%] Running on TestParam(batch_size=4096, vocab_size=131072, topk=2048, sorted_value=False, sorted_index=False, return_value=False, dtype=torch.float32, out_idx_dtype=torch.int32, enable_end_position=False, enable_output_idx_offset=False, input_distrib=NormalFloatDistribution(), idx_oob_fill_value=-2147483647, value_oob_fill_value=-1234123412341234, seed=23, check_correctness=True, num_runs=10)
topk           : 10135.654 us, 0.215 TB/s
torch.topk     : 43415.987 us, 0.050 TB/s  (speedup 4.28x)
================
[    25/    30, 80%] Running on TestParam(batch_size=4096, vocab_size=131072, topk=2048, sorted_value=False, sorted_index=False, return_value=False, dtype=torch.float32, out_idx_dtype=torch.int32, enable_end_position=False, enable_output_idx_offset=False, input_distrib=NormalFloatDistribution(), idx_oob_fill_value=-2147483647, value_oob_fill_value=-1234123412341234, seed=24, check_correctness=True, num_runs=10)
topk           : 10122.701 us, 0.215 TB/s
torch.topk     : 43405.312 us, 0.050 TB/s  (speedup 4.29x)
================
[    26/    30, 83%] Running on TestParam(batch_size=1, vocab_size=107520, topk=2048, sorted_value=False, sorted_index=False, return_value=False, dtype=torch.float32, out_idx_dtype=torch.int32, enable_end_position=False, enable_output_idx_offset=False, input_distrib=NormalFloatDistribution(), idx_oob_fill_value=-2147483647, value_oob_fill_value=-1234123412341234, seed=25, check_correctness=True, num_runs=10)
topk           :   165.018 us, 0.003 TB/s
torch.topk     :   185.728 us, 0.002 TB/s  (speedup 1.13x)
================
[    27/    30, 87%] Running on TestParam(batch_size=16, vocab_size=66551, topk=2048, sorted_value=False, sorted_index=False, return_value=False, dtype=torch.float32, out_idx_dtype=torch.int32, enable_end_position=False, enable_output_idx_offset=False, input_distrib=NormalFloatDistribution(), idx_oob_fill_value=-2147483647, value_oob_fill_value=-1234123412341234, seed=26, check_correctness=True, num_runs=10)
topk           :    76.698 us, 0.057 TB/s
torch.topk     :   295.526 us, 0.015 TB/s  (speedup 3.85x)
================
[    28/    30, 90%] Running on TestParam(batch_size=132, vocab_size=107520, topk=2048, sorted_value=False, sorted_index=False, return_value=False, dtype=torch.float32, out_idx_dtype=torch.int32, enable_end_position=False, enable_output_idx_offset=False, input_distrib=NormalFloatDistribution(), idx_oob_fill_value=-2147483647, value_oob_fill_value=-1234123412341234, seed=27, check_correctness=True, num_runs=10)
topk           :   364.979 us, 0.159 TB/s
torch.topk     :  1408.154 us, 0.041 TB/s  (speedup 3.86x)
================
[    29/    30, 93%] Running on TestParam(batch_size=256, vocab_size=107520, topk=2048, sorted_value=False, sorted_index=False, return_value=False, dtype=torch.float32, out_idx_dtype=torch.int32, enable_end_position=False, enable_output_idx_offset=False, input_distrib=NormalFloatDistribution(), idx_oob_fill_value=-2147483647, value_oob_fill_value=-1234123412341234, seed=28, check_correctness=True, num_runs=10)
topk           :   632.474 us, 0.177 TB/s
torch.topk     :  2434.586 us, 0.046 TB/s  (speedup 3.85x)
================
[    30/    30, 97%] Running on TestParam(batch_size=4096, vocab_size=107520, topk=2048, sorted_value=False, sorted_index=False, return_value=False, dtype=torch.float32, out_idx_dtype=torch.int32, enable_end_position=False, enable_output_idx_offset=False, input_distrib=NormalFloatDistribution(), idx_oob_fill_value=-2147483647, value_oob_fill_value=-1234123412341234, seed=29, check_correctness=True, num_runs=10)
topk           :  8751.411 us, 0.205 TB/s
torch.topk     : 34536.243 us, 0.052 TB/s  (speedup 3.95x)
[32m[1mAll 30 cases passed![0m
# exit 0
